### 分母预建  2026-09-04 04:43:36
情景 B900_C3_G0_V3E2D0Y1-52-53-55-5T15_R4  参考策略 45 次
年度预算 900（结转上限 3×）  配额 3  容积率年增 0%
有效期 3+2 年  冷却 0 年（无条文依据）  建设年限 {1: 5, 2: 5, 3: 5, 5: 5}
规划期 T=15

各参考策略的折扣回报（种子均值）：
          Gdp     Eco     Res     Emp     Aec    E2r     Cpt      Floor    Cost  Disrupt  Expire
big      -5.7  -511.5   582.3  -123.3 -2120.3  282.6 -1332.4  1855170.4 -1997.2    -48.0    -2.3
small     0.0     0.0     0.0     0.0     0.0    0.0     0.0   594240.0  -381.1 -17760.5    -5.8
rand    292.2  -253.4   -82.0   137.6  -844.1    4.6  -609.3  1885444.8 -1707.9 -24788.0    -4.9
none      0.0     0.0     0.0     0.0     0.0    0.0     0.0        0.0     0.0      0.0     0.0
eco    -205.4  1763.1     0.0  -250.5  1764.2  248.3 -2298.2  1798307.3 -2039.0  -1584.1    -3.0
gdp    2483.5     0.0 -1535.9  1251.5  1189.9  437.9  -476.5  1864759.1 -2163.6 -23357.7    -3.1
res       0.0     0.0  1236.8     0.0   -82.2 -267.3  -362.1  1535678.6 -2061.3 -13922.8    -3.9
emp    2693.1     0.0 -1826.5  1359.8  1117.7  644.0  -515.2  2026117.8 -2324.6 -27157.3    -2.7
cpt     204.3   888.9    25.1  -115.4   674.6 -151.0   780.2  1485070.2 -1825.1 -25578.6    -5.0

分母（每目标取跨策略的绝对值上界）：
Gdp           2693.06
Eco           1763.07
Res           1826.47
Emp           1359.81
Aec           2120.33
E2r            643.99
Cpt           2298.24
Floor      2026117.75
Cost          2324.55
Disrupt      27157.30
Expire           5.76

已写出 data/processed/gm_dataset_v1/scale_v2/ref_B900_C3_G0_V3E2D0Y1-52-53-55-5T15_R4.csv

### 主扫描  2026-09-04 04:43:57
35 个运行 × 400 迭代 × 8 回合  并行 35
年度预算 900（结转上限 3×）  配额 3  容积率年增 0%
有效期 3+2 年  冷却 0 年（无条文依据）  建设年限 {1: 5, 2: 5, 3: 5, 5: 5}
规划期 T=15
分母 data/processed/gm_dataset_v1/scale_v2/ref_B900_C3_G0_V3E2D0Y1-52-53-55-5T15_R4.csv
[1/35] a=1.0 s=4 1855s 立项=26.8 Floor=2.02e+06
[2/35] a=0.0 s=1 1907s 立项=39.0 Floor=2.17e+06
[3/35] a=0.5 s=2 1948s 立项=26.0 Floor=2.35e+06
[4/35] a=0.0 s=4 2104s 立项=24.6 Floor=2.08e+06
[5/35] a=0.0 s=3 2107s 立项=21.0 Floor=1.82e+06
[6/35] a=0.5 s=1 2157s 立项=28.2 Floor=2.11e+06
[7/35] a=0.85 s=2 2163s 立项=45.0 Floor=8.98e+05
[8/35] a=0.85 s=3 2166s 立项=26.0 Floor=1.89e+06
[9/35] a=0.3 s=3 2171s 立项=24.2 Floor=1.99e+06
[10/35] a=0.0 s=0 2177s 立项=28.6 Floor=2.09e+06
[11/35] a=0.15 s=0 2177s 立项=15.0 Floor=2e+06
[12/35] a=0.3 s=0 2183s 立项=0.0 Floor=0
[13/35] a=0.3 s=4 2184s 立项=16.0 Floor=3.83e+05
[14/35] a=0.3 s=1 2191s 立项=15.0 Floor=2.01e+06
[15/35] a=0.15 s=4 2197s 立项=15.2 Floor=1.61e+06
[16/35] a=1.0 s=1 2197s 立项=20.2 Floor=1.72e+06
[17/35] a=0.15 s=1 2201s 立项=33.6 Floor=1.96e+06
[18/35] a=0.85 s=1 2211s 立项=23.0 Floor=1.82e+06
[19/35] a=0.5 s=0 2213s 立项=16.0 Floor=1.6e+06
[20/35] a=0.7 s=2 2217s 立项=25.0 Floor=1.73e+06
[21/35] a=0.0 s=2 2231s 立项=13.0 Floor=1.74e+06
[22/35] a=0.7 s=0 2233s 立项=15.0 Floor=1.6e+06
[23/35] a=0.3 s=2 2237s 立项=19.2 Floor=1.83e+06
[24/35] a=0.7 s=3 2237s 立项=27.4 Floor=2.47e+06
[25/35] a=0.5 s=4 2241s 立项=44.6 Floor=1.39e+06
[26/35] a=0.15 s=3 2243s 立项=15.0 Floor=1.83e+06
[27/35] a=0.15 s=2 2245s 立项=34.8 Floor=2.01e+06
[28/35] a=1.0 s=2 2247s 立项=39.0 Floor=2.08e+06
[29/35] a=0.85 s=4 2252s 立项=21.6 Floor=1.63e+06
[30/35] a=1.0 s=3 2257s 立项=45.0 Floor=1.12e+06
[31/35] a=0.85 s=0 2270s 立项=21.6 Floor=1.85e+06
[32/35] a=1.0 s=0 2270s 立项=23.0 Floor=1.9e+06
[33/35] a=0.7 s=4 2278s 立项=16.6 Floor=1.49e+06
[34/35] a=0.7 s=1 2282s 立项=27.2 Floor=2.18e+06
[35/35] a=0.5 s=3 2285s 立项=21.0 Floor=2.1e+06
已写出 data/processed/gm_dataset_v1/exp_v4/cool0
