### 分母预建  2026-09-04 05:22:19
情景 B900_C3_G0_V2E1D2Y1-52-53-55-5T15_R4  参考策略 45 次
年度预算 900（结转上限 3×）  配额 3  容积率年增 0%
有效期 2+1 年  冷却 2 年（无条文依据）  建设年限 {1: 5, 2: 5, 3: 5, 5: 5}
规划期 T=15

各参考策略的折扣回报（种子均值）：
          Gdp     Eco     Res     Emp     Aec     E2r     Cpt      Floor    Cost  Disrupt  Expire
big     -46.6  -502.3   526.1  -119.6 -2185.4   290.9 -1071.7  1826981.6 -1880.5    -49.3    -4.0
small     0.0     0.0     0.0     0.0     0.0     0.0     0.0   421956.0  -270.1 -12908.5   -12.0
rand     31.4  -154.6   110.5   -10.2  -655.5    49.9  -426.3  1579183.8 -1342.7 -16816.5   -11.2
none      0.0     0.0     0.0     0.0     0.0     0.0     0.0        0.0     0.0      0.0     0.0
eco    -153.7  1323.8     0.0  -191.6  1320.8   189.2 -1748.1  1395205.6 -1573.3   -200.7    -6.0
gdp    2097.6     0.0 -1457.2  1055.9   701.4   970.0  -343.2  1573319.8 -1798.6 -22673.6    -5.6
res       0.0     0.0  1009.7     0.0   -86.7  -313.6  -264.1  1253725.0 -1682.9 -11092.9    -7.8
emp    2118.0     0.0 -1689.4  1067.1   714.2  1130.8  -306.1  1589934.0 -1781.4 -21831.6    -5.3
cpt     341.1   870.2    37.9   -29.8   724.5  -103.4   679.2  1225688.0 -1542.2 -18955.0   -10.1

分母（每目标取跨策略的绝对值上界）：
Gdp           2117.98
Eco           1323.84
Res           1689.35
Emp           1067.07
Aec           2185.41
E2r           1130.81
Cpt           1748.06
Floor      1826981.61
Cost          1880.49
Disrupt      22673.60
Expire          12.00

已写出 data/processed/gm_dataset_v1/scale_v2/ref_B900_C3_G0_V2E1D2Y1-52-53-55-5T15_R4.csv

### 主扫描  2026-09-04 05:22:40
35 个运行 × 400 迭代 × 8 回合  并行 35
年度预算 900（结转上限 3×）  配额 3  容积率年增 0%
有效期 2+1 年  冷却 2 年（无条文依据）  建设年限 {1: 5, 2: 5, 3: 5, 5: 5}
规划期 T=15
分母 data/processed/gm_dataset_v1/scale_v2/ref_B900_C3_G0_V2E1D2Y1-52-53-55-5T15_R4.csv
[1/35] a=0.85 s=4 2246s 立项=19.2 Floor=1.39e+06
[2/35] a=0.3 s=3 2271s 立项=17.6 Floor=1.22e+06
[3/35] a=1.0 s=0 2276s 立项=45.0 Floor=8.47e+05
[4/35] a=0.15 s=1 2285s 立项=22.2 Floor=1.2e+06
[5/35] a=0.3 s=1 2301s 立项=21.2 Floor=1.49e+06
[6/35] a=0.3 s=4 2301s 立项=22.2 Floor=1.6e+06
[7/35] a=0.0 s=3 2307s 立项=31.6 Floor=1.74e+06
[8/35] a=0.7 s=1 2316s 立项=25.4 Floor=1.56e+06
[9/35] a=0.85 s=3 2317s 立项=15.8 Floor=1.46e+06
[10/35] a=0.5 s=1 2320s 立项=15.0 Floor=1.32e+06
[11/35] a=0.7 s=2 2321s 立项=35.0 Floor=1.44e+06
[12/35] a=0.5 s=4 2323s 立项=19.6 Floor=1.45e+06
[13/35] a=0.0 s=2 2327s 立项=16.6 Floor=1.49e+06
[14/35] a=0.3 s=0 2329s 立项=21.0 Floor=1.36e+06
[15/35] a=0.85 s=2 2354s 立项=19.6 Floor=1.51e+06
[16/35] a=0.5 s=0 2356s 立项=15.0 Floor=1.29e+06
[17/35] a=1.0 s=1 2360s 立项=29.0 Floor=1.03e+06
[18/35] a=0.7 s=3 2362s 立项=18.8 Floor=1.19e+06
[19/35] a=0.3 s=2 2363s 立项=21.4 Floor=1.35e+06
[20/35] a=0.15 s=3 2364s 立项=42.0 Floor=1.76e+06
[21/35] a=0.0 s=4 2365s 立项=21.0 Floor=1.6e+06
[22/35] a=0.0 s=1 2376s 立项=21.6 Floor=1.6e+06
[23/35] a=1.0 s=3 2386s 立项=18.4 Floor=1.21e+06
[24/35] a=0.5 s=3 2390s 立项=34.0 Floor=1.76e+06
[25/35] a=0.7 s=0 2401s 立项=27.6 Floor=1.64e+06
[26/35] a=0.85 s=0 2406s 立项=43.2 Floor=1.49e+06
[27/35] a=0.15 s=2 2408s 立项=17.0 Floor=1.36e+06
[28/35] a=1.0 s=4 2411s 立项=39.6 Floor=1.94e+06
[29/35] a=0.0 s=0 2435s 立项=35.2 Floor=1.44e+06
[30/35] a=0.5 s=2 2446s 立项=22.8 Floor=1.52e+06
[31/35] a=0.15 s=0 2454s 立项=25.4 Floor=1.63e+06
[32/35] a=0.85 s=1 2477s 立项=20.2 Floor=1.39e+06
[33/35] a=1.0 s=2 2517s 立项=23.8 Floor=1.75e+06
[34/35] a=0.15 s=4 2529s 立项=24.2 Floor=1.36e+06
[35/35] a=0.7 s=4 2535s 立项=26.0 Floor=1.32e+06
已写出 data/processed/gm_dataset_v1/exp_v4/statutory
