### 分母预建  2026-09-04 06:51:10
情景 B900_C3_G0_V3E2D3Y1-52-53-55-5T15_R4  参考策略 45 次
年度预算 900（结转上限 3×）  配额 3  容积率年增 0%
有效期 3+2 年  冷却 3 年（无条文依据）  建设年限 {1: 5, 2: 5, 3: 5, 5: 5}
规划期 T=15

各参考策略的折扣回报（种子均值）：
          Gdp     Eco     Res     Emp     Aec    E2r     Cpt      Floor    Cost  Disrupt  Expire
big      -5.7  -511.5   582.3  -123.3 -2120.3  282.6 -1332.4  1855170.4 -1997.2    -64.9    -2.2
small     0.0     0.0     0.0     0.0     0.0    0.0     0.0   586076.3  -376.2 -16993.7    -5.9
rand    246.0  -226.5   -31.3    95.6 -1180.3   63.2  -602.0  1905868.6 -1744.0 -24386.8    -4.9
none      0.0     0.0     0.0     0.0     0.0    0.0     0.0        0.0     0.0      0.0     0.0
eco    -205.4  1763.1     0.0  -250.5  1764.2  248.3 -2298.2  1798307.3 -2039.0  -1677.2    -2.9
gdp    2483.5     0.0 -1535.9  1251.5  1189.9  437.9  -476.5  1864759.1 -2163.6 -23662.7    -2.9
res       0.0     0.0  1201.7     0.0   -75.3 -266.8  -354.8  1492080.5 -2002.8 -13254.2    -4.1
emp    2683.4     0.0 -1822.6  1354.9  1115.4  652.8  -511.2  2018851.4 -2315.8 -27525.3    -3.0
cpt     233.5   888.9   -21.7  -100.8   677.4  -88.9   782.7  1528668.4 -1871.9 -29016.1    -5.2

分母（每目标取跨策略的绝对值上界）：
Gdp           2683.39
Eco           1763.07
Res           1822.57
Emp           1354.93
Aec           2120.33
E2r            652.77
Cpt           2298.24
Floor      2018851.39
Cost          2315.78
Disrupt      29016.08
Expire           5.90

已写出 data/processed/gm_dataset_v1/scale_v2/ref_B900_C3_G0_V3E2D3Y1-52-53-55-5T15_R4.csv

### 主扫描  2026-09-04 06:51:30
35 个运行 × 400 迭代 × 8 回合  并行 35
年度预算 900（结转上限 3×）  配额 3  容积率年增 0%
有效期 3+2 年  冷却 3 年（无条文依据）  建设年限 {1: 5, 2: 5, 3: 5, 5: 5}
规划期 T=15
分母 data/processed/gm_dataset_v1/scale_v2/ref_B900_C3_G0_V3E2D3Y1-52-53-55-5T15_R4.csv
[1/35] a=0.85 s=2 1969s 立项=45.0 Floor=9.45e+05
[2/35] a=0.3 s=2 2163s 立项=19.8 Floor=1.53e+06
[3/35] a=0.85 s=0 2180s 立项=23.4 Floor=1.78e+06
[4/35] a=0.15 s=2 2196s 立项=24.4 Floor=2.05e+06
[5/35] a=0.7 s=2 2243s 立项=23.8 Floor=1.92e+06
[6/35] a=1.0 s=0 2247s 立项=30.6 Floor=2.02e+06
[7/35] a=1.0 s=4 2258s 立项=45.0 Floor=9.62e+05
[8/35] a=1.0 s=2 2259s 立项=18.4 Floor=1.64e+06
[9/35] a=0.0 s=0 2260s 立项=21.0 Floor=1.84e+06
[10/35] a=0.5 s=4 2263s 立项=15.0 Floor=1.54e+06
[11/35] a=0.0 s=2 2272s 立项=27.8 Floor=2.2e+06
[12/35] a=0.0 s=4 2272s 立项=19.0 Floor=2.11e+06
[13/35] a=0.7 s=4 2273s 立项=15.0 Floor=1.93e+06
[14/35] a=0.5 s=2 2282s 立项=43.4 Floor=1.98e+06
[15/35] a=0.3 s=1 2285s 立项=39.0 Floor=2.04e+06
[16/35] a=0.0 s=1 2288s 立项=20.0 Floor=1.89e+06
[17/35] a=0.0 s=3 2294s 立项=36.2 Floor=2.06e+06
[18/35] a=0.85 s=1 2300s 立项=24.0 Floor=1.93e+06
[19/35] a=0.85 s=3 2303s 立项=40.0 Floor=2.38e+06
[20/35] a=0.7 s=3 2316s 立项=22.4 Floor=1.47e+06
[21/35] a=0.7 s=0 2319s 立项=18.0 Floor=1.64e+06
[22/35] a=0.5 s=1 2319s 立项=16.0 Floor=1.78e+06
[23/35] a=0.5 s=0 2325s 立项=41.6 Floor=1.97e+06
[24/35] a=0.3 s=4 2328s 立项=20.0 Floor=1.83e+06
[25/35] a=1.0 s=3 2345s 立项=22.2 Floor=1.73e+06
[26/35] a=0.85 s=4 2358s 立项=29.0 Floor=1.81e+06
[27/35] a=0.15 s=4 2364s 立项=13.0 Floor=8.61e+05
[28/35] a=0.3 s=0 2364s 立项=15.0 Floor=1.75e+06
[29/35] a=0.3 s=3 2365s 立项=24.2 Floor=1.84e+06
[30/35] a=1.0 s=1 2372s 立项=32.0 Floor=1.96e+06
[31/35] a=0.15 s=3 2373s 立项=25.0 Floor=1.85e+06
[32/35] a=0.15 s=1 2384s 立项=33.0 Floor=1.89e+06
[33/35] a=0.15 s=0 2410s 立项=19.2 Floor=1.9e+06
[34/35] a=0.7 s=1 2410s 立项=37.6 Floor=1.84e+06
[35/35] a=0.5 s=3 2434s 立项=23.6 Floor=2.09e+06
已写出 data/processed/gm_dataset_v1/exp_v4/cool3
