### 主扫描  2026-09-15 23:18:44
35 个运行 × 400 迭代 × 8 回合  并行 35
年度预算 2700（结转上限 3×）  配额 2  容积率年增 0%
有效期 3+2 年  失效后 本规划期内不再申请（吸收态）（无条文依据，依 2026-09 规划局实务答复）  建设年限 {1: 5, 2: 5, 3: 5, 5: 5}  折现率 0.95
批准率 (0.174, 0.212, 0.239, 0.277, 0.179)  资金口径 upfront（立项当年全额；Cost 按完工年计入）
分母缓存键 V3E2DAY1-52-53-55-5T15X26Q2
决策期 T=15  评价期 T_eval=26（立项与记分分离）
分母 data/processed/gm_dataset_v1/scale_v2/fixed_B2700_C3_GSET0-0.1_V3E2DAY1-52-53-55-5T15X26Q2_R9FX1.json（情景集合包络 G∈(0.0, 0.1)）
[1/35] a=0.7 s=1 2563s 立项=30.0 Floor=1.14e+07
[2/35] a=0.85 s=4 2567s 立项=30.0 Floor=1.18e+07
[3/35] a=0.7 s=3 2577s 立项=30.0 Floor=1.17e+07
[4/35] a=0.85 s=2 2585s 立项=30.0 Floor=1.13e+07
[5/35] a=0.5 s=1 2604s 立项=30.0 Floor=9.6e+06
[6/35] a=0.0 s=2 2613s 立项=30.0 Floor=1.09e+07
[7/35] a=0.5 s=2 2650s 立项=30.0 Floor=9.3e+06
[8/35] a=0.7 s=0 2652s 立项=30.0 Floor=1.11e+07
[9/35] a=0.3 s=4 2652s 立项=29.0 Floor=1.09e+07
[10/35] a=0.5 s=0 2682s 立项=30.0 Floor=9.97e+06
[11/35] a=0.7 s=2 2695s 立项=30.0 Floor=1.12e+07
[12/35] a=0.0 s=0 2724s 立项=28.0 Floor=1.13e+07
[13/35] a=0.15 s=4 2747s 立项=30.0 Floor=1.11e+07
[14/35] a=0.15 s=2 2753s 立项=30.0 Floor=1.07e+07
[15/35] a=0.3 s=1 2764s 立项=30.0 Floor=1.17e+07
[16/35] a=1.0 s=3 2776s 立项=30.0 Floor=1.19e+07
[17/35] a=0.3 s=3 2784s 立项=30.0 Floor=1.16e+07
[18/35] a=1.0 s=2 2794s 立项=30.0 Floor=1.13e+07
[19/35] a=1.0 s=4 2794s 立项=30.0 Floor=1.18e+07
[20/35] a=0.0 s=3 2798s 立项=30.0 Floor=1.13e+07
[21/35] a=0.85 s=0 2803s 立项=30.0 Floor=1.15e+07
[22/35] a=0.15 s=3 2807s 立项=30.0 Floor=1.13e+07
[23/35] a=0.5 s=4 2813s 立项=30.0 Floor=9.51e+06
[24/35] a=0.3 s=0 2824s 立项=30.0 Floor=1.17e+07
[25/35] a=0.0 s=1 2827s 立项=30.0 Floor=1.21e+07
[26/35] a=0.5 s=3 2834s 立项=30.0 Floor=9.92e+06
[27/35] a=0.85 s=3 2835s 立项=30.0 Floor=1.23e+07
[28/35] a=0.3 s=2 2836s 立项=30.0 Floor=1.09e+07
[29/35] a=0.85 s=1 2840s 立项=30.0 Floor=1.14e+07
[30/35] a=0.15 s=1 2859s 立项=30.0 Floor=1.18e+07
[31/35] a=0.7 s=4 2869s 立项=30.0 Floor=1.1e+07
[32/35] a=1.0 s=0 2870s 立项=30.0 Floor=1.18e+07
[33/35] a=0.0 s=4 2874s 立项=30.0 Floor=1.15e+07
[34/35] a=0.15 s=0 2879s 立项=30.0 Floor=1.13e+07
[35/35] a=1.0 s=1 2902s 立项=30.0 Floor=1.12e+07
已写出 data/processed/gm_dataset_v1/exp_v16/quota2
### 规则基线  2026-09-16 00:08:27
年度预算 2700（结转上限 3×）  配额 2  容积率年增 0%
有效期 3+2 年  失效后 本规划期内不再申请（吸收态）（无条文依据，依 2026-09 规划局实务答复）  建设年限 {1: 5, 2: 5, 3: 5, 5: 5}  折现率 0.95
批准率 (0.174, 0.212, 0.239, 0.277, 0.179)  资金口径 upfront（立项当年全额；Cost 按完工年计入）
分母缓存键 V3E2DAY1-52-53-55-5T15X26Q2
决策期 T=15  评价期 T_eval=26  配额 2  排序键 alpha=0.5

myopic      立项  30.0  期内完工   7.6  全期完工  19.2  失效  10.8  用款   22580  期内交付率 25.3%
greedy_crh  立项  10.0  期内完工   6.4  全期完工   6.6  失效   3.4  用款    6000  期内交付率 64.0%
frontload   立项  10.0  期内完工   6.4  全期完工   6.6  失效   3.4  用款    6000  期内交付率 64.0%
evenspread  立项  10.0  期内完工   3.2  全期完工   6.4  失效   3.6  用款    6000  期内交付率 32.0%
backload    立项  10.0  期内完工   0.0  全期完工   6.6  失效   3.4  用款    6000  期内交付率  0.0%
oracle      立项  16.0  期内完工  16.0  全期完工  16.0  失效   0.0  用款    9370  期内交付率 100.0%

自查（一律以**期内完工** n_done_T 判定）：
  通过  (a) oracle 期内完工 >= 其余所有策略：oracle=16.0，其余最大=7.6（myopic）
  不成立  (b) greedy_crh 期内完工 >= myopic：greedy_crh=6.4，myopic=7.6
  通过  (c) backload 期内完工 <= frontload：frontload=6.4，backload=0.0
  通过  myopic 相对 oracle 的期内完工缺口：8.4 个（myopic 7.6 vs oracle 16.0，相当于 oracle 的 52%）

已写出 data/processed/gm_dataset_v1/exp_v16/quota2/baseline/baselines.csv
