### 主扫描  2026-09-16 03:08:23
35 个运行 × 400 迭代 × 8 回合  并行 35
年度预算 2700（结转上限 1×）  配额 3  容积率年增 0%
有效期 3+2 年  失效后 本规划期内不再申请（吸收态）（无条文依据，依 2026-09 规划局实务答复）  建设年限 {1: 5, 2: 5, 3: 5, 5: 5}  折现率 0.95
批准率 (0.174, 0.212, 0.239, 0.277, 0.179)  资金口径 upfront（立项当年全额；Cost 按完工年计入）
分母缓存键 V3E2DAY1-52-53-55-5T15X26
决策期 T=15  评价期 T_eval=26（立项与记分分离）
分母 data/processed/gm_dataset_v1/scale_v2/fixed_B2700_C1_GSET0-0.1_V3E2DAY1-52-53-55-5T15X26_R9FX1.json（情景集合包络 G∈(0.0, 0.1)）
[1/35] a=0.85 s=1 3260s 立项=37.0 Floor=1.18e+07
[2/35] a=0.7 s=2 3273s 立项=39.0 Floor=1.19e+07
[3/35] a=0.85 s=3 3344s 立项=40.0 Floor=1.24e+07
[4/35] a=0.85 s=4 3348s 立项=38.0 Floor=1.12e+07
[5/35] a=0.0 s=2 3378s 立项=39.0 Floor=1.13e+07
[6/35] a=1.0 s=0 3384s 立项=41.0 Floor=1.14e+07
[7/35] a=0.15 s=1 3385s 立项=45.0 Floor=1.11e+07
[8/35] a=0.3 s=3 3390s 立项=45.0 Floor=1.08e+07
[9/35] a=0.15 s=3 3413s 立项=41.0 Floor=1.11e+07
[10/35] a=0.0 s=3 3413s 立项=45.0 Floor=1.2e+07
[11/35] a=0.0 s=4 3418s 立项=44.0 Floor=1.04e+07
[12/35] a=0.3 s=1 3420s 立项=40.0 Floor=1.1e+07
[13/35] a=0.5 s=3 3431s 立项=37.0 Floor=1.01e+07
[14/35] a=0.3 s=4 3436s 立项=43.0 Floor=1.12e+07
[15/35] a=0.15 s=0 3438s 立项=45.0 Floor=1.14e+07
[16/35] a=1.0 s=1 3438s 立项=38.0 Floor=1.18e+07
[17/35] a=0.0 s=1 3445s 立项=45.0 Floor=1.11e+07
[18/35] a=1.0 s=3 3454s 立项=31.0 Floor=1.17e+07
[19/35] a=0.15 s=4 3454s 立项=33.0 Floor=1.12e+07
[20/35] a=0.3 s=0 3456s 立项=43.0 Floor=9.9e+06
[21/35] a=0.5 s=4 3457s 立项=36.0 Floor=9.46e+06
[22/35] a=0.85 s=2 3470s 立项=35.0 Floor=1.16e+07
[23/35] a=0.7 s=0 3473s 立项=36.0 Floor=1.13e+07
[24/35] a=0.15 s=2 3480s 立项=45.0 Floor=1.21e+07
[25/35] a=0.5 s=0 3488s 立项=42.0 Floor=9.49e+06
[26/35] a=1.0 s=4 3488s 立项=41.0 Floor=1.19e+07
[27/35] a=0.5 s=2 3492s 立项=40.0 Floor=1.15e+07
[28/35] a=1.0 s=2 3504s 立项=32.0 Floor=1.16e+07
[29/35] a=0.5 s=1 3508s 立项=45.0 Floor=9.32e+06
[30/35] a=0.0 s=0 3517s 立项=45.0 Floor=1.19e+07
[31/35] a=0.7 s=1 3523s 立项=33.0 Floor=1.14e+07
[32/35] a=0.85 s=0 3526s 立项=34.0 Floor=1.11e+07
[33/35] a=0.3 s=2 3531s 立项=41.0 Floor=1.06e+07
[34/35] a=0.7 s=4 3537s 立项=29.0 Floor=1.07e+07
[35/35] a=0.7 s=3 3567s 立项=41.0 Floor=1.17e+07
已写出 data/processed/gm_dataset_v1/exp_v16/carry1
### 规则基线  2026-09-16 04:09:11
年度预算 2700（结转上限 1×）  配额 3  容积率年增 0%
有效期 3+2 年  失效后 本规划期内不再申请（吸收态）（无条文依据，依 2026-09 规划局实务答复）  建设年限 {1: 5, 2: 5, 3: 5, 5: 5}  折现率 0.95
批准率 (0.174, 0.212, 0.239, 0.277, 0.179)  资金口径 upfront（立项当年全额；Cost 按完工年计入）
分母缓存键 V3E2DAY1-52-53-55-5T15X26
决策期 T=15  评价期 T_eval=26  配额 3  排序键 alpha=0.5

myopic      立项  44.0  期内完工  13.0  全期完工  29.4  失效  14.6  用款   32330  期内交付率 29.5%
greedy_crh  立项  15.0  期内完工   8.4  全期完工   8.8  失效   6.2  用款    7310  期内交付率 56.0%
frontload   立项  15.0  期内完工   8.4  全期完工   8.8  失效   6.2  用款    7310  期内交付率 56.0%
evenspread  立项  15.0  期内完工   4.2  全期完工   9.0  失效   6.0  用款    8350  期内交付率 28.0%
backload    立项  15.0  期内完工   0.0  全期完工   8.8  失效   6.2  用款    7310  期内交付率  0.0%
oracle      立项  24.0  期内完工  24.0  全期完工  24.0  失效   0.0  用款   14860  期内交付率 100.0%

自查（一律以**期内完工** n_done_T 判定）：
  通过  (a) oracle 期内完工 >= 其余所有策略：oracle=24.0，其余最大=13.0（myopic）
  不成立  (b) greedy_crh 期内完工 >= myopic：greedy_crh=8.4，myopic=13.0
  通过  (c) backload 期内完工 <= frontload：frontload=8.4，backload=0.0
  通过  myopic 相对 oracle 的期内完工缺口：11.0 个（myopic 13.0 vs oracle 24.0，相当于 oracle 的 46%）

已写出 data/processed/gm_dataset_v1/exp_v16/carry1/baseline/baselines.csv
