### 主扫描  2026-09-15 12:08:41
35 个运行 × 400 迭代 × 8 回合  并行 35
年度预算 2700（结转上限 3×）  配额 3  容积率年增 0%
有效期 3+2 年  失效后 本规划期内不再申请（吸收态）（无条文依据，依 2026-09 规划局实务答复）  建设年限 {1: 5, 2: 5, 3: 5, 5: 5}  折现率 0.95
批准率 (0.174, 0.212, 0.239, 0.277, 0.179)  资金口径 upfront（立项当年全额；Cost 按完工年计入）
分母缓存键 V3E2DAY1-52-53-55-5T15X26
决策期 T=15  评价期 T_eval=26（立项与记分分离）
分母 data/processed/gm_dataset_v1/scale_v2/fixed_B2700_C3_GSET0-0.1_V3E2DAY1-52-53-55-5T15X26_R9FX1.json（情景集合包络 G∈(0.0, 0.1)）
[1/35] a=0.3 s=0 3419s 立项=42.0 Floor=1.15e+07
[2/35] a=0.15 s=2 3426s 立项=45.0 Floor=1.08e+07
[3/35] a=0.7 s=2 3455s 立项=35.0 Floor=1.15e+07
[4/35] a=1.0 s=1 3482s 立项=43.0 Floor=1.22e+07
[5/35] a=0.3 s=3 3503s 立项=41.0 Floor=1.13e+07
[6/35] a=0.7 s=0 3519s 立项=44.0 Floor=1.16e+07
[7/35] a=1.0 s=4 3533s 立项=34.0 Floor=1.23e+07
[8/35] a=0.0 s=0 3550s 立项=42.0 Floor=1.1e+07
[9/35] a=0.15 s=4 3550s 立项=45.0 Floor=1.1e+07
[10/35] a=0.85 s=0 3588s 立项=41.0 Floor=1.29e+07
[11/35] a=0.0 s=3 3595s 立项=31.0 Floor=1.12e+07
[12/35] a=0.15 s=0 3660s 立项=30.0 Floor=1.07e+07
[13/35] a=0.15 s=3 3668s 立项=45.0 Floor=1.16e+07
[14/35] a=0.0 s=1 3706s 立项=36.0 Floor=1.14e+07
[15/35] a=0.0 s=2 4207s 立项=32.0 Floor=1.13e+07
[16/35] a=0.15 s=1 4224s 立项=44.0 Floor=1.15e+07
[17/35] a=0.85 s=1 4230s 立项=38.0 Floor=1.15e+07
[18/35] a=1.0 s=0 4251s 立项=43.0 Floor=1.2e+07
[19/35] a=1.0 s=3 4257s 立项=40.0 Floor=1.19e+07
[20/35] a=0.0 s=4 4261s 立项=37.0 Floor=1.18e+07
[21/35] a=0.85 s=2 4266s 立项=35.0 Floor=1.16e+07
[22/35] a=0.5 s=4 4267s 立项=45.0 Floor=8.46e+06
[23/35] a=0.3 s=4 4275s 立项=39.0 Floor=1.15e+07
[24/35] a=0.5 s=2 4279s 立项=39.0 Floor=9.15e+06
[25/35] a=0.5 s=0 4285s 立项=43.0 Floor=9.84e+06
[26/35] a=1.0 s=2 4301s 立项=40.0 Floor=1.25e+07
[27/35] a=0.7 s=4 4305s 立项=35.0 Floor=1.24e+07
[28/35] a=0.3 s=1 4328s 立项=45.0 Floor=1.04e+07
[29/35] a=0.5 s=1 4352s 立项=45.0 Floor=9.57e+06
[30/35] a=0.7 s=3 4394s 立项=37.0 Floor=1.16e+07
[31/35] a=0.85 s=4 4409s 立项=39.0 Floor=1.23e+07
[32/35] a=0.3 s=2 4412s 立项=45.0 Floor=1.12e+07
[33/35] a=0.85 s=3 4430s 立项=37.0 Floor=1.2e+07
[34/35] a=0.5 s=3 4431s 立项=41.0 Floor=1.14e+07
[35/35] a=0.7 s=1 4440s 立项=32.0 Floor=1.12e+07
已写出 data/processed/gm_dataset_v1/exp_v16/main
### 规则基线  2026-09-15 13:23:08
年度预算 2700（结转上限 3×）  配额 3  容积率年增 0%
有效期 3+2 年  失效后 本规划期内不再申请（吸收态）（无条文依据，依 2026-09 规划局实务答复）  建设年限 {1: 5, 2: 5, 3: 5, 5: 5}  折现率 0.95
批准率 (0.174, 0.212, 0.239, 0.277, 0.179)  资金口径 upfront（立项当年全额；Cost 按完工年计入）
分母缓存键 V3E2DAY1-52-53-55-5T15X26
决策期 T=15  评价期 T_eval=26  配额 3  排序键 alpha=0.5

myopic      立项  45.0  期内完工  13.2  全期完工  30.4  失效  14.6  用款   36390  期内交付率 29.3%
greedy_crh  立项  15.0  期内完工   9.2  全期完工   9.2  失效   5.8  用款    7460  期内交付率 61.3%
frontload   立项  15.0  期内完工   9.2  全期完工   9.2  失效   5.8  用款    7460  期内交付率 61.3%
evenspread  立项  15.0  期内完工   3.6  全期完工   8.6  失效   6.4  用款    7460  期内交付率 24.0%
backload    立项  15.0  期内完工   0.0  全期完工   9.2  失效   5.8  用款    7460  期内交付率  0.0%
oracle      立项  24.0  期内完工  24.0  全期完工  24.0  失效   0.0  用款   15270  期内交付率 100.0%

自查（一律以**期内完工** n_done_T 判定）：
  通过  (a) oracle 期内完工 >= 其余所有策略：oracle=24.0，其余最大=13.2（myopic）
  不成立  (b) greedy_crh 期内完工 >= myopic：greedy_crh=9.2，myopic=13.2
  通过  (c) backload 期内完工 <= frontload：frontload=9.2，backload=0.0
  通过  myopic 相对 oracle 的期内完工缺口：10.8 个（myopic 13.2 vs oracle 24.0，相当于 oracle 的 45%）

已写出 data/processed/gm_dataset_v1/exp_v16/main/baseline/baselines.csv
