### 主扫描  2026-09-15 13:23:44
35 个运行 × 400 迭代 × 8 回合  并行 35
年度预算 2700（结转上限 3×）  配额 3  容积率年增 0%
有效期 3+2 年  失效后 本规划期内不再申请（吸收态）（无条文依据，依 2026-09 规划局实务答复）  建设年限 {1: 5, 2: 5, 3: 5, 5: 5}  折现率 0.95
批准率 (0.174, 0.212, 0.239, 0.277, 0.179)  资金口径 upfront（立项当年全额；Cost 按完工年计入）
**消融：生命周期观测特征（16..21 共 6 维）已置零**（位宽不变；不入分母缓存键，与主组共用分母）
分母缓存键 V3E2DAY1-52-53-55-5T15X26
决策期 T=15  评价期 T_eval=26（立项与记分分离）
分母 data/processed/gm_dataset_v1/scale_v2/fixed_B2700_C3_GSET0-0.1_V3E2DAY1-52-53-55-5T15X26_R9FX1.json（情景集合包络 G∈(0.0, 0.1)）
[1/35] a=0.3 s=2 3115s 立项=40.0 Floor=1.21e+07
[2/35] a=0.0 s=2 3165s 立项=44.0 Floor=1.12e+07
[3/35] a=0.7 s=0 3253s 立项=38.0 Floor=1.14e+07
[4/35] a=0.0 s=0 3255s 立项=44.0 Floor=1.2e+07
[5/35] a=0.5 s=4 3291s 立项=32.0 Floor=1.02e+07
[6/35] a=0.5 s=1 3316s 立项=42.0 Floor=1.02e+07
[7/35] a=0.15 s=1 3350s 立项=42.0 Floor=1.15e+07
[8/35] a=1.0 s=2 3368s 立项=39.0 Floor=1.2e+07
[9/35] a=1.0 s=3 3389s 立项=41.0 Floor=1.24e+07
[10/35] a=1.0 s=1 3406s 立项=43.0 Floor=1.17e+07
[11/35] a=1.0 s=0 3413s 立项=40.0 Floor=1.19e+07
[12/35] a=1.0 s=4 3429s 立项=38.0 Floor=1.12e+07
[13/35] a=0.7 s=2 3448s 立项=42.0 Floor=1.15e+07
[14/35] a=0.7 s=4 3463s 立项=39.0 Floor=1.13e+07
[15/35] a=0.5 s=2 3467s 立项=38.0 Floor=9.83e+06
[16/35] a=0.85 s=1 4183s 立项=42.0 Floor=1.2e+07
[17/35] a=0.5 s=0 4191s 立项=42.0 Floor=9.99e+06
[18/35] a=0.85 s=3 4192s 立项=40.0 Floor=1.21e+07
[19/35] a=0.3 s=0 4198s 立项=45.0 Floor=9.43e+06
[20/35] a=0.15 s=0 4216s 立项=42.0 Floor=1.12e+07
[21/35] a=0.85 s=2 4235s 立项=45.0 Floor=1.19e+07
[22/35] a=0.3 s=3 4245s 立项=42.0 Floor=1.18e+07
[23/35] a=0.0 s=1 4259s 立项=45.0 Floor=1.1e+07
[24/35] a=0.0 s=4 4275s 立项=39.0 Floor=1.09e+07
[25/35] a=0.15 s=2 4277s 立项=32.0 Floor=1.11e+07
[26/35] a=0.85 s=0 4300s 立项=37.0 Floor=1.15e+07
[27/35] a=0.7 s=3 4313s 立项=41.0 Floor=1.16e+07
[28/35] a=0.85 s=4 4358s 立项=38.0 Floor=1.19e+07
[29/35] a=0.15 s=3 4378s 立项=41.0 Floor=1.16e+07
[30/35] a=0.3 s=1 4380s 立项=43.0 Floor=1.13e+07
[31/35] a=0.5 s=3 4405s 立项=45.0 Floor=1.15e+07
[32/35] a=0.0 s=3 4408s 立项=44.0 Floor=1.15e+07
[33/35] a=0.3 s=4 4435s 立项=32.0 Floor=1.12e+07
[34/35] a=0.15 s=4 4457s 立项=31.0 Floor=1.15e+07
[35/35] a=0.7 s=1 4465s 立项=41.0 Floor=1.16e+07
已写出 data/processed/gm_dataset_v1/exp_v16/ablation
### 规则基线  2026-09-15 14:38:34
年度预算 2700（结转上限 3×）  配额 3  容积率年增 0%
有效期 3+2 年  失效后 本规划期内不再申请（吸收态）（无条文依据，依 2026-09 规划局实务答复）  建设年限 {1: 5, 2: 5, 3: 5, 5: 5}  折现率 0.95
批准率 (0.174, 0.212, 0.239, 0.277, 0.179)  资金口径 upfront（立项当年全额；Cost 按完工年计入）
**消融：生命周期观测特征（16..21 共 6 维）已置零**（位宽不变；不入分母缓存键，与主组共用分母）
分母缓存键 V3E2DAY1-52-53-55-5T15X26
决策期 T=15  评价期 T_eval=26  配额 3  排序键 alpha=0.5

myopic      立项  45.0  期内完工  13.2  全期完工  30.4  失效  14.6  用款   36390  期内交付率 29.3%
greedy_crh  立项  15.0  期内完工   9.2  全期完工   9.2  失效   5.8  用款    7460  期内交付率 61.3%
frontload   立项  15.0  期内完工   9.2  全期完工   9.2  失效   5.8  用款    7460  期内交付率 61.3%
evenspread  立项  15.0  期内完工   3.6  全期完工   8.6  失效   6.4  用款    7460  期内交付率 24.0%
backload    立项  15.0  期内完工   0.0  全期完工   9.2  失效   5.8  用款    7460  期内交付率  0.0%
oracle      立项  24.0  期内完工  24.0  全期完工  24.0  失效   0.0  用款   15270  期内交付率 100.0%

自查（一律以**期内完工** n_done_T 判定）：
  通过  (a) oracle 期内完工 >= 其余所有策略：oracle=24.0，其余最大=13.2（myopic）
  不成立  (b) greedy_crh 期内完工 >= myopic：greedy_crh=9.2，myopic=13.2
  通过  (c) backload 期内完工 <= frontload：frontload=9.2，backload=0.0
  通过  myopic 相对 oracle 的期内完工缺口：10.8 个（myopic 13.2 vs oracle 24.0，相当于 oracle 的 45%）

已写出 data/processed/gm_dataset_v1/exp_v16/ablation/baseline/baselines.csv
