### 主扫描  2026-09-15 20:09:44
35 个运行 × 400 迭代 × 8 回合  并行 35
年度预算 2700（结转上限 3×）  配额 3  容积率年增 0%
有效期 3+2 年  失效后 本规划期内不再申请（吸收态）（无条文依据，依 2026-09 规划局实务答复）  建设年限 {1: 5, 2: 5, 3: 5, 5: 5}  折现率 0.95
批准率 (0.174, 0.212, 0.239, 0.277, 0.179)  资金口径 upfront（立项当年全额；Cost 按完工年计入）
分母缓存键 V3E2DAY1-52-53-55-5T15X26KB
决策期 T=15  评价期 T_eval=26（立项与记分分离）
分母 data/processed/gm_dataset_v1/scale_v2/fixed_B2700_C3_GSET0-0.1_V3E2DAY1-52-53-55-5T15X26KB_R9FX1.json（情景集合包络 G∈(0.0, 0.1)）
[1/35] a=0.7 s=2 3597s 立项=11.0 Floor=4.62e+06
[2/35] a=0.0 s=0 4805s 立项=42.0 Floor=1.65e+07
[3/35] a=1.0 s=3 4814s 立项=36.0 Floor=1.52e+07
[4/35] a=0.0 s=4 4819s 立项=43.0 Floor=1.74e+07
[5/35] a=0.15 s=2 4835s 立项=39.4 Floor=1.61e+07
[6/35] a=0.5 s=0 4841s 立项=45.0 Floor=9.43e+06
[7/35] a=0.85 s=3 4843s 立项=35.0 Floor=8.72e+06
[8/35] a=0.3 s=2 4850s 立项=45.0 Floor=1.54e+07
[9/35] a=0.0 s=1 4858s 立项=43.0 Floor=1.72e+07
[10/35] a=0.0 s=2 4861s 立项=42.0 Floor=1.64e+07
[11/35] a=0.0 s=3 4869s 立项=41.0 Floor=1.6e+07
[12/35] a=0.85 s=1 4873s 立项=29.0 Floor=1.18e+07
[13/35] a=0.7 s=3 4877s 立项=33.0 Floor=7.64e+06
[14/35] a=0.3 s=0 4879s 立项=40.0 Floor=1.61e+07
[15/35] a=0.3 s=1 4882s 立项=45.0 Floor=1.6e+07
[16/35] a=0.15 s=0 4890s 立项=43.0 Floor=1.72e+07
[17/35] a=0.15 s=4 4892s 立项=42.0 Floor=1.63e+07
[18/35] a=0.15 s=3 4892s 立项=43.0 Floor=1.66e+07
[19/35] a=0.5 s=2 4902s 立项=26.0 Floor=8.51e+06
[20/35] a=1.0 s=0 4909s 立项=45.0 Floor=1.75e+07
[21/35] a=0.3 s=4 4912s 立项=44.0 Floor=1.66e+07
[22/35] a=0.7 s=1 4914s 立项=40.0 Floor=8.2e+06
[23/35] a=1.0 s=4 4915s 立项=43.0 Floor=1.62e+07
[24/35] a=0.15 s=1 4925s 立项=42.0 Floor=1.65e+07
[25/35] a=0.85 s=0 4935s 立项=39.0 Floor=7.38e+06
[26/35] a=0.5 s=1 4943s 立项=45.0 Floor=9.9e+06
[27/35] a=0.5 s=4 4950s 立项=32.0 Floor=9.51e+06
[28/35] a=0.85 s=4 4954s 立项=30.0 Floor=7.06e+06
[29/35] a=0.5 s=3 4955s 立项=38.0 Floor=1.03e+07
[30/35] a=0.7 s=0 4961s 立项=36.0 Floor=7.26e+06
[31/35] a=1.0 s=2 4968s 立项=42.0 Floor=1.55e+07
[32/35] a=0.3 s=3 4970s 立项=40.0 Floor=1.68e+07
[33/35] a=0.7 s=4 4971s 立项=30.0 Floor=7.16e+06
[34/35] a=1.0 s=1 4975s 立项=44.0 Floor=1.67e+07
[35/35] a=0.85 s=2 4993s 立项=40.0 Floor=7.9e+06
已写出 data/processed/gm_dataset_v1/exp_v16/bytype
### 规则基线  2026-09-15 21:33:20
年度预算 2700（结转上限 3×）  配额 3  容积率年增 0%
有效期 3+2 年  失效后 本规划期内不再申请（吸收态）（无条文依据，依 2026-09 规划局实务答复）  建设年限 {1: 5, 2: 5, 3: 5, 5: 5}  折现率 0.95
批准率 (0.174, 0.212, 0.239, 0.277, 0.179)  资金口径 upfront（立项当年全额；Cost 按完工年计入）
分母缓存键 V3E2DAY1-52-53-55-5T15X26KB
决策期 T=15  评价期 T_eval=26  配额 3  排序键 alpha=0.5

myopic      立项  42.0  期内完工  12.0  全期完工  27.2  失效  14.8  用款   40492  期内交付率 28.6%
greedy_crh  立项  15.0  期内完工   8.8  全期完工   9.0  失效   6.0  用款   13450  期内交付率 58.7%
frontload   立项  15.0  期内完工   8.8  全期完工   9.0  失效   6.0  用款   13450  期内交付率 58.7%
evenspread  立项  15.0  期内完工   3.8  全期完工   9.6  失效   5.4  用款   20920  期内交付率 25.3%
backload    立项  15.0  期内完工   0.0  全期完工   9.4  失效   5.6  用款   17100  期内交付率  0.0%
oracle      立项  23.0  期内完工  23.0  全期完工  23.0  失效   0.0  用款   21513  期内交付率 100.0%

自查（一律以**期内完工** n_done_T 判定）：
  通过  (a) oracle 期内完工 >= 其余所有策略：oracle=23.0，其余最大=12.0（myopic）
  不成立  (b) greedy_crh 期内完工 >= myopic：greedy_crh=8.8，myopic=12.0
  通过  (c) backload 期内完工 <= frontload：frontload=8.8，backload=0.0
  通过  myopic 相对 oracle 的期内完工缺口：11.0 个（myopic 12.0 vs oracle 23.0，相当于 oracle 的 48%）

已写出 data/processed/gm_dataset_v1/exp_v16/bytype/baseline/baselines.csv
