### 主扫描  2026-09-15 11:53:46
35 个运行 × 400 迭代 × 8 回合  并行 35
年度预算 900（结转上限 3×）  配额 3  容积率年增 0%
有效期 3+2 年  失效后 本规划期内不再申请（吸收态）（无条文依据，依 2026-09 规划局实务答复）  建设年限 {1: 5, 2: 5, 3: 5, 5: 5}  折现率 0.95
批准率 (0.333, 0.333, 0.333, 0.333, 0.333)  资金口径 upfront（立项当年全额；Cost 按完工年计入）
分母缓存键 V3E2DAY1-52-53-55-5T15X26A3
决策期 T=15  评价期 T_eval=26（立项与记分分离）
分母 data/processed/gm_dataset_v1/scale_v2/fixed_B900_C3_GSET0-0.1_V3E2DAY1-52-53-55-5T15X26A3_R9FX1.json（情景集合包络 G∈(0.0, 0.1)）
[1/35] a=0.5 s=2 3319s 立项=17.0 Floor=4.31e+06
[2/35] a=0.5 s=0 3362s 立项=15.0 Floor=4.08e+06
[3/35] a=0.3 s=0 3387s 立项=12.0 Floor=3.31e+06
[4/35] a=0.15 s=4 3391s 立项=15.0 Floor=4.92e+06
[5/35] a=0.7 s=1 3406s 立项=10.0 Floor=4.81e+06
[6/35] a=0.7 s=2 3414s 立项=16.0 Floor=4.96e+06
[7/35] a=0.3 s=1 3433s 立项=25.0 Floor=4.95e+06
[8/35] a=0.5 s=3 3441s 立项=16.0 Floor=4.22e+06
[9/35] a=0.5 s=1 3451s 立项=15.0 Floor=4.65e+06
[10/35] a=0.85 s=2 3452s 立项=15.0 Floor=5.05e+06
[11/35] a=0.85 s=3 3486s 立项=24.0 Floor=4.87e+06
[12/35] a=0.15 s=2 3491s 立项=16.0 Floor=4.35e+06
[13/35] a=1.0 s=0 3511s 立项=23.0 Floor=4.94e+06
[14/35] a=1.0 s=2 3526s 立项=30.0 Floor=5.01e+06
[15/35] a=0.0 s=2 3689s 立项=25.0 Floor=5.09e+06
[16/35] a=0.85 s=0 3737s 立项=22.0 Floor=4.99e+06
[17/35] a=0.0 s=3 3770s 立项=15.0 Floor=5.03e+06
[18/35] a=0.7 s=3 3791s 立项=22.0 Floor=5.04e+06
[19/35] a=0.5 s=4 3799s 立项=19.0 Floor=4.27e+06
[20/35] a=0.0 s=0 3800s 立项=20.0 Floor=5.12e+06
[21/35] a=1.0 s=3 3805s 立项=22.0 Floor=5.02e+06
[22/35] a=0.3 s=2 3814s 立项=15.0 Floor=4.77e+06
[23/35] a=0.7 s=0 3862s 立项=17.0 Floor=4.99e+06
[24/35] a=1.0 s=4 3871s 立项=24.0 Floor=4.95e+06
[25/35] a=0.85 s=4 3879s 立项=11.0 Floor=4.8e+06
[26/35] a=0.15 s=3 3882s 立项=15.0 Floor=4.77e+06
[27/35] a=0.0 s=1 3884s 立项=17.0 Floor=5.09e+06
[28/35] a=0.3 s=3 3895s 立项=15.0 Floor=4.78e+06
[29/35] a=0.3 s=4 3896s 立项=40.0 Floor=4.77e+06
[30/35] a=0.15 s=1 3902s 立项=21.0 Floor=4.87e+06
[31/35] a=0.85 s=1 3907s 立项=12.0 Floor=4.93e+06
[32/35] a=1.0 s=1 3928s 立项=24.0 Floor=4.85e+06
[33/35] a=0.0 s=4 3933s 立项=24.0 Floor=4.94e+06
[34/35] a=0.7 s=4 3935s 立项=23.0 Floor=5.18e+06
[35/35] a=0.15 s=0 3948s 立项=15.0 Floor=4.77e+06
已写出 data/processed/gm_dataset_v1/exp_v15/tauA3
### 规则基线  2026-09-15 12:59:59
年度预算 900（结转上限 3×）  配额 3  容积率年增 0%
有效期 3+2 年  失效后 本规划期内不再申请（吸收态）（无条文依据，依 2026-09 规划局实务答复）  建设年限 {1: 5, 2: 5, 3: 5, 5: 5}  折现率 0.95
批准率 (0.333, 0.333, 0.333, 0.333, 0.333)  资金口径 upfront（立项当年全额；Cost 按完工年计入）
分母缓存键 V3E2DAY1-52-53-55-5T15X26A3
决策期 T=15  评价期 T_eval=26  配额 3  排序键 alpha=0.5

myopic      立项  39.0  期内完工  14.2  全期完工  32.8  失效   6.2  用款   13500  期内交付率 36.4%
greedy_crh  立项  17.0  期内完工  13.0  全期完工  13.4  失效   3.6  用款    5370  期内交付率 76.5%
frontload   立项  15.0  期内完工  11.8  全期完工  12.0  失效   3.0  用款    4490  期内交付率 78.7%
evenspread  立项  15.0  期内完工   5.8  全期完工  12.4  失效   2.6  用款   11420  期内交付率 38.7%
backload    立项  14.0  期内完工   0.0  全期完工  11.4  失效   2.6  用款    5950  期内交付率  0.0%
oracle      立项  22.0  期内完工  22.0  全期完工  22.0  失效   0.0  用款    7200  期内交付率 100.0%

自查（一律以**期内完工** n_done_T 判定）：
  通过  (a) oracle 期内完工 >= 其余所有策略：oracle=22.0，其余最大=14.2（myopic）
  不成立  (b) greedy_crh 期内完工 >= myopic：greedy_crh=13.0，myopic=14.2
  通过  (c) backload 期内完工 <= frontload：frontload=11.8，backload=0.0
  通过  myopic 相对 oracle 的期内完工缺口：7.8 个（myopic 14.2 vs oracle 22.0，相当于 oracle 的 35%）

已写出 data/processed/gm_dataset_v1/exp_v15/tauA3/baseline/baselines.csv
