### 主扫描  2026-09-15 14:16:55
35 个运行 × 400 迭代 × 8 回合  并行 35
年度预算 900（结转上限 3×）  配额 2  容积率年增 0%
有效期 3+2 年  失效后 本规划期内不再申请（吸收态）（无条文依据，依 2026-09 规划局实务答复）  建设年限 {1: 5, 2: 5, 3: 5, 5: 5}  折现率 0.95
批准率 (0.174, 0.212, 0.239, 0.277, 0.179)  资金口径 upfront（立项当年全额；Cost 按完工年计入）
分母缓存键 V3E2DAY1-52-53-55-5T15X26Q2
决策期 T=15  评价期 T_eval=26（立项与记分分离）
分母 data/processed/gm_dataset_v1/scale_v2/fixed_B900_C3_GSET0-0.1_V3E2DAY1-52-53-55-5T15X26Q2_R9FX1.json（情景集合包络 G∈(0.0, 0.1)）
[1/35] a=0.85 s=2 3205s 立项=24.0 Floor=4.31e+06
[2/35] a=1.0 s=3 3231s 立项=27.0 Floor=4.44e+06
[3/35] a=0.7 s=4 3234s 立项=22.0 Floor=3.58e+06
[4/35] a=0.5 s=0 3239s 立项=16.0 Floor=3.49e+06
[5/35] a=0.3 s=3 3277s 立项=26.0 Floor=4.06e+06
[6/35] a=0.15 s=1 3299s 立项=24.0 Floor=3.67e+06
[7/35] a=1.0 s=1 3299s 立项=22.0 Floor=4.13e+06
[8/35] a=0.85 s=1 3316s 立项=23.0 Floor=3.73e+06
[9/35] a=1.0 s=2 3320s 立项=21.0 Floor=3.7e+06
[10/35] a=0.5 s=2 3325s 立项=17.0 Floor=3.86e+06
[11/35] a=0.85 s=0 3346s 立项=23.0 Floor=3.61e+06
[12/35] a=0.0 s=1 3935s 立项=21.0 Floor=3.84e+06
[13/35] a=0.7 s=2 4068s 立项=23.0 Floor=4.1e+06
[14/35] a=0.0 s=2 4071s 立项=23.0 Floor=3.71e+06
[15/35] a=0.3 s=1 4081s 立项=24.0 Floor=3.7e+06
[16/35] a=0.5 s=4 4090s 立项=18.0 Floor=3.44e+06
[17/35] a=0.7 s=1 4097s 立项=24.0 Floor=4.04e+06
[18/35] a=0.7 s=3 4112s 立项=27.0 Floor=3.98e+06
[19/35] a=0.85 s=4 4116s 立项=18.0 Floor=3.85e+06
[20/35] a=0.5 s=3 4118s 立项=21.0 Floor=3.55e+06
[21/35] a=0.3 s=4 4124s 立项=23.0 Floor=4.25e+06
[22/35] a=0.5 s=1 4128s 立项=22.0 Floor=3.53e+06
[23/35] a=0.3 s=2 4133s 立项=15.0 Floor=4.04e+06
[24/35] a=0.15 s=2 4135s 立项=15.0 Floor=3.92e+06
[25/35] a=0.15 s=3 4147s 立项=29.0 Floor=3.83e+06
[26/35] a=0.3 s=0 4147s 立项=30.0 Floor=3.73e+06
[27/35] a=0.15 s=4 4148s 立项=27.0 Floor=4.12e+06
[28/35] a=0.7 s=0 4150s 立项=22.0 Floor=3.54e+06
[29/35] a=0.15 s=0 4158s 立项=20.0 Floor=3.74e+06
[30/35] a=0.0 s=3 4170s 立项=28.0 Floor=4.11e+06
[31/35] a=0.85 s=3 4170s 立项=18.0 Floor=3.85e+06
[32/35] a=0.0 s=0 4172s 立项=16.0 Floor=3.84e+06
[33/35] a=1.0 s=0 4174s 立项=23.0 Floor=3.9e+06
[34/35] a=0.0 s=4 4177s 立项=30.0 Floor=3.96e+06
[35/35] a=1.0 s=4 4221s 立项=23.0 Floor=3.8e+06
已写出 data/processed/gm_dataset_v1/exp_v15/quota2
### 规则基线  2026-09-15 15:27:43
年度预算 900（结转上限 3×）  配额 2  容积率年增 0%
有效期 3+2 年  失效后 本规划期内不再申请（吸收态）（无条文依据，依 2026-09 规划局实务答复）  建设年限 {1: 5, 2: 5, 3: 5, 5: 5}  折现率 0.95
批准率 (0.174, 0.212, 0.239, 0.277, 0.179)  资金口径 upfront（立项当年全额；Cost 按完工年计入）
分母缓存键 V3E2DAY1-52-53-55-5T15X26Q2
决策期 T=15  评价期 T_eval=26  配额 2  排序键 alpha=0.5

myopic      立项  30.0  期内完工   7.4  全期完工  20.0  失效  10.0  用款   13500  期内交付率 24.7%
greedy_crh  立项  10.0  期内完工   5.8  全期完工   6.0  失效   4.0  用款    4410  期内交付率 58.0%
frontload   立项  10.0  期内完工   5.8  全期完工   6.0  失效   4.0  用款    4410  期内交付率 58.0%
evenspread  立项  10.0  期内完工   3.2  全期完工   6.2  失效   3.8  用款    7130  期内交付率 32.0%
backload    立项  10.0  期内完工   0.0  全期完工   6.6  失效   3.4  用款    5450  期内交付率  0.0%
oracle      立项  16.0  期内完工  16.0  全期完工  16.0  失效   0.0  用款    7100  期内交付率 100.0%

自查（一律以**期内完工** n_done_T 判定）：
  通过  (a) oracle 期内完工 >= 其余所有策略：oracle=16.0，其余最大=7.4（myopic）
  不成立  (b) greedy_crh 期内完工 >= myopic：greedy_crh=5.8，myopic=7.4
  通过  (c) backload 期内完工 <= frontload：frontload=5.8，backload=0.0
  通过  myopic 相对 oracle 的期内完工缺口：8.6 个（myopic 7.4 vs oracle 16.0，相当于 oracle 的 54%）

已写出 data/processed/gm_dataset_v1/exp_v15/quota2/baseline/baselines.csv
