### 主扫描  2026-09-15 15:28:19
35 个运行 × 400 迭代 × 8 回合  并行 35
年度预算 900（结转上限 3×）  配额 6  容积率年增 0%
有效期 3+2 年  失效后 本规划期内不再申请（吸收态）（无条文依据，依 2026-09 规划局实务答复）  建设年限 {1: 5, 2: 5, 3: 5, 5: 5}  折现率 0.95
批准率 (0.174, 0.212, 0.239, 0.277, 0.179)  资金口径 upfront（立项当年全额；Cost 按完工年计入）
分母缓存键 V3E2DAY1-52-53-55-5T15X26Q6
决策期 T=15  评价期 T_eval=26（立项与记分分离）
分母 data/processed/gm_dataset_v1/scale_v2/fixed_B900_C3_GSET0-0.1_V3E2DAY1-52-53-55-5T15X26Q6_R9FX1.json（情景集合包络 G∈(0.0, 0.1)）
[1/35] a=0.0 s=2 3645s 立项=15.0 Floor=4.03e+06
[2/35] a=0.3 s=3 3718s 立项=15.0 Floor=4.04e+06
[3/35] a=0.0 s=0 3750s 立项=21.0 Floor=4.07e+06
[4/35] a=0.5 s=4 3776s 立项=16.0 Floor=3.34e+06
[5/35] a=0.0 s=1 3782s 立项=16.0 Floor=3.97e+06
[6/35] a=0.15 s=2 3791s 立项=24.0 Floor=3.88e+06
[7/35] a=0.15 s=1 3877s 立项=21.0 Floor=3.84e+06
[8/35] a=0.7 s=3 3920s 立项=23.0 Floor=3.81e+06
[9/35] a=1.0 s=2 3951s 立项=24.0 Floor=3.67e+06
[10/35] a=1.0 s=3 4010s 立项=24.0 Floor=3.65e+06
[11/35] a=0.3 s=2 4419s 立项=15.0 Floor=4.03e+06
[12/35] a=0.0 s=4 4461s 立项=0.0 Floor=0
[13/35] a=0.3 s=1 4475s 立项=19.0 Floor=3.43e+06
[14/35] a=0.3 s=0 4533s 立项=15.0 Floor=4.03e+06
[15/35] a=0.5 s=2 4535s 立项=16.0 Floor=3.44e+06
[16/35] a=0.15 s=3 4559s 立项=9.0 Floor=4.06e+06
[17/35] a=0.3 s=4 4576s 立项=15.0 Floor=4.03e+06
[18/35] a=0.5 s=0 4591s 立项=15.0 Floor=3.39e+06
[19/35] a=0.7 s=4 4600s 立项=23.0 Floor=3.81e+06
[20/35] a=0.5 s=3 4602s 立项=15.0 Floor=3.63e+06
[21/35] a=0.85 s=0 4622s 立项=17.0 Floor=4.07e+06
[22/35] a=0.15 s=0 4626s 立项=14.0 Floor=3.91e+06
[23/35] a=0.5 s=1 4634s 立项=18.0 Floor=3.42e+06
[24/35] a=0.85 s=4 4654s 立项=22.0 Floor=3.93e+06
[25/35] a=0.0 s=3 4664s 立项=19.0 Floor=4e+06
[26/35] a=0.15 s=4 4670s 立项=15.0 Floor=3.81e+06
[27/35] a=1.0 s=1 4671s 立项=27.0 Floor=3.48e+06
[28/35] a=0.85 s=3 4672s 立项=15.0 Floor=3.93e+06
[29/35] a=0.85 s=1 4674s 立项=20.0 Floor=3.83e+06
[30/35] a=0.7 s=2 4677s 立项=22.0 Floor=3.83e+06
[31/35] a=1.0 s=0 4678s 立项=25.0 Floor=3.51e+06
[32/35] a=0.85 s=2 4684s 立项=15.0 Floor=3.8e+06
[33/35] a=0.7 s=0 4693s 立项=16.0 Floor=4.09e+06
[34/35] a=0.7 s=1 4741s 立项=15.0 Floor=4.03e+06
[35/35] a=1.0 s=4 4750s 立项=25.0 Floor=3.58e+06
已写出 data/processed/gm_dataset_v1/exp_v15/quota6
### 规则基线  2026-09-15 16:47:58
年度预算 900（结转上限 3×）  配额 6  容积率年增 0%
有效期 3+2 年  失效后 本规划期内不再申请（吸收态）（无条文依据，依 2026-09 规划局实务答复）  建设年限 {1: 5, 2: 5, 3: 5, 5: 5}  折现率 0.95
批准率 (0.174, 0.212, 0.239, 0.277, 0.179)  资金口径 upfront（立项当年全额；Cost 按完工年计入）
分母缓存键 V3E2DAY1-52-53-55-5T15X26Q6
决策期 T=15  评价期 T_eval=26  配额 6  排序键 alpha=0.5

myopic      立项  38.0  期内完工  12.2  全期完工  25.0  失效  13.0  用款   13490  期内交付率 32.1%
greedy_crh  立项  16.0  期内完工   9.8  全期完工  10.2  失效   5.8  用款    4470  期内交付率 61.3%
frontload   立项  16.0  期内完工   9.8  全期完工  10.2  失效   5.8  用款    4470  期内交付率 61.3%
evenspread  立项  29.0  期内完工   7.6  全期完工  19.4  失效   9.6  用款   13470  期内交付率 26.2%
backload    立项  18.0  期内完工   0.0  全期完工  11.0  失效   7.0  用款    6290  期内交付率  0.0%
oracle      立项  23.0  期内完工  23.0  全期完工  23.0  失效   0.0  用款    7200  期内交付率 100.0%

自查（一律以**期内完工** n_done_T 判定）：
  通过  (a) oracle 期内完工 >= 其余所有策略：oracle=23.0，其余最大=12.2（myopic）
  不成立  (b) greedy_crh 期内完工 >= myopic：greedy_crh=9.8，myopic=12.2
  通过  (c) backload 期内完工 <= frontload：frontload=9.8，backload=0.0
  通过  myopic 相对 oracle 的期内完工缺口：10.8 个（myopic 12.2 vs oracle 23.0，相当于 oracle 的 47%）

已写出 data/processed/gm_dataset_v1/exp_v15/quota6/baseline/baselines.csv
