### 主扫描  2026-09-15 18:12:37
35 个运行 × 400 迭代 × 8 回合  并行 35
年度预算 900（结转上限 3×）  配额 3  容积率年增 0%
有效期 3+2 年  失效后 本规划期内不再申请（吸收态）（无条文依据，依 2026-09 规划局实务答复）  建设年限 {1: 5, 2: 3, 3: 5, 5: 3}  折现率 0.95
批准率 (0.174, 0.212, 0.239, 0.277, 0.179)  资金口径 upfront（立项当年全额；Cost 按完工年计入）
分母缓存键 V3E2DAY1-52-33-55-3T15X26
决策期 T=15  评价期 T_eval=26（立项与记分分离）
分母 data/processed/gm_dataset_v1/scale_v2/fixed_B900_C3_GSET0-0.1_V3E2DAY1-52-33-55-3T15X26_R9FX1.json（情景集合包络 G∈(0.0, 0.1)）
[1/35] a=0.7 s=0 3610s 立项=28.0 Floor=4.06e+06
[2/35] a=0.85 s=4 3656s 立项=23.0 Floor=4.09e+06
[3/35] a=0.7 s=4 3684s 立项=26.0 Floor=4.5e+06
[4/35] a=0.7 s=2 3692s 立项=16.0 Floor=4.53e+06
[5/35] a=0.3 s=2 4798s 立项=24.0 Floor=4.68e+06
[6/35] a=0.3 s=1 4811s 立项=21.0 Floor=4.5e+06
[7/35] a=0.15 s=0 4857s 立项=20.0 Floor=4.28e+06
[8/35] a=0.3 s=0 4885s 立项=16.0 Floor=3.5e+06
[9/35] a=0.15 s=1 4905s 立项=17.0 Floor=4.25e+06
[10/35] a=0.0 s=2 4916s 立项=19.0 Floor=4.54e+06
[11/35] a=0.5 s=4 4924s 立项=17.0 Floor=4.66e+06
[12/35] a=0.5 s=3 4933s 立项=16.0 Floor=3.44e+06
[13/35] a=0.85 s=2 4938s 立项=23.0 Floor=4.04e+06
[14/35] a=0.7 s=1 4938s 立项=18.0 Floor=4.54e+06
[15/35] a=0.0 s=0 4959s 立项=15.0 Floor=4.46e+06
[16/35] a=0.7 s=3 4961s 立项=13.0 Floor=4.44e+06
[17/35] a=0.5 s=2 4964s 立项=13.0 Floor=4.35e+06
[18/35] a=1.0 s=1 4968s 立项=16.0 Floor=4.62e+06
[19/35] a=0.3 s=4 4971s 立项=15.0 Floor=4.46e+06
[20/35] a=1.0 s=2 4971s 立项=22.0 Floor=4.2e+06
[21/35] a=0.0 s=1 4973s 立项=15.0 Floor=4.23e+06
[22/35] a=1.0 s=0 4983s 立项=24.0 Floor=4.04e+06
[23/35] a=0.85 s=1 4986s 立项=15.0 Floor=4.07e+06
[24/35] a=0.15 s=3 4988s 立项=16.0 Floor=4.4e+06
[25/35] a=1.0 s=4 4989s 立项=24.0 Floor=4.13e+06
[26/35] a=0.5 s=1 4995s 立项=19.0 Floor=3.38e+06
[27/35] a=0.0 s=4 4998s 立项=15.0 Floor=4.46e+06
[28/35] a=0.15 s=4 5001s 立项=15.0 Floor=4.55e+06
[29/35] a=0.5 s=0 5001s 立项=19.0 Floor=3.77e+06
[30/35] a=0.3 s=3 5010s 立项=15.0 Floor=4.23e+06
[31/35] a=0.0 s=3 5013s 立项=16.0 Floor=4.53e+06
[32/35] a=0.85 s=3 5022s 立项=23.0 Floor=4.26e+06
[33/35] a=1.0 s=3 5029s 立项=17.0 Floor=4.42e+06
[34/35] a=0.85 s=0 5032s 立项=23.0 Floor=4.3e+06
[35/35] a=0.15 s=2 5062s 立项=15.0 Floor=4.46e+06
已写出 data/processed/gm_dataset_v1/exp_v15/buildmix
### 规则基线  2026-09-15 19:37:28
年度预算 900（结转上限 3×）  配额 3  容积率年增 0%
有效期 3+2 年  失效后 本规划期内不再申请（吸收态）（无条文依据，依 2026-09 规划局实务答复）  建设年限 {1: 5, 2: 3, 3: 5, 5: 3}  折现率 0.95
批准率 (0.174, 0.212, 0.239, 0.277, 0.179)  资金口径 upfront（立项当年全额；Cost 按完工年计入）
分母缓存键 V3E2DAY1-52-33-55-3T15X26
决策期 T=15  评价期 T_eval=26  配额 3  排序键 alpha=0.5

myopic      立项  38.0  期内完工  14.4  全期完工  25.4  失效  12.6  用款   13310  期内交付率 37.9%
greedy_crh  立项  20.0  期内完工  14.0  全期完工  14.0  失效   6.0  用款    6300  期内交付率 70.0%
frontload   立项  14.0  期内完工   8.0  全期完工   8.2  失效   5.8  用款    4480  期内交付率 57.1%
evenspread  立项  15.0  期内完工   5.2  全期完工   9.0  失效   6.0  用款   12380  期内交付率 34.7%
backload    立项  13.0  期内完工   0.0  全期完工   7.8  失效   5.2  用款    5930  期内交付率  0.0%
oracle      立项  27.0  期内完工  27.0  全期完工  27.0  失效   0.0  用款    8950  期内交付率 100.0%

自查（一律以**期内完工** n_done_T 判定）：
  通过  (a) oracle 期内完工 >= 其余所有策略：oracle=27.0，其余最大=14.4（myopic）
  不成立  (b) greedy_crh 期内完工 >= myopic：greedy_crh=14.0，myopic=14.4
  通过  (c) backload 期内完工 <= frontload：frontload=8.0，backload=0.0
  通过  myopic 相对 oracle 的期内完工缺口：12.6 个（myopic 14.4 vs oracle 27.0，相当于 oracle 的 47%）

已写出 data/processed/gm_dataset_v1/exp_v15/buildmix/baseline/baselines.csv
