### 主扫描  2026-09-15 03:16:21
35 个运行 × 400 迭代 × 8 回合  并行 35
年度预算 900（结转上限 3×）  配额 3  容积率年增 0%
有效期 3+2 年  失效后 本规划期内不再申请（吸收态）（无条文依据，依 2026-09 规划局实务答复）  建设年限 {1: 5, 2: 5, 3: 5, 5: 5}  折现率 0.95
批准率 (0.174, 0.212, 0.239, 0.277, 0.179)  资金口径 upfront（立项当年全额；Cost 按完工年计入）
分母缓存键 V3E2DAY1-52-53-55-5T15X26
决策期 T=15  评价期 T_eval=26（立项与记分分离）
分母 data/processed/gm_dataset_v1/scale_v2/fixed_B900_C3_GSET0-0.1_V3E2DAY1-52-53-55-5T15X26_R9FX1.json（情景集合包络 G∈(0.0, 0.1)）
[1/35] a=0.3 s=3 3099s 立项=33.0 Floor=3.94e+06
[2/35] a=0.5 s=3 3100s 立项=16.0 Floor=3.44e+06
[3/35] a=0.0 s=2 3147s 立项=22.0 Floor=3.87e+06
[4/35] a=0.3 s=4 3154s 立项=31.0 Floor=2.34e+06
[5/35] a=0.85 s=2 3176s 立项=23.0 Floor=3.65e+06
[6/35] a=0.7 s=4 3185s 立项=23.0 Floor=3.65e+06
[7/35] a=0.85 s=4 3193s 立项=29.0 Floor=3.9e+06
[8/35] a=0.7 s=2 3213s 立项=25.0 Floor=3.67e+06
[9/35] a=0.5 s=4 3582s 立项=15.0 Floor=3.54e+06
[10/35] a=0.15 s=1 3639s 立项=18.0 Floor=4.17e+06
[11/35] a=0.85 s=0 3668s 立项=21.0 Floor=3.84e+06
[12/35] a=0.5 s=2 3670s 立项=16.0 Floor=3.44e+06
[13/35] a=0.0 s=4 3676s 立项=15.0 Floor=4.03e+06
[14/35] a=0.0 s=1 3702s 立项=13.0 Floor=3.55e+06
[15/35] a=0.15 s=4 3709s 立项=11.0 Floor=2.83e+06
[16/35] a=0.0 s=3 3711s 立项=33.0 Floor=3.73e+06
[17/35] a=0.3 s=0 3713s 立项=21.0 Floor=4.14e+06
[18/35] a=0.15 s=0 3720s 立项=20.0 Floor=3.28e+06
[19/35] a=1.0 s=3 3729s 立项=23.0 Floor=3.96e+06
[20/35] a=0.7 s=0 3740s 立项=23.0 Floor=3.8e+06
[21/35] a=1.0 s=4 3749s 立项=22.0 Floor=3.82e+06
[22/35] a=0.5 s=0 3750s 立项=18.0 Floor=3.16e+06
[23/35] a=0.5 s=1 3759s 立项=17.0 Floor=3.45e+06
[24/35] a=0.15 s=3 3764s 立项=15.0 Floor=4.03e+06
[25/35] a=1.0 s=2 3765s 立项=25.0 Floor=3.68e+06
[26/35] a=0.85 s=1 3771s 立项=36.0 Floor=3.86e+06
[27/35] a=0.7 s=1 3772s 立项=17.0 Floor=4.01e+06
[28/35] a=0.3 s=1 3774s 立项=16.0 Floor=4.19e+06
[29/35] a=0.0 s=0 3775s 立项=29.4 Floor=3.58e+06
[30/35] a=0.3 s=2 3776s 立项=17.0 Floor=4.21e+06
[31/35] a=1.0 s=1 3784s 立项=26.0 Floor=3.46e+06
[32/35] a=0.15 s=2 3790s 立项=17.0 Floor=3.8e+06
[33/35] a=0.7 s=3 3791s 立项=23.0 Floor=3.67e+06
[34/35] a=1.0 s=0 3795s 立项=25.0 Floor=3.81e+06
[35/35] a=0.85 s=3 3796s 立项=24.0 Floor=3.53e+06
已写出 data/processed/gm_dataset_v1/exp_v15/main
### 规则基线  2026-09-15 04:20:01
年度预算 900（结转上限 3×）  配额 3  容积率年增 0%
有效期 3+2 年  失效后 本规划期内不再申请（吸收态）（无条文依据，依 2026-09 规划局实务答复）  建设年限 {1: 5, 2: 5, 3: 5, 5: 5}  折现率 0.95
批准率 (0.174, 0.212, 0.239, 0.277, 0.179)  资金口径 upfront（立项当年全额；Cost 按完工年计入）
分母缓存键 V3E2DAY1-52-53-55-5T15X26
决策期 T=15  评价期 T_eval=26  配额 3  排序键 alpha=0.5

myopic      立项  40.0  期内完工  10.8  全期完工  26.4  失效  13.6  用款   13490  期内交付率 27.0%
greedy_crh  立项  14.0  期内完工   7.8  全期完工   8.2  失效   5.8  用款    4480  期内交付率 55.7%
frontload   立项  14.0  期内完工   7.8  全期完工   8.2  失效   5.8  用款    4480  期内交付率 55.7%
evenspread  立项  15.0  期内完工   4.2  全期完工   9.0  失效   6.0  用款   12380  期内交付率 28.0%
backload    立项  13.0  期内完工   0.0  全期完工   7.8  失效   5.2  用款    5930  期内交付率  0.0%
oracle      立项  21.0  期内完工  21.0  全期完工  21.0  失效   0.0  用款    7160  期内交付率 100.0%

自查（一律以**期内完工** n_done_T 判定）：
  通过  (a) oracle 期内完工 >= 其余所有策略：oracle=21.0，其余最大=10.8（myopic）
  不成立  (b) greedy_crh 期内完工 >= myopic：greedy_crh=7.8，myopic=10.8
  通过  (c) backload 期内完工 <= frontload：frontload=7.8，backload=0.0
  通过  myopic 相对 oracle 的期内完工缺口：10.2 个（myopic 10.8 vs oracle 21.0，相当于 oracle 的 49%）

已写出 data/processed/gm_dataset_v1/exp_v15/main/baseline/baselines.csv
