### 主扫描  2026-09-15 09:13:14
35 个运行 × 400 迭代 × 8 回合  并行 35
年度预算 600（结转上限 3×）  配额 3  容积率年增 0%
有效期 3+2 年  失效后 本规划期内不再申请（吸收态）（无条文依据，依 2026-09 规划局实务答复）  建设年限 {1: 5, 2: 5, 3: 5, 5: 5}  折现率 0.95
批准率 (0.174, 0.212, 0.239, 0.277, 0.179)  资金口径 upfront（立项当年全额；Cost 按完工年计入）
分母缓存键 V3E2DAY1-52-53-55-5T15X26
决策期 T=15  评价期 T_eval=26（立项与记分分离）
分母 data/processed/gm_dataset_v1/scale_v2/fixed_B600_C3_GSET0-0.1_V3E2DAY1-52-53-55-5T15X26_R9FX1.json（情景集合包络 G∈(0.0, 0.1)）
[1/35] a=0.3 s=3 2919s 立项=15.0 Floor=2.51e+06
[2/35] a=1.0 s=4 2938s 立项=26.0 Floor=2.6e+06
[3/35] a=1.0 s=0 2948s 立项=24.0 Floor=2.48e+06
[4/35] a=0.5 s=0 2960s 立项=17.0 Floor=2.3e+06
[5/35] a=0.3 s=0 2969s 立项=15.0 Floor=2.51e+06
[6/35] a=0.5 s=2 2991s 立项=15.0 Floor=2.21e+06
[7/35] a=0.0 s=1 2992s 立项=15.0 Floor=2.51e+06
[8/35] a=0.15 s=3 2997s 立项=16.0 Floor=2.59e+06
[9/35] a=0.5 s=3 3000s 立项=15.0 Floor=2.34e+06
[10/35] a=0.85 s=4 3012s 立项=26.0 Floor=2.65e+06
[11/35] a=0.7 s=2 3027s 立项=22.0 Floor=2.54e+06
[12/35] a=0.85 s=0 3043s 立项=29.0 Floor=2.45e+06
[13/35] a=0.0 s=0 3060s 立项=23.0 Floor=2.44e+06
[14/35] a=0.0 s=4 3069s 立项=15.0 Floor=2.72e+06
[15/35] a=0.15 s=1 3122s 立项=16.0 Floor=2.78e+06
[16/35] a=0.7 s=3 3141s 立项=22.0 Floor=2.52e+06
[17/35] a=0.7 s=1 3149s 立项=24.0 Floor=2.53e+06
[18/35] a=0.3 s=1 3158s 立项=18.0 Floor=2.68e+06
[19/35] a=0.7 s=4 3159s 立项=24.0 Floor=2.4e+06
[20/35] a=0.15 s=4 3165s 立项=18.0 Floor=2.57e+06
[21/35] a=0.5 s=1 3179s 立项=15.0 Floor=2.36e+06
[22/35] a=0.0 s=2 3188s 立项=15.0 Floor=2.72e+06
[23/35] a=0.15 s=2 3198s 立项=15.0 Floor=2.72e+06
[24/35] a=0.3 s=2 3201s 立项=15.0 Floor=2.33e+06
[25/35] a=0.5 s=4 3218s 立项=17.0 Floor=2.29e+06
[26/35] a=0.15 s=0 3218s 立项=15.0 Floor=2.72e+06
[27/35] a=0.7 s=0 3220s 立项=26.0 Floor=2.62e+06
[28/35] a=1.0 s=3 3243s 立项=24.0 Floor=2.57e+06
[29/35] a=0.3 s=4 3250s 立项=16.0 Floor=2.46e+06
[30/35] a=1.0 s=2 3263s 立项=25.0 Floor=2.44e+06
[31/35] a=0.85 s=2 3275s 立项=11.0 Floor=2.75e+06
[32/35] a=0.85 s=1 3276s 立项=25.0 Floor=2.59e+06
[33/35] a=0.0 s=3 3278s 立项=16.0 Floor=2.6e+06
[34/35] a=1.0 s=1 3301s 立项=22.0 Floor=2.58e+06
[35/35] a=0.85 s=3 3314s 立项=26.0 Floor=2.67e+06
已写出 data/processed/gm_dataset_v1/exp_v15/budget600
### 规则基线  2026-09-15 10:08:51
年度预算 600（结转上限 3×）  配额 3  容积率年增 0%
有效期 3+2 年  失效后 本规划期内不再申请（吸收态）（无条文依据，依 2026-09 规划局实务答复）  建设年限 {1: 5, 2: 5, 3: 5, 5: 5}  折现率 0.95
批准率 (0.174, 0.212, 0.239, 0.277, 0.179)  资金口径 upfront（立项当年全额；Cost 按完工年计入）
分母缓存键 V3E2DAY1-52-53-55-5T15X26
决策期 T=15  评价期 T_eval=26  配额 3  排序键 alpha=0.5

myopic      立项  36.0  期内完工   9.4  全期完工  23.0  失效  13.0  用款    9000  期内交付率 26.1%
greedy_crh  立项  13.0  期内完工   7.2  全期完工   7.4  失效   5.6  用款    3000  期内交付率 55.4%
frontload   立项  13.0  期内完工   7.2  全期完工   7.4  失效   5.6  用款    3000  期内交付率 55.4%
evenspread  立项  15.0  期内完工   4.4  全期完工   9.4  失效   5.6  用款    8240  期内交付率 29.3%
backload    立项  13.0  期内完工   0.0  全期完工   8.0  失效   5.0  用款    4150  期内交付率  0.0%
oracle      立项  19.0  期内完工  19.0  全期完工  19.0  失效   0.0  用款    4760  期内交付率 100.0%

自查（一律以**期内完工** n_done_T 判定）：
  通过  (a) oracle 期内完工 >= 其余所有策略：oracle=19.0，其余最大=9.4（myopic）
  不成立  (b) greedy_crh 期内完工 >= myopic：greedy_crh=7.2，myopic=9.4
  通过  (c) backload 期内完工 <= frontload：frontload=7.2，backload=0.0
  通过  myopic 相对 oracle 的期内完工缺口：9.6 个（myopic 9.4 vs oracle 19.0，相当于 oracle 的 51%）

已写出 data/processed/gm_dataset_v1/exp_v15/budget600/baseline/baselines.csv
