### 主扫描  2026-09-15 10:09:22
35 个运行 × 400 迭代 × 8 回合  并行 35
年度预算 1500（结转上限 3×）  配额 3  容积率年增 0%
有效期 3+2 年  失效后 本规划期内不再申请（吸收态）（无条文依据，依 2026-09 规划局实务答复）  建设年限 {1: 5, 2: 5, 3: 5, 5: 5}  折现率 0.95
批准率 (0.174, 0.212, 0.239, 0.277, 0.179)  资金口径 upfront（立项当年全额；Cost 按完工年计入）
分母缓存键 V3E2DAY1-52-53-55-5T15X26
决策期 T=15  评价期 T_eval=26（立项与记分分离）
分母 data/processed/gm_dataset_v1/scale_v2/fixed_B1500_C3_GSET0-0.1_V3E2DAY1-52-53-55-5T15X26_R9FX1.json（情景集合包络 G∈(0.0, 0.1)）
[1/35] a=0.7 s=2 2943s 立项=23.0 Floor=6.42e+06
[2/35] a=1.0 s=1 2972s 立项=36.0 Floor=7.1e+06
[3/35] a=0.85 s=2 2982s 立项=34.0 Floor=6.5e+06
[4/35] a=0.7 s=0 3012s 立项=33.0 Floor=7.04e+06
[5/35] a=1.0 s=3 3061s 立项=45.0 Floor=6e+06
[6/35] a=1.0 s=4 3062s 立项=41.0 Floor=5.11e+06
[7/35] a=0.85 s=1 3062s 立项=16.0 Floor=7.28e+06
[8/35] a=0.15 s=3 3063s 立项=18.0 Floor=6.57e+06
[9/35] a=0.3 s=3 3064s 立项=34.0 Floor=6.3e+06
[10/35] a=1.0 s=2 3066s 立项=25.0 Floor=6.46e+06
[11/35] a=0.85 s=3 3069s 立项=34.0 Floor=6.38e+06
[12/35] a=0.5 s=2 3075s 立项=24.0 Floor=5.65e+06
[13/35] a=0.5 s=1 3079s 立项=18.0 Floor=5.34e+06
[14/35] a=0.0 s=0 3086s 立项=41.0 Floor=6.43e+06
[15/35] a=0.3 s=2 3088s 立项=17.0 Floor=6.56e+06
[16/35] a=0.7 s=3 3102s 立项=38.0 Floor=6.39e+06
[17/35] a=0.5 s=3 3106s 立项=38.0 Floor=5.15e+06
[18/35] a=0.5 s=0 3110s 立项=27.0 Floor=6.29e+06
[19/35] a=0.0 s=2 3116s 立项=35.0 Floor=6.14e+06
[20/35] a=0.3 s=1 3119s 立项=23.0 Floor=6.46e+06
[21/35] a=0.7 s=1 3120s 立项=45.0 Floor=6.88e+06
[22/35] a=0.15 s=4 3122s 立项=41.0 Floor=6.77e+06
[23/35] a=1.0 s=0 3122s 立项=31.0 Floor=6.36e+06
[24/35] a=0.85 s=4 3127s 立项=30.0 Floor=5.96e+06
[25/35] a=0.15 s=2 3130s 立项=35.2 Floor=6.41e+06
[26/35] a=0.0 s=4 3135s 立项=15.0 Floor=6.37e+06
[27/35] a=0.7 s=4 3135s 立项=30.0 Floor=6.16e+06
[28/35] a=0.3 s=0 3145s 立项=45.0 Floor=5.92e+06
[29/35] a=0.0 s=3 3148s 立项=42.0 Floor=6.32e+06
[30/35] a=0.5 s=4 3159s 立项=37.0 Floor=5.55e+06
[31/35] a=0.85 s=0 3164s 立项=28.0 Floor=6.61e+06
[32/35] a=0.3 s=4 3165s 立项=29.0 Floor=6.49e+06
[33/35] a=0.15 s=1 3165s 立项=37.0 Floor=6.46e+06
[34/35] a=0.0 s=1 3166s 立项=44.0 Floor=5.98e+06
[35/35] a=0.15 s=0 3191s 立项=41.0 Floor=6.88e+06
已写出 data/processed/gm_dataset_v1/exp_v15/budget1500
### 规则基线  2026-09-15 11:02:55
年度预算 1500（结转上限 3×）  配额 3  容积率年增 0%
有效期 3+2 年  失效后 本规划期内不再申请（吸收态）（无条文依据，依 2026-09 规划局实务答复）  建设年限 {1: 5, 2: 5, 3: 5, 5: 5}  折现率 0.95
批准率 (0.174, 0.212, 0.239, 0.277, 0.179)  资金口径 upfront（立项当年全额；Cost 按完工年计入）
分母缓存键 V3E2DAY1-52-53-55-5T15X26
决策期 T=15  评价期 T_eval=26  配额 3  排序键 alpha=0.5

myopic      立项  40.0  期内完工  11.2  全期完工  26.8  失效  13.2  用款   22450  期内交付率 28.0%
greedy_crh  立项  14.0  期内完工   7.8  全期完工   8.2  失效   5.8  用款    7490  期内交付率 55.7%
frontload   立项  14.0  期内完工   7.8  全期完工   8.2  失效   5.8  用款    7490  期内交付率 55.7%
evenspread  立项  15.0  期内完工   4.0  全期完工   9.4  失效   5.6  用款    9210  期内交付率 26.7%
backload    立项  14.0  期内完工   0.0  全期完工   8.2  失效   5.8  用款    8410  期内交付率  0.0%
oracle      立项  21.0  期内完工  21.0  全期完工  21.0  失效   0.0  用款   11970  期内交付率 100.0%

自查（一律以**期内完工** n_done_T 判定）：
  通过  (a) oracle 期内完工 >= 其余所有策略：oracle=21.0，其余最大=11.2（myopic）
  不成立  (b) greedy_crh 期内完工 >= myopic：greedy_crh=7.8，myopic=11.2
  通过  (c) backload 期内完工 <= frontload：frontload=7.8，backload=0.0
  通过  myopic 相对 oracle 的期内完工缺口：9.8 个（myopic 11.2 vs oracle 21.0，相当于 oracle 的 47%）

已写出 data/processed/gm_dataset_v1/exp_v15/budget1500/baseline/baselines.csv
