### 主扫描  2026-09-15 11:03:24
35 个运行 × 400 迭代 × 8 回合  并行 35
年度预算 900（结转上限 3×）  配额 3  容积率年增 0%
有效期 3+2 年  失效后 本规划期内不再申请（吸收态）（无条文依据，依 2026-09 规划局实务答复）  建设年限 {1: 5, 2: 5, 3: 5, 5: 5}  折现率 0.95
批准率 (1.0, 1.0, 1.0, 1.0, 1.0)  资金口径 upfront（立项当年全额；Cost 按完工年计入）
分母缓存键 V3E2DAY1-52-53-55-5T15X26A1
决策期 T=15  评价期 T_eval=26（立项与记分分离）
分母 data/processed/gm_dataset_v1/scale_v2/fixed_B900_C3_GSET0-0.1_V3E2DAY1-52-53-55-5T15X26A1_R9FX1.json（情景集合包络 G∈(0.0, 0.1)）
[1/35] a=1.0 s=4 2524s 立项=15.0 Floor=6.17e+06
[2/35] a=0.7 s=4 2536s 立项=14.0 Floor=6.11e+06
[3/35] a=0.3 s=0 2545s 立项=19.0 Floor=5.21e+06
[4/35] a=0.0 s=2 2546s 立项=15.0 Floor=5.86e+06
[5/35] a=0.3 s=3 2561s 立项=25.0 Floor=5.85e+06
[6/35] a=1.0 s=2 2587s 立项=28.0 Floor=5.94e+06
[7/35] a=1.0 s=3 2596s 立项=26.0 Floor=6.07e+06
[8/35] a=0.5 s=3 2641s 立项=20.0 Floor=5.11e+06
[9/35] a=0.15 s=4 2664s 立项=18.0 Floor=5.79e+06
[10/35] a=0.15 s=2 2760s 立项=15.0 Floor=5.83e+06
[11/35] a=0.3 s=4 2814s 立项=15.0 Floor=5.83e+06
[12/35] a=0.0 s=1 2818s 立项=16.0 Floor=5.83e+06
[13/35] a=0.0 s=3 2836s 立项=19.0 Floor=5.85e+06
[14/35] a=0.7 s=2 2844s 立项=22.0 Floor=6.05e+06
[15/35] a=0.7 s=1 2850s 立项=20.0 Floor=6.2e+06
[16/35] a=0.85 s=2 2852s 立项=24.0 Floor=5.99e+06
[17/35] a=1.0 s=1 2852s 立项=34.0 Floor=6.26e+06
[18/35] a=0.5 s=2 2856s 立项=22.0 Floor=5.13e+06
[19/35] a=0.15 s=0 2858s 立项=26.0 Floor=5.8e+06
[20/35] a=0.5 s=0 2865s 立项=21.0 Floor=5.12e+06
[21/35] a=0.15 s=1 2871s 立项=25.0 Floor=5.85e+06
[22/35] a=0.5 s=4 2871s 立项=23.0 Floor=5.12e+06
[23/35] a=0.85 s=3 2872s 立项=32.0 Floor=6.21e+06
[24/35] a=0.15 s=3 2894s 立项=16.0 Floor=5.85e+06
[25/35] a=1.0 s=0 2900s 立项=30.0 Floor=6.14e+06
[26/35] a=0.3 s=2 2901s 立项=14.0 Floor=5.78e+06
[27/35] a=0.0 s=4 2903s 立项=21.0 Floor=5.97e+06
[28/35] a=0.0 s=0 2908s 立项=15.0 Floor=5.85e+06
[29/35] a=0.3 s=1 2910s 立项=18.0 Floor=5.71e+06
[30/35] a=0.85 s=1 2920s 立项=23.0 Floor=6.21e+06
[31/35] a=0.7 s=0 2927s 立项=29.0 Floor=6.08e+06
[32/35] a=0.7 s=3 2933s 立项=25.0 Floor=5.98e+06
[33/35] a=0.85 s=0 2939s 立项=13.0 Floor=6.15e+06
[34/35] a=0.85 s=4 2963s 立项=22.0 Floor=6.04e+06
[35/35] a=0.5 s=1 2966s 立项=23.0 Floor=5.07e+06
已写出 data/processed/gm_dataset_v1/exp_v15/tauA1
### 规则基线  2026-09-15 11:53:11
年度预算 900（结转上限 3×）  配额 3  容积率年增 0%
有效期 3+2 年  失效后 本规划期内不再申请（吸收态）（无条文依据，依 2026-09 规划局实务答复）  建设年限 {1: 5, 2: 5, 3: 5, 5: 5}  折现率 0.95
批准率 (1.0, 1.0, 1.0, 1.0, 1.0)  资金口径 upfront（立项当年全额；Cost 按完工年计入）
分母缓存键 V3E2DAY1-52-53-55-5T15X26A1
决策期 T=15  评价期 T_eval=26  配额 3  排序键 alpha=0.5

myopic      立项  36.0  期内完工  20.0  全期完工  36.0  失效   0.0  用款   13430  期内交付率 55.6%
greedy_crh  立项  20.0  期内完工  20.0  全期完工  20.0  失效   0.0  用款    7180  期内交付率 100.0%
frontload   立项  14.0  期内完工  14.0  全期完工  14.0  失效   0.0  用款    4470  期内交付率 100.0%
evenspread  立项  15.0  期内完工   8.0  全期完工  15.0  失效   0.0  用款   11420  期内交付率 53.3%
backload    立项  13.0  期内完工   0.0  全期完工  13.0  失效   0.0  用款    5930  期内交付率  0.0%
oracle      立项  20.0  期内完工  20.0  全期完工  20.0  失效   0.0  用款    7180  期内交付率 100.0%

自查（一律以**期内完工** n_done_T 判定）：
  通过  (a) oracle 期内完工 >= 其余所有策略：oracle=20.0，其余最大=20.0（greedy_crh）
  通过  (b) greedy_crh 期内完工 >= myopic：greedy_crh=20.0，myopic=20.0
  通过  (c) backload 期内完工 <= frontload：frontload=14.0，backload=0.0
  通过  myopic 相对 oracle 的期内完工缺口：0.0 个（myopic 20.0 vs oracle 20.0，相当于 oracle 的 0%）

已写出 data/processed/gm_dataset_v1/exp_v15/tauA1/baseline/baselines.csv
