批次 v4 开始  2026-09-04 04:07:24  WORKERS=35  ITERS=400

===== 第 1/6 组：基线（实测标定制度参数）  (2026-09-04 04:07:24)
      参数：（默认）   输出：data/processed/gm_dataset_v1/exp_v4/base
To https://github.com/Lycho556/TP-MORL.git
   fb7780a..fef74f0  HEAD -> main
[push] 成功

===== 第 2/6 组：冷却期 0 档（核心主张压力测试）  (2026-09-04 04:43:36)
      参数：--cooldown 0   输出：data/processed/gm_dataset_v1/exp_v4/cool0
To https://github.com/Lycho556/TP-MORL.git
   fef74f0..9b83330  HEAD -> main
[push] 成功

===== 第 3/6 组：现行法定窗口 2+1 年（条文对照）  (2026-09-04 05:22:19)
      参数：--tau-valid 2 --tau-ext 1   输出：data/processed/gm_dataset_v1/exp_v4/statutory
To https://github.com/Lycho556/TP-MORL.git
   9b83330..f9a64b9  HEAD -> main
[push] 成功

===== 第 4/6 组：冷却期 1 档  (2026-09-04 06:05:13)
      参数：--cooldown 1   输出：data/processed/gm_dataset_v1/exp_v4/cool1
To https://github.com/Lycho556/TP-MORL.git
   f9a64b9..d698740  HEAD -> main
[push] 成功

===== 第 5/6 组：冷却期 3 档  (2026-09-04 06:51:10)
      参数：--cooldown 3   输出：data/processed/gm_dataset_v1/exp_v4/cool3
To https://github.com/Lycho556/TP-MORL.git
   d698740..186c5bb  HEAD -> main
[push] 成功

===== 第 6/6 组：建设年限 3 年（访谈前旧值，敏感性）  (2026-09-04 07:32:21)
      参数：--build-years 3   输出：data/processed/gm_dataset_v1/exp_v4/build3
