### 分母预建  2026-09-04 04:07:24
情景 B900_C3_G0_V3E2D2Y1-52-53-55-5T15_R4  参考策略 45 次
年度预算 900（结转上限 3×）  配额 3  容积率年增 0%
有效期 3+2 年  冷却 2 年（无条文依据）  建设年限 {1: 5, 2: 5, 3: 5, 5: 5}
规划期 T=15

各参考策略的折扣回报（种子均值）：
          Gdp     Eco     Res     Emp     Aec    E2r     Cpt      Floor    Cost  Disrupt  Expire
big      -5.7  -511.5   582.3  -123.3 -2120.3  282.6 -1332.4  1855170.4 -1997.2    -48.0    -2.3
small     0.0     0.0     0.0     0.0     0.0    0.0     0.0   586076.3  -376.2 -16553.4    -5.9
rand    246.0  -226.5   -31.3    95.6 -1180.3   63.2  -602.0  1905868.6 -1744.0 -22819.8    -5.6
none      0.0     0.0     0.0     0.0     0.0    0.0     0.0        0.0     0.0      0.0     0.0
eco    -205.4  1763.1     0.0  -250.5  1764.2  248.3 -2298.2  1798307.3 -2039.0  -1461.4    -3.3
gdp    2483.5     0.0 -1535.9  1251.5  1189.9  437.9  -476.5  1864759.1 -2163.6 -24094.1    -3.0
res       0.0     0.0  1201.7     0.0   -75.3 -266.8  -354.8  1492080.5 -2002.8 -13147.1    -4.3
emp    2683.4     0.0 -1822.6  1354.9  1115.4  652.8  -511.2  2018851.4 -2315.8 -27050.0    -2.8
cpt     233.5   888.9   -21.7  -100.8   677.4  -88.9   782.7  1528668.4 -1871.9 -28452.3    -5.1

分母（每目标取跨策略的绝对值上界）：
Gdp           2683.39
Eco           1763.07
Res           1822.57
Emp           1354.93
Aec           2120.33
E2r            652.77
Cpt           2298.24
Floor      2018851.39
Cost          2315.78
Disrupt      28452.33
Expire           5.90

已写出 data/processed/gm_dataset_v1/scale_v2/ref_B900_C3_G0_V3E2D2Y1-52-53-55-5T15_R4.csv

### 主扫描  2026-09-04 04:07:48
35 个运行 × 400 迭代 × 8 回合  并行 35
年度预算 900（结转上限 3×）  配额 3  容积率年增 0%
有效期 3+2 年  冷却 2 年（无条文依据）  建设年限 {1: 5, 2: 5, 3: 5, 5: 5}
规划期 T=15
分母 data/processed/gm_dataset_v1/scale_v2/ref_B900_C3_G0_V3E2D2Y1-52-53-55-5T15_R4.csv
[1/35] a=0.5 s=3 1899s 立项=35.4 Floor=1.85e+06
[2/35] a=0.3 s=2 1938s 立项=25.2 Floor=2.3e+06
[3/35] a=0.85 s=3 1938s 立项=32.0 Floor=2.34e+06
[4/35] a=0.15 s=2 1939s 立项=22.0 Floor=2.11e+06
[5/35] a=0.5 s=2 1945s 立项=16.0 Floor=1.76e+06
[6/35] a=0.0 s=1 1947s 立项=27.2 Floor=2.14e+06
[7/35] a=1.0 s=2 1968s 立项=21.6 Floor=2.01e+06
[8/35] a=0.15 s=3 1983s 立项=21.0 Floor=1.84e+06
[9/35] a=0.7 s=3 1987s 立项=18.8 Floor=1.77e+06
[10/35] a=1.0 s=4 1994s 立项=27.8 Floor=2e+06
[11/35] a=0.7 s=2 2039s 立项=22.2 Floor=1.96e+06
[12/35] a=0.3 s=4 2041s 立项=19.0 Floor=1.77e+06
[13/35] a=0.0 s=2 2042s 立项=18.8 Floor=2.1e+06
[14/35] a=0.5 s=1 2045s 立项=20.8 Floor=1.91e+06
[15/35] a=0.7 s=1 2048s 立项=33.6 Floor=2.29e+06
[16/35] a=0.85 s=4 2049s 立项=45.0 Floor=1.22e+06
[17/35] a=0.5 s=0 2067s 立项=35.6 Floor=2.33e+06
[18/35] a=0.7 s=4 2072s 立项=23.4 Floor=2.08e+06
[19/35] a=1.0 s=1 2074s 立项=38.4 Floor=1.98e+06
[20/35] a=0.15 s=1 2078s 立项=15.0 Floor=2e+06
[21/35] a=0.3 s=3 2082s 立项=15.0 Floor=2e+06
[22/35] a=0.85 s=1 2083s 立项=23.4 Floor=1.82e+06
[23/35] a=1.0 s=3 2084s 立项=15.0 Floor=1.8e+06
[24/35] a=0.3 s=1 2087s 立项=32.2 Floor=2.01e+06
[25/35] a=0.5 s=4 2090s 立项=16.8 Floor=1.47e+06
[26/35] a=0.85 s=0 2094s 立项=34.2 Floor=2.28e+06
[27/35] a=0.0 s=4 2102s 立项=17.0 Floor=2e+06
[28/35] a=1.0 s=0 2105s 立项=25.0 Floor=2.07e+06
[29/35] a=0.15 s=0 2107s 立项=44.6 Floor=1.5e+06
[30/35] a=0.7 s=0 2107s 立项=20.6 Floor=1.47e+06
[31/35] a=0.0 s=0 2110s 立项=23.0 Floor=2.11e+06
[32/35] a=0.15 s=4 2110s 立项=30.2 Floor=1.92e+06
[33/35] a=0.3 s=0 2114s 立项=35.4 Floor=2.03e+06
[34/35] a=0.0 s=3 2124s 立项=36.4 Floor=2.11e+06
[35/35] a=0.85 s=2 2130s 立项=45.0 Floor=1.81e+06
已写出 data/processed/gm_dataset_v1/exp_v4/base
