### 分母预建  2026-09-04 07:32:21
情景 B900_C3_G0_V3E2D2Y1-32-33-35-3T15_R4  参考策略 45 次
年度预算 900（结转上限 3×）  配额 3  容积率年增 0%
有效期 3+2 年  冷却 2 年（无条文依据）  建设年限 {1: 3, 2: 3, 3: 3, 5: 3}
规划期 T=15

各参考策略的折扣回报（种子均值）：
          Gdp     Eco     Res     Emp     Aec     E2r     Cpt      Floor    Cost  Disrupt  Expire
big      -0.6  -759.9   887.5  -187.5 -3143.2   265.3 -1885.0  2544918.5 -2846.0    -30.3    -2.3
small     0.0     0.0     0.0     0.0     0.0     0.0     0.0   785807.6  -501.3 -11428.6    -5.9
rand    370.8  -412.2   -91.7   145.5 -1726.6   188.6 -1140.5  2898649.9 -2726.4 -15604.1    -5.6
none      0.0     0.0     0.0     0.0     0.0     0.0     0.0        0.0     0.0      0.0     0.0
eco    -253.4  2203.4     0.0  -310.9  2206.3   308.5 -2792.6  2260350.2 -2550.7  -1210.8    -3.3
gdp    3463.8     0.0 -2264.2  1745.8  1459.3  1015.3  -628.8  2601248.5 -2997.9 -16345.6    -3.0
res       0.0     0.0  1587.1     0.0   -99.1  -362.5  -455.3  1970699.8 -2645.2  -9167.7    -4.3
emp    3807.9     0.0 -2618.5  1921.7  1427.5  1180.3  -712.4  2863390.9 -3278.9 -18090.1    -2.8
cpt     306.4  1105.7  -316.2  -125.5   763.7   103.4  1019.7  2345498.5 -2774.6 -19431.4    -5.1

分母（每目标取跨策略的绝对值上界）：
Gdp           3807.93
Eco           2203.36
Res           2618.54
Emp           1921.74
Aec           3143.24
E2r           1180.27
Cpt           2792.65
Floor      2898649.85
Cost          3278.94
Disrupt      19431.42
Expire           5.90

已写出 data/processed/gm_dataset_v1/scale_v2/ref_B900_C3_G0_V3E2D2Y1-32-33-35-3T15_R4.csv

### 主扫描  2026-09-04 07:32:41
35 个运行 × 400 迭代 × 8 回合  并行 35
年度预算 900（结转上限 3×）  配额 3  容积率年增 0%
有效期 3+2 年  冷却 2 年（无条文依据）  建设年限 {1: 3, 2: 3, 3: 3, 5: 3}
规划期 T=15
分母 data/processed/gm_dataset_v1/scale_v2/ref_B900_C3_G0_V3E2D2Y1-32-33-35-3T15_R4.csv
[1/35] a=1.0 s=3 1861s 立项=21.4 Floor=2.71e+06
[2/35] a=0.3 s=3 1863s 立项=36.4 Floor=2.52e+06
[3/35] a=1.0 s=0 1874s 立项=15.0 Floor=2.62e+06
[4/35] a=1.0 s=4 1889s 立项=45.0 Floor=1.65e+06
[5/35] a=0.85 s=0 1907s 立项=21.6 Floor=2.51e+06
[6/35] a=0.15 s=4 1946s 立项=21.0 Floor=3.29e+06
[7/35] a=0.0 s=4 2056s 立项=27.4 Floor=2.81e+06
[8/35] a=0.5 s=2 2081s 立项=25.4 Floor=2.79e+06
[9/35] a=0.15 s=2 2091s 立项=17.0 Floor=2.74e+06
[10/35] a=0.15 s=0 2097s 立项=21.6 Floor=2.76e+06
[11/35] a=0.85 s=1 2099s 立项=22.0 Floor=2.96e+06
[12/35] a=0.15 s=1 2110s 立项=27.0 Floor=6.79e+05
[13/35] a=0.85 s=4 2115s 立项=44.2 Floor=2.82e+06
[14/35] a=0.3 s=4 2116s 立项=21.0 Floor=2.87e+06
[15/35] a=0.0 s=0 2127s 立项=15.0 Floor=2.42e+06
[16/35] a=0.7 s=0 2142s 立项=41.2 Floor=3.01e+06
[17/35] a=0.5 s=0 2143s 立项=33.0 Floor=3.14e+06
[18/35] a=0.3 s=0 2150s 立项=19.8 Floor=2.53e+06
[19/35] a=0.7 s=3 2152s 立项=25.8 Floor=3.38e+06
[20/35] a=0.0 s=2 2152s 立项=25.0 Floor=2.66e+06
[21/35] a=0.0 s=1 2153s 立项=44.0 Floor=2.56e+06
[22/35] a=0.85 s=2 2160s 立项=29.6 Floor=2.86e+06
[23/35] a=1.0 s=1 2162s 立项=27.0 Floor=2.73e+06
[24/35] a=0.3 s=1 2163s 立项=21.0 Floor=3.03e+06
[25/35] a=0.7 s=4 2165s 立项=32.6 Floor=3.03e+06
[26/35] a=0.7 s=1 2166s 立项=23.8 Floor=2.96e+06
[27/35] a=0.5 s=1 2166s 立项=21.8 Floor=2.81e+06
[28/35] a=0.15 s=3 2167s 立项=34.2 Floor=2.68e+06
[29/35] a=0.3 s=2 2168s 立项=15.0 Floor=2.76e+06
[30/35] a=0.5 s=3 2171s 立项=33.4 Floor=2.85e+06
[31/35] a=0.85 s=3 2182s 立项=22.0 Floor=2.88e+06
[32/35] a=0.0 s=3 2188s 立项=37.6 Floor=2.8e+06
[33/35] a=1.0 s=2 2194s 立项=23.0 Floor=2.99e+06
[34/35] a=0.5 s=4 2205s 立项=27.6 Floor=3.12e+06
[35/35] a=0.7 s=2 2215s 立项=44.2 Floor=1.37e+06
已写出 data/processed/gm_dataset_v1/exp_v4/build3
