### 分母预建  2026-09-08 18:50:49
情景 B900_C3_G0_V3E2DAY1-52-53-55-5T15_R7  参考策略 45 次
年度预算 900（结转上限 3×）  配额 3  容积率年增 0%
有效期 3+2 年  失效后 本规划期内不再申请（吸收态）（无条文依据，依 2026-09 规划局实务答复）  建设年限 {1: 5, 2: 5, 3: 5, 5: 5}
规划期 T=15

各参考策略的折扣回报（种子均值）：
          Gdp     Eco     Res     Emp     Aec    E2r     Cpt      Floor    Cost  Disrupt  Expire
big    1236.2   868.4     0.0   243.1  2454.9 -197.9 -1167.5  1657768.9 -2187.7 -12316.2    -2.1
small     0.0     0.0     0.0     0.0     0.0    0.0     0.0   568851.3  -380.5 -15315.3    -6.2
rand    246.0  -226.5   -31.3    95.6 -1180.3   63.2  -602.0  1905868.6 -1744.0 -24224.7    -5.2
none      0.0     0.0     0.0     0.0     0.0    0.0     0.0        0.0     0.0      0.0     0.0
eco    -169.6  1708.1     0.0  -227.2  1715.3  226.5 -2172.4  1654260.1 -1867.7  -1482.8    -3.1
gdp    2537.2     0.0 -1838.2  1279.9   954.4  903.5  -440.5  1907079.7 -2168.1 -22033.3    -3.6
res       0.0     0.0  1203.5     0.0   -92.6 -401.4  -285.0  1494336.7 -2005.8 -14081.0    -4.0
emp    2537.2     0.0 -1838.2  1279.9   954.4  903.5  -440.5  1907079.7 -2168.1 -22033.3    -3.6
cpt     338.6   936.9    26.8   -51.7   771.9 -140.6   762.9  1439946.4 -1788.6 -26876.3    -5.4

已并入学习策略 35 次 / 7 个权重档（第 1 轮）。
仅由人工参考集决定的分母 vs 并入后：
                第0轮           第1轮      倍数
Eco    1.708128e+03  2.015665e+03  1.1800
Aec    2.454904e+03  3.700243e+03  1.5073
Floor  1.907080e+06  2.339528e+06  1.2268
Cost   2.187672e+03  2.412970e+03  1.1030

分母（每目标取跨策略的绝对值上界）：
Gdp           2537.18
Eco           2015.66
Res           1838.22
Emp           1279.92
Aec           3700.24
E2r            903.51
Cpt           2172.38
Floor      2339527.90
Cost          2412.97
Disrupt      26876.29
Expire           6.20

已写出 data/processed/gm_dataset_v1/scale_v2/ref_B900_C3_G0_V3E2DAY1-52-53-55-5T15_R7.csv

### 主扫描  2026-09-08 18:50:59
35 个运行 × 400 迭代 × 8 回合  并行 8
年度预算 900（结转上限 3×）  配额 3  容积率年增 0%
有效期 3+2 年  失效后 本规划期内不再申请（吸收态）（无条文依据，依 2026-09 规划局实务答复）  建设年限 {1: 5, 2: 5, 3: 5, 5: 5}
规划期 T=15
分母 data/processed/gm_dataset_v1/scale_v2/ref_B900_C3_G0_V3E2DAY1-52-53-55-5T15_R7.csv
[1/35] a=0.0 s=3 1713s 立项=18.0 Floor=1.47e+06
[2/35] a=0.0 s=2 1730s 立项=20.0 Floor=2.23e+06
[3/35] a=0.15 s=2 1730s 立项=19.0 Floor=2.1e+06
[4/35] a=0.15 s=1 1733s 立项=33.0 Floor=2.1e+06
[5/35] a=0.15 s=0 1736s 立项=15.0 Floor=2e+06
[6/35] a=0.0 s=0 1737s 立项=28.0 Floor=2.28e+06
[7/35] a=0.0 s=1 1737s 立项=15.0 Floor=1.69e+06
[8/35] a=0.0 s=4 1741s 立项=33.0 Floor=2.11e+06
[9/35] a=0.15 s=3 1776s 立项=17.0 Floor=1.76e+06
[10/35] a=0.3 s=1 1774s 立项=15.0 Floor=1.69e+06
[11/35] a=0.15 s=4 1780s 立项=21.0 Floor=1.84e+06
[12/35] a=0.3 s=0 1784s 立项=16.0 Floor=1.41e+06
[13/35] a=0.3 s=3 1796s 立项=20.0 Floor=2e+06
[14/35] a=0.3 s=2 1798s 立项=34.0 Floor=2.25e+06
[15/35] a=0.5 s=0 1795s 立项=23.0 Floor=2.01e+06
[16/35] a=0.3 s=4 1802s 立项=38.0 Floor=2.26e+06
[17/35] a=0.5 s=1 1802s 立项=23.0 Floor=1.87e+06
[18/35] a=0.5 s=2 1807s 立项=23.0 Floor=1.72e+06
[19/35] a=0.5 s=3 1807s 立项=22.0 Floor=2.01e+06
[20/35] a=0.5 s=4 1819s 立项=25.0 Floor=1.98e+06
[21/35] a=0.7 s=0 1824s 立项=39.0 Floor=8.84e+05
[22/35] a=0.7 s=3 1819s 立项=20.0 Floor=1.6e+06
[23/35] a=0.7 s=2 1823s 立项=24.0 Floor=1.8e+06
[24/35] a=0.7 s=1 1833s 立项=26.0 Floor=2.07e+06
[25/35] a=0.7 s=4 1832s 立项=20.0 Floor=2.05e+06
[26/35] a=0.85 s=1 1832s 立项=31.0 Floor=1.87e+06
[27/35] a=0.85 s=0 1836s 立项=26.0 Floor=2.12e+06
[28/35] a=0.85 s=2 1841s 立项=24.0 Floor=2.26e+06
[29/35] a=1.0 s=0 1845s 立项=22.0 Floor=1.71e+06
[30/35] a=0.85 s=4 1847s 立项=23.0 Floor=1.94e+06
[31/35] a=0.85 s=3 1851s 立项=20.0 Floor=1.86e+06
[32/35] a=1.0 s=1 1849s 立项=23.0 Floor=2.23e+06
[33/35] a=1.0 s=2 1406s 立项=45.0 Floor=8.54e+05
[34/35] a=1.0 s=3 1396s 立项=26.0 Floor=1.92e+06
[35/35] a=1.0 s=4 1403s 立项=30.0 Floor=1.67e+06
已写出 data/processed/gm_dataset_v1/exp_v7/base
