35 个运行 × 400 迭代 × 8 回合  并行 6
年度预算 900（结转上限 3×）  配额 3  容积率年增 0%
有效期 3+2 年  失效后 本规划期内不再申请（吸收态）（无条文依据，依 2026-09 规划局实务答复）  建设年限 {1: 5, 2: 5, 3: 5, 5: 5}
规划期 T=15
分母 data/processed/gm_dataset_v1/scale_v2/ref_B900_C3_G0_V3E2DAY1-52-53-55-5T15_R7.csv
[1/35] a=0.0 s=4 1605s 立项=15.0 Floor=2e+06
[2/35] a=0.0 s=1 1609s 立项=16.0 Floor=1.5e+06
[3/35] a=0.0 s=3 1618s 立项=21.0 Floor=2.1e+06
[4/35] a=0.0 s=0 1624s 立项=21.0 Floor=2.02e+06
[5/35] a=0.15 s=0 1626s 立项=15.0 Floor=2e+06
[6/35] a=0.0 s=2 1637s 立项=29.0 Floor=2.07e+06
[7/35] a=0.15 s=2 1563s 立项=12.0 Floor=1.8e+06
[8/35] a=0.15 s=1 1568s 立项=24.0 Floor=2.09e+06
[9/35] a=0.3 s=0 1562s 立项=15.0 Floor=2e+06
[10/35] a=0.15 s=4 1568s 立项=15.0 Floor=1.92e+06
[11/35] a=0.15 s=3 1580s 立项=21.0 Floor=1.83e+06
[12/35] a=0.3 s=1 1584s 立项=40.0 Floor=2.08e+06
[13/35] a=0.3 s=2 1529s 立项=21.0 Floor=2.11e+06
[14/35] a=0.3 s=3 1540s 立项=33.0 Floor=2.2e+06
[15/35] a=0.5 s=0 1526s 立项=26.0 Floor=1.89e+06
[16/35] a=0.3 s=4 1535s 立项=15.0 Floor=1.61e+06
[17/35] a=0.5 s=1 1528s 立项=29.0 Floor=2.07e+06
[18/35] a=0.5 s=2 1523s 立项=31.0 Floor=2.2e+06
[19/35] a=0.5 s=3 1571s 立项=43.0 Floor=2.17e+06
[20/35] a=0.5 s=4 1577s 立项=27.0 Floor=2.26e+06
[21/35] a=0.7 s=0 1576s 立项=13.0 Floor=1.73e+06
[22/35] a=0.7 s=1 1577s 立项=31.0 Floor=1.97e+06
[23/35] a=0.7 s=2 1580s 立项=25.0 Floor=2.19e+06
[24/35] a=0.7 s=3 1565s 立项=22.0 Floor=1.58e+06
[25/35] a=0.85 s=0 1654s 立项=1.0 Floor=6.05e+04
[26/35] a=0.7 s=4 1684s 立项=24.0 Floor=2.05e+06
[27/35] a=0.85 s=1 1679s 立项=22.0 Floor=2.08e+06
[28/35] a=0.85 s=2 1690s 立项=28.0 Floor=2.32e+06
[29/35] a=0.85 s=3 1686s 立项=34.0 Floor=1.27e+06
[30/35] a=0.85 s=4 1692s 立项=18.0 Floor=1.91e+06
[31/35] a=1.0 s=0 1520s 立项=45.0 Floor=1.19e+06
[32/35] a=1.0 s=1 1541s 立项=38.0 Floor=1.65e+06
[33/35] a=1.0 s=2 1527s 立项=20.0 Floor=1.84e+06
[34/35] a=1.0 s=4 1528s 立项=26.0 Floor=1.75e+06
[35/35] a=1.0 s=3 1531s 立项=44.0 Floor=1.87e+06
已写出 data/processed/gm_dataset_v1/exp_v8/base_fx
