35 个运行 × 400 迭代 × 8 回合  并行 8
年度预算 900（结转上限 3×）  配额 3  容积率年增 10%
有效期 3+2 年  失效后 本规划期内不再申请（吸收态）（无条文依据，依 2026-09 规划局实务答复）  建设年限 {1: 5, 2: 5, 3: 5, 5: 5}
规划期 T=15
分母 data/processed/gm_dataset_v1/scale_v2/ref_B900_C3_G0_V3E2DAY1-52-53-55-5T15_R7.csv（锁定：动力学 G=0.1，分母取 G=0.0）
[1/35] a=0.0 s=1 2506s 立项=15.0 Floor=4.77e+06
[2/35] a=0.15 s=0 2514s 立项=37.0 Floor=5.57e+06
[3/35] a=0.15 s=1 2515s 立项=18.0 Floor=5.36e+06
[4/35] a=0.0 s=4 2516s 立项=33.0 Floor=6.39e+06
[5/35] a=0.15 s=2 2517s 立项=23.0 Floor=5.5e+06
[6/35] a=0.0 s=3 2518s 立项=18.0 Floor=4.24e+06
[7/35] a=0.0 s=0 2520s 立项=28.0 Floor=6.93e+06
[8/35] a=0.0 s=2 2527s 立项=20.0 Floor=6.76e+06
[9/35] a=0.15 s=3 1778s 立项=15.0 Floor=6.04e+06
[10/35] a=0.3 s=2 1776s 立项=39.0 Floor=6.01e+06
[11/35] a=0.15 s=4 1782s 立项=21.0 Floor=5.98e+06
[12/35] a=0.3 s=1 1784s 立项=23.0 Floor=6.31e+06
[13/35] a=0.3 s=0 1789s 立项=25.0 Floor=6.62e+06
[14/35] a=0.3 s=4 1791s 立项=22.0 Floor=6.35e+06
[15/35] a=0.5 s=0 1802s 立项=45.0 Floor=5.24e+06
[16/35] a=0.3 s=3 1817s 立项=15.0 Floor=5.21e+06
[17/35] a=0.5 s=1 1746s 立项=33.0 Floor=6.38e+06
[18/35] a=0.5 s=2 1742s 立项=27.0 Floor=8.22e+06
[19/35] a=0.5 s=3 1752s 立项=27.0 Floor=5.23e+06
[20/35] a=0.5 s=4 1755s 立项=36.0 Floor=6.34e+06
[21/35] a=0.7 s=0 1752s 立项=44.0 Floor=3.24e+06
[22/35] a=0.7 s=1 1763s 立项=26.0 Floor=9.66e+06
[23/35] a=0.7 s=2 1766s 立项=34.0 Floor=1.03e+07
[24/35] a=0.7 s=3 1784s 立项=45.0 Floor=5.44e+06
[25/35] a=0.85 s=0 1732s 立项=24.0 Floor=5.71e+06
[26/35] a=0.7 s=4 1743s 立项=30.0 Floor=9.13e+06
[27/35] a=0.85 s=1 1743s 立项=37.0 Floor=1.01e+07
[28/35] a=0.85 s=2 1748s 立项=45.0 Floor=4.23e+06
[29/35] a=0.85 s=3 1749s 立项=3.0 Floor=5.86e+05
[30/35] a=0.85 s=4 1752s 立项=10.0 Floor=5.21e+06
[31/35] a=1.0 s=0 1746s 立项=0.0 Floor=0
[32/35] a=1.0 s=1 1763s 立项=22.0 Floor=6.38e+06
[33/35] a=1.0 s=2 1283s 立项=40.0 Floor=1.22e+07
[34/35] a=1.0 s=3 1286s 立项=45.0 Floor=5.42e+06
[35/35] a=1.0 s=4 1269s 立项=20.0 Floor=6.33e+06
已写出 g010
