### 主扫描  2026-09-16 00:08:59
35 个运行 × 400 迭代 × 8 回合  并行 35
年度预算 2700（结转上限 3×）  配额 3  容积率年增 0%
有效期 3+2 年  失效后 本规划期内不再申请（吸收态）（无条文依据，依 2026-09 规划局实务答复）  建设年限 {1: 5, 2: 5, 3: 5, 5: 5}  折现率 0.95
批准率 (1.0, 1.0, 1.0, 1.0, 1.0)  资金口径 upfront（立项当年全额；Cost 按完工年计入）
分母缓存键 V3E2DAY1-52-53-55-5T15X26A1
决策期 T=15  评价期 T_eval=26（立项与记分分离）
分母 data/processed/gm_dataset_v1/scale_v2/fixed_B2700_C3_GSET0-0.1_V3E2DAY1-52-53-55-5T15X26A1_R9FX1.json（情景集合包络 G∈(0.0, 0.1)）
[1/35] a=0.5 s=0 2581s 立项=44.0 Floor=1.53e+07
[2/35] a=0.15 s=0 2654s 立项=45.0 Floor=1.76e+07
[3/35] a=0.5 s=4 3232s 立项=45.0 Floor=1.49e+07
[4/35] a=0.85 s=1 3265s 立项=43.0 Floor=1.85e+07
[5/35] a=0.0 s=3 3281s 立项=45.0 Floor=1.75e+07
[6/35] a=0.85 s=0 3294s 立项=39.0 Floor=1.84e+07
[7/35] a=1.0 s=3 3305s 立项=41.0 Floor=1.84e+07
[8/35] a=0.15 s=2 3305s 立项=44.0 Floor=1.76e+07
[9/35] a=0.3 s=0 3307s 立项=43.0 Floor=1.74e+07
[10/35] a=0.3 s=3 3307s 立项=42.0 Floor=1.75e+07
[11/35] a=0.5 s=2 3319s 立项=44.0 Floor=1.48e+07
[12/35] a=0.7 s=1 3324s 立项=43.0 Floor=1.84e+07
[13/35] a=0.15 s=4 3333s 立项=45.0 Floor=1.74e+07
[14/35] a=0.0 s=0 3341s 立项=43.0 Floor=1.75e+07
[15/35] a=0.85 s=3 3342s 立项=44.0 Floor=1.85e+07
[16/35] a=0.3 s=1 3342s 立项=45.0 Floor=1.75e+07
[17/35] a=0.0 s=4 3342s 立项=45.0 Floor=1.75e+07
[18/35] a=0.7 s=0 3345s 立项=44.0 Floor=1.83e+07
[19/35] a=0.3 s=4 3352s 立项=45.0 Floor=1.74e+07
[20/35] a=0.0 s=2 3361s 立项=45.0 Floor=1.77e+07
[21/35] a=0.5 s=1 3366s 立项=41.0 Floor=1.51e+07
[22/35] a=0.15 s=1 3370s 立项=45.0 Floor=1.74e+07
[23/35] a=0.7 s=2 3382s 立项=42.0 Floor=1.84e+07
[24/35] a=1.0 s=2 3387s 立项=43.0 Floor=1.85e+07
[25/35] a=0.0 s=1 3389s 立项=44.0 Floor=1.75e+07
[26/35] a=0.15 s=3 3392s 立项=39.0 Floor=1.76e+07
[27/35] a=0.7 s=4 3396s 立项=42.0 Floor=1.85e+07
[28/35] a=0.7 s=3 3416s 立项=42.0 Floor=1.83e+07
[29/35] a=1.0 s=0 3418s 立项=41.0 Floor=1.86e+07
[30/35] a=0.85 s=4 3431s 立项=43.0 Floor=1.85e+07
[31/35] a=1.0 s=1 3440s 立项=43.0 Floor=1.84e+07
[32/35] a=0.5 s=3 3445s 立项=43.0 Floor=1.52e+07
[33/35] a=1.0 s=4 3452s 立项=42.0 Floor=1.85e+07
[34/35] a=0.3 s=2 3462s 立项=40.0 Floor=1.76e+07
[35/35] a=0.85 s=2 3475s 立项=44.0 Floor=1.84e+07
已写出 data/processed/gm_dataset_v1/exp_v16/tauA1
### 规则基线  2026-09-16 01:08:19
年度预算 2700（结转上限 3×）  配额 3  容积率年增 0%
有效期 3+2 年  失效后 本规划期内不再申请（吸收态）（无条文依据，依 2026-09 规划局实务答复）  建设年限 {1: 5, 2: 5, 3: 5, 5: 5}  折现率 0.95
批准率 (1.0, 1.0, 1.0, 1.0, 1.0)  资金口径 upfront（立项当年全额；Cost 按完工年计入）
分母缓存键 V3E2DAY1-52-53-55-5T15X26A1
决策期 T=15  评价期 T_eval=26  配额 3  排序键 alpha=0.5

myopic      立项  45.0  期内完工  24.0  全期完工  45.0  失效   0.0  用款   37030  期内交付率 53.3%
greedy_crh  立项  24.0  期内完工  24.0  全期完工  24.0  失效   0.0  用款   16250  期内交付率 100.0%
frontload   立项  15.0  期内完工  15.0  全期完工  15.0  失效   0.0  用款    8350  期内交付率 100.0%
evenspread  立项  15.0  期内完工   8.0  全期完工  15.0  失效   0.0  用款    8350  期内交付率 53.3%
backload    立项  15.0  期内完工   0.0  全期完工  15.0  失效   0.0  用款    8350  期内交付率  0.0%
oracle      立项  24.0  期内完工  24.0  全期完工  24.0  失效   0.0  用款   16250  期内交付率 100.0%

自查（一律以**期内完工** n_done_T 判定）：
  通过  (a) oracle 期内完工 >= 其余所有策略：oracle=24.0，其余最大=24.0（greedy_crh）
  通过  (b) greedy_crh 期内完工 >= myopic：greedy_crh=24.0，myopic=24.0
  通过  (c) backload 期内完工 <= frontload：frontload=15.0，backload=0.0
  通过  myopic 相对 oracle 的期内完工缺口：0.0 个（myopic 24.0 vs oracle 24.0，相当于 oracle 的 0%）

已写出 data/processed/gm_dataset_v1/exp_v16/tauA1/baseline/baselines.csv
