### 主扫描  2026-09-16 01:08:47
35 个运行 × 400 迭代 × 8 回合  并行 35
年度预算 2700（结转上限 3×）  配额 3  容积率年增 0%
有效期 3+2 年  失效后 本规划期内不再申请（吸收态）（无条文依据，依 2026-09 规划局实务答复）  建设年限 {1: 5, 2: 5, 3: 5, 5: 5}  折现率 0.95
批准率 (0.2, 0.2, 0.2, 0.2, 0.2)  资金口径 upfront（立项当年全额；Cost 按完工年计入）
分母缓存键 V3E2DAY1-52-53-55-5T15X26A5
决策期 T=15  评价期 T_eval=26（立项与记分分离）
分母 data/processed/gm_dataset_v1/scale_v2/fixed_B2700_C3_GSET0-0.1_V3E2DAY1-52-53-55-5T15X26A5_R9FX1.json（情景集合包络 G∈(0.0, 0.1)）
[1/35] a=1.0 s=3 2478s 立项=44.0 Floor=1.14e+07
[2/35] a=0.7 s=4 2613s 立项=32.0 Floor=1.05e+07
[3/35] a=0.3 s=3 3102s 立项=32.0 Floor=9.22e+06
[4/35] a=0.15 s=0 3134s 立项=45.0 Floor=1.05e+07
[5/35] a=1.0 s=0 3136s 立项=41.0 Floor=1.04e+07
[6/35] a=0.3 s=1 3180s 立项=42.0 Floor=1.07e+07
[7/35] a=0.5 s=1 3180s 立项=45.0 Floor=8.99e+06
[8/35] a=0.85 s=0 3183s 立项=39.0 Floor=1.18e+07
[9/35] a=0.5 s=0 3188s 立项=40.0 Floor=1.01e+07
[10/35] a=0.5 s=4 3191s 立项=16.0 Floor=5.66e+06
[11/35] a=0.7 s=1 3207s 立项=37.0 Floor=1.07e+07
[12/35] a=0.15 s=4 3212s 立项=40.0 Floor=1.05e+07
[13/35] a=0.0 s=2 3214s 立项=36.0 Floor=1.08e+07
[14/35] a=0.85 s=3 3224s 立项=42.0 Floor=1.09e+07
[15/35] a=1.0 s=2 3229s 立项=35.0 Floor=9.91e+06
[16/35] a=0.85 s=1 3254s 立项=42.0 Floor=1.05e+07
[17/35] a=0.15 s=3 3256s 立项=31.0 Floor=1.08e+07
[18/35] a=0.85 s=4 3263s 立项=38.0 Floor=1.08e+07
[19/35] a=0.0 s=1 3267s 立项=39.0 Floor=1.1e+07
[20/35] a=0.5 s=2 3268s 立项=41.0 Floor=1.01e+07
[21/35] a=0.0 s=0 3276s 立项=39.0 Floor=1.05e+07
[22/35] a=0.0 s=3 3291s 立项=43.0 Floor=1.1e+07
[23/35] a=0.15 s=1 3304s 立项=45.0 Floor=1.04e+07
[24/35] a=0.15 s=2 3305s 立项=45.0 Floor=1.05e+07
[25/35] a=0.5 s=3 3316s 立项=45.0 Floor=9.1e+06
[26/35] a=0.0 s=4 3319s 立项=34.0 Floor=1.15e+07
[27/35] a=0.3 s=0 3330s 立项=42.0 Floor=1.05e+07
[28/35] a=0.3 s=4 3335s 立项=23.0 Floor=7.8e+06
[29/35] a=0.85 s=2 3339s 立项=40.0 Floor=1.02e+07
[30/35] a=1.0 s=1 3341s 立项=37.0 Floor=1.13e+07
[31/35] a=0.7 s=2 3350s 立项=41.0 Floor=1.09e+07
[32/35] a=0.7 s=3 3364s 立项=36.0 Floor=1.11e+07
[33/35] a=0.7 s=0 3365s 立项=41.0 Floor=1.19e+07
[34/35] a=1.0 s=4 3371s 立项=34.0 Floor=1.01e+07
[35/35] a=0.3 s=2 3400s 立项=42.0 Floor=8.4e+06
已写出 data/processed/gm_dataset_v1/exp_v16/tauA5
### 规则基线  2026-09-16 02:06:54
年度预算 2700（结转上限 3×）  配额 3  容积率年增 0%
有效期 3+2 年  失效后 本规划期内不再申请（吸收态）（无条文依据，依 2026-09 规划局实务答复）  建设年限 {1: 5, 2: 5, 3: 5, 5: 5}  折现率 0.95
批准率 (0.2, 0.2, 0.2, 0.2, 0.2)  资金口径 upfront（立项当年全额；Cost 按完工年计入）
分母缓存键 V3E2DAY1-52-53-55-5T15X26A5
决策期 T=15  评价期 T_eval=26  配额 3  排序键 alpha=0.5

myopic      立项  45.0  期内完工  12.4  全期完工  27.6  失效  17.4  用款   36390  期内交付率 27.6%
greedy_crh  立项  15.0  期内完工   8.8  全期完工   9.0  失效   6.0  用款    8360  期内交付率 58.7%
frontload   立项  15.0  期内完工   8.8  全期完工   9.0  失效   6.0  用款    8360  期内交付率 58.7%
evenspread  立项  15.0  期内完工   3.8  全期完工   8.6  失效   6.4  用款    8360  期内交付率 25.3%
backload    立项  15.0  期内完工   0.0  全期完工   9.0  失效   6.0  用款    8360  期内交付率  0.0%
oracle      立项  24.0  期内完工  24.0  全期完工  24.0  失效   0.0  用款   16230  期内交付率 100.0%

自查（一律以**期内完工** n_done_T 判定）：
  通过  (a) oracle 期内完工 >= 其余所有策略：oracle=24.0，其余最大=12.4（myopic）
  不成立  (b) greedy_crh 期内完工 >= myopic：greedy_crh=8.8，myopic=12.4
  通过  (c) backload 期内完工 <= frontload：frontload=8.8，backload=0.0
  通过  myopic 相对 oracle 的期内完工缺口：11.6 个（myopic 12.4 vs oracle 24.0，相当于 oracle 的 48%）

已写出 data/processed/gm_dataset_v1/exp_v16/tauA5/baseline/baselines.csv
