### 主扫描  2026-09-16 02:07:23
35 个运行 × 400 迭代 × 8 回合  并行 35
年度预算 2700（结转上限 3×）  配额 3  容积率年增 0%
有效期 3+2 年  失效后 本规划期内不再申请（吸收态）（无条文依据，依 2026-09 规划局实务答复）  建设年限 {1: 5, 2: 5, 3: 5, 5: 5}  折现率 0.95
批准率 (0.174, 0.212, 0.239, 0.277, 0.179)  资金口径 staged（立项付 20%，余额实施期内按年等额；Cost 按支付年计入）
分母缓存键 V3E2DAY1-52-53-55-5T15X26MS02
决策期 T=15  评价期 T_eval=26（立项与记分分离）
分母 data/processed/gm_dataset_v1/scale_v2/fixed_B2700_C3_GSET0-0.1_V3E2DAY1-52-53-55-5T15X26MS02_R9FX1.json（情景集合包络 G∈(0.0, 0.1)）
[1/35] a=0.3 s=0 3272s 立项=38.0 Floor=1.29e+07
[2/35] a=0.3 s=1 3297s 立项=43.8 Floor=1.28e+07
[3/35] a=0.0 s=3 3315s 立项=42.2 Floor=1.3e+07
[4/35] a=1.0 s=1 3325s 立项=43.8 Floor=1.3e+07
[5/35] a=0.85 s=2 3327s 立项=24.0 Floor=9.83e+06
[6/35] a=0.15 s=2 3334s 立项=43.6 Floor=1.28e+07
[7/35] a=0.0 s=4 3336s 立项=35.4 Floor=1.28e+07
[8/35] a=0.15 s=1 3341s 立项=38.6 Floor=1.27e+07
[9/35] a=0.3 s=3 3343s 立项=39.6 Floor=1.28e+07
[10/35] a=0.0 s=1 3354s 立项=41.6 Floor=1.3e+07
[11/35] a=0.7 s=1 3362s 立项=40.6 Floor=1.29e+07
[12/35] a=0.85 s=4 3373s 立项=42.6 Floor=1.29e+07
[13/35] a=0.15 s=0 3378s 立项=36.4 Floor=1.27e+07
[14/35] a=0.5 s=1 3395s 立项=44.4 Floor=1.03e+07
[15/35] a=0.85 s=1 3404s 立项=43.0 Floor=1.31e+07
[16/35] a=0.85 s=3 3404s 立项=35.8 Floor=1.33e+07
[17/35] a=0.3 s=2 3407s 立项=40.6 Floor=1.25e+07
[18/35] a=0.5 s=3 3409s 立项=40.6 Floor=1.14e+07
[19/35] a=0.5 s=2 3410s 立项=42.4 Floor=1.06e+07
[20/35] a=1.0 s=0 3418s 立项=38.8 Floor=1.32e+07
[21/35] a=0.0 s=2 3440s 立项=34.0 Floor=1.26e+07
[22/35] a=1.0 s=4 3445s 立项=39.8 Floor=1.29e+07
[23/35] a=0.0 s=0 3450s 立项=36.6 Floor=1.3e+07
[24/35] a=0.7 s=2 3450s 立项=39.4 Floor=1.28e+07
[25/35] a=1.0 s=3 3459s 立项=40.0 Floor=1.31e+07
[26/35] a=0.7 s=3 3464s 立项=44.0 Floor=1.3e+07
[27/35] a=0.7 s=4 3467s 立项=39.8 Floor=1.28e+07
[28/35] a=1.0 s=2 3468s 立项=37.6 Floor=1.33e+07
[29/35] a=0.3 s=4 3474s 立项=41.8 Floor=1.26e+07
[30/35] a=0.5 s=0 3476s 立项=40.4 Floor=1.13e+07
[31/35] a=0.15 s=3 3478s 立项=39.6 Floor=1.32e+07
[32/35] a=0.5 s=4 3499s 立项=42.8 Floor=1.05e+07
[33/35] a=0.15 s=4 3543s 立项=35.2 Floor=1.29e+07
[34/35] a=0.7 s=0 3549s 立项=42.6 Floor=1.31e+07
[35/35] a=0.85 s=0 3550s 立项=35.6 Floor=1.29e+07
已写出 data/processed/gm_dataset_v1/exp_v16/staged
### 规则基线  2026-09-16 03:07:54
年度预算 2700（结转上限 3×）  配额 3  容积率年增 0%
有效期 3+2 年  失效后 本规划期内不再申请（吸收态）（无条文依据，依 2026-09 规划局实务答复）  建设年限 {1: 5, 2: 5, 3: 5, 5: 5}  折现率 0.95
批准率 (0.174, 0.212, 0.239, 0.277, 0.179)  资金口径 staged（立项付 20%，余额实施期内按年等额；Cost 按支付年计入）
分母缓存键 V3E2DAY1-52-53-55-5T15X26MS02
决策期 T=15  评价期 T_eval=26  配额 3  排序键 alpha=0.5

myopic      立项  45.0  期内完工  12.6  全期完工  29.8  失效  15.2  用款   37270  期内交付率 28.0%
greedy_crh  立项  15.0  期内完工   9.2  全期完工   9.2  失效   5.8  用款    8360  期内交付率 61.3%
frontload   立项  15.0  期内完工   9.2  全期完工   9.2  失效   5.8  用款    8360  期内交付率 61.3%
evenspread  立项  15.0  期内完工   4.0  全期完工   9.4  失效   5.6  用款    8360  期内交付率 26.7%
backload    立项  15.0  期内完工   0.0  全期完工   9.2  失效   5.8  用款    8360  期内交付率  0.0%
oracle      立项  24.0  期内完工  24.0  全期完工  24.0  失效   0.0  用款   16250  期内交付率 100.0%

自查（一律以**期内完工** n_done_T 判定）：
  通过  (a) oracle 期内完工 >= 其余所有策略：oracle=24.0，其余最大=12.6（myopic）
  不成立  (b) greedy_crh 期内完工 >= myopic：greedy_crh=9.2，myopic=12.6
  通过  (c) backload 期内完工 <= frontload：frontload=9.2，backload=0.0
  通过  myopic 相对 oracle 的期内完工缺口：11.4 个（myopic 12.6 vs oracle 24.0，相当于 oracle 的 48%）

已写出 data/processed/gm_dataset_v1/exp_v16/staged/baseline/baselines.csv
