### 主扫描  2026-09-16 04:09:40
35 个运行 × 400 迭代 × 8 回合  并行 35
年度预算 2700（结转上限 3×）  配额 3  容积率年增 0%
有效期 3+2 年  失效后 本规划期内不再申请（吸收态）（无条文依据，依 2026-09 规划局实务答复）  建设年限 {1: 5, 2: 3, 3: 5, 5: 3}  折现率 0.95
批准率 (0.174, 0.212, 0.239, 0.277, 0.179)  资金口径 upfront（立项当年全额；Cost 按完工年计入）
分母缓存键 V3E2DAY1-52-33-55-3T15X26
决策期 T=15  评价期 T_eval=26（立项与记分分离）
分母 data/processed/gm_dataset_v1/scale_v2/fixed_B2700_C3_GSET0-0.1_V3E2DAY1-52-33-55-3T15X26_R9FX1.json（情景集合包络 G∈(0.0, 0.1)）
[1/35] a=0.0 s=2 2450s 立项=35.0 Floor=1.27e+07
[2/35] a=0.0 s=0 2469s 立项=42.0 Floor=1.26e+07
[3/35] a=0.3 s=0 2547s 立项=40.0 Floor=1.24e+07
[4/35] a=0.0 s=1 2613s 立项=44.0 Floor=1.25e+07
[5/35] a=0.85 s=2 2660s 立项=36.0 Floor=1.32e+07
[6/35] a=0.5 s=4 2811s 立项=40.0 Floor=1.29e+07
[7/35] a=0.85 s=3 2825s 立项=37.0 Floor=1.19e+07
[8/35] a=0.5 s=3 2866s 立项=44.0 Floor=1.31e+07
[9/35] a=0.0 s=3 2870s 立项=41.0 Floor=1.2e+07
[10/35] a=1.0 s=1 2876s 立项=42.0 Floor=1.38e+07
[11/35] a=0.3 s=4 2877s 立项=29.0 Floor=1.36e+07
[12/35] a=0.15 s=1 2880s 立项=45.0 Floor=1.27e+07
[13/35] a=0.3 s=2 2886s 立项=31.0 Floor=1.25e+07
[14/35] a=0.15 s=0 2893s 立项=45.0 Floor=1.25e+07
[15/35] a=0.7 s=1 2901s 立项=40.0 Floor=1.24e+07
[16/35] a=0.0 s=4 2906s 立项=35.0 Floor=1.25e+07
[17/35] a=0.7 s=4 2908s 立项=36.0 Floor=1.24e+07
[18/35] a=0.5 s=0 2909s 立项=32.0 Floor=1.01e+07
[19/35] a=0.15 s=2 2917s 立项=43.0 Floor=1.35e+07
[20/35] a=0.7 s=3 2917s 立项=38.0 Floor=1.4e+07
[21/35] a=1.0 s=4 2917s 立项=39.0 Floor=1.26e+07
[22/35] a=0.7 s=0 2920s 立项=37.0 Floor=1.34e+07
[23/35] a=0.15 s=4 2921s 立项=45.0 Floor=1.23e+07
[24/35] a=0.3 s=3 2925s 立项=44.0 Floor=1.26e+07
[25/35] a=0.85 s=1 2932s 立项=39.0 Floor=1.31e+07
[26/35] a=1.0 s=0 2933s 立项=35.0 Floor=1.29e+07
[27/35] a=0.5 s=2 2935s 立项=42.0 Floor=1.3e+07
[28/35] a=0.3 s=1 2935s 立项=45.0 Floor=1.24e+07
[29/35] a=0.85 s=4 2947s 立项=40.0 Floor=1.22e+07
[30/35] a=1.0 s=3 2949s 立项=37.0 Floor=1.31e+07
[31/35] a=0.7 s=2 2953s 立项=42.0 Floor=1.37e+07
[32/35] a=0.5 s=1 2959s 立项=41.0 Floor=1.25e+07
[33/35] a=0.15 s=3 2971s 立项=39.0 Floor=1.3e+07
[34/35] a=0.85 s=0 2979s 立项=38.0 Floor=1.3e+07
[35/35] a=1.0 s=2 2995s 立项=39.0 Floor=1.3e+07
已写出 data/processed/gm_dataset_v1/exp_v16/buildmix
### 规则基线  2026-09-16 05:00:53
年度预算 2700（结转上限 3×）  配额 3  容积率年增 0%
有效期 3+2 年  失效后 本规划期内不再申请（吸收态）（无条文依据，依 2026-09 规划局实务答复）  建设年限 {1: 5, 2: 3, 3: 5, 5: 3}  折现率 0.95
批准率 (0.174, 0.212, 0.239, 0.277, 0.179)  资金口径 upfront（立项当年全额；Cost 按完工年计入）
分母缓存键 V3E2DAY1-52-33-55-3T15X26
决策期 T=15  评价期 T_eval=26  配额 3  排序键 alpha=0.5

myopic      立项  45.0  期内完工  17.2  全期完工  30.8  失效  14.2  用款   37105  期内交付率 38.2%
greedy_crh  立项  21.0  期内完工  14.2  全期完工  14.4  失效   6.6  用款   13570  期内交付率 67.6%
frontload   立项  15.0  期内完工   9.2  全期完工   9.2  失效   5.8  用款    7460  期内交付率 61.3%
evenspread  立项  15.0  期内完工   4.8  全期完工   8.6  失效   6.4  用款    7460  期内交付率 32.0%
backload    立项  15.0  期内完工   0.0  全期完工   9.2  失效   5.8  用款    7460  期内交付率  0.0%
oracle      立项  30.0  期内完工  30.0  全期完工  30.0  失效   0.0  用款   22330  期内交付率 100.0%

自查（一律以**期内完工** n_done_T 判定）：
  通过  (a) oracle 期内完工 >= 其余所有策略：oracle=30.0，其余最大=17.2（myopic）
  不成立  (b) greedy_crh 期内完工 >= myopic：greedy_crh=14.2，myopic=17.2
  通过  (c) backload 期内完工 <= frontload：frontload=9.2，backload=0.0
  通过  myopic 相对 oracle 的期内完工缺口：12.8 个（myopic 17.2 vs oracle 30.0，相当于 oracle 的 43%）

已写出 data/processed/gm_dataset_v1/exp_v16/buildmix/baseline/baselines.csv
