### 主扫描  2026-09-16 05:01:20
35 个运行 × 400 迭代 × 8 回合  并行 35
年度预算 2700（结转上限 3×）  配额 3  容积率年增 0%
有效期 2+1 年  失效后 本规划期内不再申请（吸收态）（无条文依据，依 2026-09 规划局实务答复）  建设年限 {1: 5, 2: 5, 3: 5, 5: 5}  折现率 0.95
批准率 (0.174, 0.212, 0.239, 0.277, 0.179)  资金口径 upfront（立项当年全额；Cost 按完工年计入）
分母缓存键 V2E1DAY1-52-53-55-5T15X24
决策期 T=15  评价期 T_eval=24（立项与记分分离）
分母 data/processed/gm_dataset_v1/scale_v2/fixed_B2700_C3_GSET0-0.1_V2E1DAY1-52-53-55-5T15X24_R9FX1.json（情景集合包络 G∈(0.0, 0.1)）
[1/35] a=0.0 s=1 2343s 立项=44.0 Floor=8.1e+06
[2/35] a=0.5 s=4 2434s 立项=44.0 Floor=6.95e+06
[3/35] a=0.85 s=2 2470s 立项=37.0 Floor=9.1e+06
[4/35] a=1.0 s=2 2708s 立项=36.0 Floor=9.04e+06
[5/35] a=0.0 s=3 2716s 立项=44.0 Floor=8.72e+06
[6/35] a=1.0 s=0 2732s 立项=34.0 Floor=9.45e+06
[7/35] a=0.85 s=0 2733s 立项=37.0 Floor=8.82e+06
[8/35] a=0.0 s=4 2746s 立项=41.0 Floor=9.14e+06
[9/35] a=0.15 s=0 2749s 立项=42.0 Floor=7.84e+06
[10/35] a=0.3 s=4 2751s 立项=35.0 Floor=8.75e+06
[11/35] a=0.15 s=2 2757s 立项=33.0 Floor=8.08e+06
[12/35] a=0.0 s=2 2779s 立项=45.0 Floor=8.21e+06
[13/35] a=0.15 s=1 2810s 立项=39.0 Floor=8.52e+06
[14/35] a=0.3 s=2 2814s 立项=40.0 Floor=8.5e+06
[15/35] a=0.15 s=3 2819s 立项=42.0 Floor=8.02e+06
[16/35] a=0.3 s=1 2819s 立项=45.0 Floor=8.02e+06
[17/35] a=0.5 s=1 2822s 立项=45.0 Floor=6.6e+06
[18/35] a=0.0 s=0 2821s 立项=44.0 Floor=7.59e+06
[19/35] a=0.3 s=3 2826s 立项=26.0 Floor=5.82e+06
[20/35] a=0.5 s=2 2831s 立项=44.0 Floor=6.79e+06
[21/35] a=0.15 s=4 2835s 立项=42.0 Floor=7.73e+06
[22/35] a=0.7 s=3 2841s 立项=37.0 Floor=9.02e+06
[23/35] a=0.5 s=3 2845s 立项=41.0 Floor=6.93e+06
[24/35] a=0.3 s=0 2851s 立项=45.0 Floor=8.24e+06
[25/35] a=1.0 s=1 2860s 立项=40.0 Floor=8.36e+06
[26/35] a=0.7 s=1 2863s 立项=34.0 Floor=8.62e+06
[27/35] a=0.7 s=2 2881s 立项=37.0 Floor=8.32e+06
[28/35] a=0.7 s=4 2881s 立项=38.0 Floor=9.09e+06
[29/35] a=0.7 s=0 2887s 立项=33.0 Floor=8.02e+06
[30/35] a=0.5 s=0 2889s 立项=40.0 Floor=6.64e+06
[31/35] a=1.0 s=4 2890s 立项=31.0 Floor=8.87e+06
[32/35] a=0.85 s=3 2892s 立项=40.0 Floor=9.36e+06
[33/35] a=1.0 s=3 2894s 立项=37.0 Floor=8.68e+06
[34/35] a=0.85 s=1 2898s 立项=42.0 Floor=8.19e+06
[35/35] a=0.85 s=4 2906s 立项=41.0 Floor=7.63e+06
已写出 data/processed/gm_dataset_v1/exp_v16/statutory
### 规则基线  2026-09-16 05:50:56
年度预算 2700（结转上限 3×）  配额 3  容积率年增 0%
有效期 2+1 年  失效后 本规划期内不再申请（吸收态）（无条文依据，依 2026-09 规划局实务答复）  建设年限 {1: 5, 2: 5, 3: 5, 5: 5}  折现率 0.95
批准率 (0.174, 0.212, 0.239, 0.277, 0.179)  资金口径 upfront（立项当年全额；Cost 按完工年计入）
分母缓存键 V2E1DAY1-52-53-55-5T15X24
决策期 T=15  评价期 T_eval=24  配额 3  排序键 alpha=0.5

myopic      立项  45.0  期内完工   9.2  全期完工  21.0  失效  24.0  用款   37030  期内交付率 20.4%
greedy_crh  立项  18.0  期内完工   7.8  全期完工   7.8  失效  10.2  用款    9640  期内交付率 43.3%
frontload   立项  15.0  期内完工   6.8  全期完工   6.8  失效   8.2  用款    8350  期内交付率 45.3%
evenspread  立项  15.0  期内完工   3.4  全期完工   6.8  失效   8.2  用款    8350  期内交付率 22.7%
backload    立项  15.0  期内完工   0.0  全期完工   6.8  失效   8.2  用款    8350  期内交付率  0.0%
oracle      立项  24.0  期内完工  24.0  全期完工  24.0  失效   0.0  用款   16250  期内交付率 100.0%

自查（一律以**期内完工** n_done_T 判定）：
  通过  (a) oracle 期内完工 >= 其余所有策略：oracle=24.0，其余最大=9.2（myopic）
  不成立  (b) greedy_crh 期内完工 >= myopic：greedy_crh=7.8，myopic=9.2
  通过  (c) backload 期内完工 <= frontload：frontload=6.8，backload=0.0
  通过  myopic 相对 oracle 的期内完工缺口：14.8 个（myopic 9.2 vs oracle 24.0，相当于 oracle 的 62%）

已写出 data/processed/gm_dataset_v1/exp_v16/statutory/baseline/baselines.csv
