### 主扫描  2026-09-15 17:07:10
35 个运行 × 400 迭代 × 8 回合  并行 35
年度预算 2700（结转上限 3×）  配额 6  容积率年增 0%
有效期 3+2 年  失效后 本规划期内不再申请（吸收态）（无条文依据，依 2026-09 规划局实务答复）  建设年限 {1: 5, 2: 5, 3: 5, 5: 5}  折现率 0.95
批准率 (0.174, 0.212, 0.239, 0.277, 0.179)  资金口径 upfront（立项当年全额；Cost 按完工年计入）
分母缓存键 V3E2DAY1-52-53-55-5T15X26Q6
决策期 T=15  评价期 T_eval=26（立项与记分分离）
分母 data/processed/gm_dataset_v1/scale_v2/fixed_B2700_C3_GSET0-0.1_V3E2DAY1-52-53-55-5T15X26Q6_R9FX1.json（情景集合包络 G∈(0.0, 0.1)）
[1/35] a=0.0 s=3 3569s 立项=54.0 Floor=1.15e+07
[2/35] a=0.15 s=1 3577s 立项=31.0 Floor=1.11e+07
[3/35] a=0.0 s=2 3612s 立项=67.0 Floor=1.18e+07
[4/35] a=0.3 s=4 3666s 立项=34.0 Floor=1.17e+07
[5/35] a=0.7 s=2 3931s 立项=36.0 Floor=1.12e+07
[6/35] a=0.5 s=4 4217s 立项=51.0 Floor=9.78e+06
[7/35] a=0.3 s=1 5062s 立项=38.0 Floor=1.09e+07
[8/35] a=0.0 s=0 5063s 立项=45.0 Floor=1.11e+07
[9/35] a=0.15 s=0 5087s 立项=5.0 Floor=6.83e+05
[10/35] a=1.0 s=0 5088s 立项=30.0 Floor=1.09e+07
[11/35] a=0.7 s=0 5161s 立项=38.0 Floor=1.15e+07
[12/35] a=1.0 s=2 5515s 立项=47.0 Floor=1.25e+07
[13/35] a=0.7 s=3 5515s 立项=43.0 Floor=1.12e+07
[14/35] a=0.85 s=4 5546s 立项=33.0 Floor=1.14e+07
[15/35] a=0.7 s=1 5633s 立项=37.0 Floor=1.13e+07
[16/35] a=1.0 s=4 5643s 立项=37.0 Floor=1.16e+07
[17/35] a=0.15 s=2 5644s 立项=34.0 Floor=1.16e+07
[18/35] a=1.0 s=3 5647s 立项=29.0 Floor=1.16e+07
[19/35] a=1.0 s=1 5659s 立项=37.0 Floor=1.14e+07
[20/35] a=0.15 s=4 5677s 立项=71.0 Floor=1.22e+07
[21/35] a=0.3 s=0 5684s 立项=49.0 Floor=1.14e+07
[22/35] a=0.85 s=1 5690s 立项=32.0 Floor=1.22e+07
[23/35] a=0.5 s=3 5696s 立项=50.0 Floor=9.59e+06
[24/35] a=0.85 s=2 5710s 立项=37.0 Floor=1.16e+07
[25/35] a=0.0 s=1 5719s 立项=61.2 Floor=1.11e+07
[26/35] a=0.5 s=1 5732s 立项=39.0 Floor=9.62e+06
[27/35] a=0.85 s=3 5736s 立项=39.0 Floor=1.17e+07
[28/35] a=0.3 s=2 5737s 立项=45.0 Floor=1.1e+07
[29/35] a=0.5 s=0 5738s 立项=35.8 Floor=9.69e+06
[30/35] a=0.85 s=0 5738s 立项=34.0 Floor=1.17e+07
[31/35] a=0.3 s=3 5761s 立项=63.0 Floor=1.12e+07
[32/35] a=0.5 s=2 5788s 立项=44.0 Floor=1.01e+07
[33/35] a=0.15 s=3 5799s 立项=41.0 Floor=1.13e+07
[34/35] a=0.0 s=4 5815s 立项=47.0 Floor=1.14e+07
[35/35] a=0.7 s=4 5830s 立项=42.0 Floor=1.12e+07
已写出 data/processed/gm_dataset_v1/exp_v16/richQ6
### 规则基线  2026-09-15 18:46:20
年度预算 2700（结转上限 3×）  配额 6  容积率年增 0%
有效期 3+2 年  失效后 本规划期内不再申请（吸收态）（无条文依据，依 2026-09 规划局实务答复）  建设年限 {1: 5, 2: 5, 3: 5, 5: 5}  折现率 0.95
批准率 (0.174, 0.212, 0.239, 0.277, 0.179)  资金口径 upfront（立项当年全额；Cost 按完工年计入）
分母缓存键 V3E2DAY1-52-53-55-5T15X26Q6
决策期 T=15  评价期 T_eval=26  配额 6  排序键 alpha=0.5

myopic      立项  57.0  期内完工  21.8  全期完工  36.8  失效  20.2  用款   40495  期内交付率 38.2%
greedy_crh  立项  28.0  期内完工  19.0  全期完工  19.0  失效   9.0  用款   13470  期内交付率 67.9%
frontload   立项  28.0  期内完工  19.0  全期完工  19.0  失效   9.0  用款   13470  期内交付率 67.9%
evenspread  立项  30.0  期内完工   7.2  全期完工  19.2  失效  10.8  用款   22670  期内交付率 24.0%
backload    立项  29.0  期内完工   0.0  全期完工  20.4  失效   8.6  用款   17270  期内交付率  0.0%
oracle      立项  38.0  期内完工  38.0  全期完工  38.0  失效   0.0  用款   21590  期内交付率 100.0%

自查（一律以**期内完工** n_done_T 判定）：
  通过  (a) oracle 期内完工 >= 其余所有策略：oracle=38.0，其余最大=21.8（myopic）
  不成立  (b) greedy_crh 期内完工 >= myopic：greedy_crh=19.0，myopic=21.8
  通过  (c) backload 期内完工 <= frontload：frontload=19.0，backload=0.0
  通过  myopic 相对 oracle 的期内完工缺口：16.2 个（myopic 21.8 vs oracle 38.0，相当于 oracle 的 43%）

已写出 data/processed/gm_dataset_v1/exp_v16/richQ6/baseline/baselines.csv
