### 主扫描  2026-09-15 18:47:01
35 个运行 × 400 迭代 × 8 回合  并行 35
年度预算 2700（结转上限 3×）  配额 6  容积率年增 0%
有效期 3+2 年  失效后 本规划期内不再申请（吸收态）（无条文依据，依 2026-09 规划局实务答复）  建设年限 {1: 5, 2: 5, 3: 5, 5: 5}  折现率 0.95
批准率 (0.174, 0.212, 0.239, 0.277, 0.179)  资金口径 upfront（立项当年全额；Cost 按完工年计入）
**消融：生命周期观测特征（16..21 共 6 维）已置零**（位宽不变；不入分母缓存键，与主组共用分母）
分母缓存键 V3E2DAY1-52-53-55-5T15X26Q6
决策期 T=15  评价期 T_eval=26（立项与记分分离）
分母 data/processed/gm_dataset_v1/scale_v2/fixed_B2700_C3_GSET0-0.1_V3E2DAY1-52-53-55-5T15X26Q6_R9FX1.json（情景集合包络 G∈(0.0, 0.1)）
[1/35] a=0.85 s=3 4124s 立项=33.0 Floor=1.08e+07
[2/35] a=0.85 s=1 4206s 立项=34.0 Floor=1.22e+07
[3/35] a=0.7 s=4 4214s 立项=37.0 Floor=1.25e+07
[4/35] a=0.0 s=2 4266s 立项=49.0 Floor=1.13e+07
[5/35] a=0.5 s=4 4312s 立项=35.0 Floor=9.19e+06
[6/35] a=0.3 s=2 4323s 立项=49.0 Floor=1.12e+07
[7/35] a=0.85 s=4 4323s 立项=35.0 Floor=1.15e+07
[8/35] a=0.3 s=3 4340s 立项=24.0 Floor=9.21e+06
[9/35] a=0.0 s=1 4356s 立项=61.0 Floor=1.14e+07
[10/35] a=0.15 s=3 4356s 立项=54.0 Floor=1.19e+07
[11/35] a=0.15 s=0 4363s 立项=82.0 Floor=1.09e+07
[12/35] a=1.0 s=1 4390s 立项=33.0 Floor=1.16e+07
[13/35] a=1.0 s=3 4514s 立项=39.0 Floor=1.21e+07
[14/35] a=0.7 s=2 4521s 立项=37.0 Floor=1.12e+07
[15/35] a=0.5 s=1 4571s 立项=0.0 Floor=0
[16/35] a=1.0 s=2 4571s 立项=36.0 Floor=1.22e+07
[17/35] a=0.3 s=0 4592s 立项=62.0 Floor=1.18e+07
[18/35] a=0.7 s=3 4618s 立项=40.0 Floor=1.16e+07
[19/35] a=0.3 s=4 4653s 立项=76.0 Floor=1.2e+07
[20/35] a=0.7 s=1 4686s 立项=41.0 Floor=1.15e+07
[21/35] a=0.15 s=4 4689s 立项=50.0 Floor=1.1e+07
[22/35] a=0.15 s=1 4691s 立项=44.0 Floor=1.15e+07
[23/35] a=0.85 s=0 4692s 立项=41.0 Floor=1.14e+07
[24/35] a=0.0 s=3 4696s 立项=37.0 Floor=1.15e+07
[25/35] a=0.5 s=2 4703s 立项=58.0 Floor=1.04e+07
[26/35] a=0.0 s=0 4726s 立项=57.0 Floor=1.16e+07
[27/35] a=1.0 s=0 4733s 立项=41.0 Floor=1.15e+07
[28/35] a=0.3 s=1 4760s 立项=46.0 Floor=1.16e+07
[29/35] a=0.15 s=2 4787s 立项=64.0 Floor=1.21e+07
[30/35] a=1.0 s=4 4802s 立项=32.0 Floor=1.09e+07
[31/35] a=0.5 s=0 4824s 立项=34.0 Floor=9.12e+06
[32/35] a=0.85 s=2 4832s 立项=39.0 Floor=1.18e+07
[33/35] a=0.7 s=0 4869s 立项=36.0 Floor=1.12e+07
[34/35] a=0.5 s=3 4883s 立项=59.0 Floor=1.02e+07
[35/35] a=0.0 s=4 4902s 立项=63.0 Floor=1.22e+07
已写出 data/processed/gm_dataset_v1/exp_v16/richQ6Abl
### 规则基线  2026-09-15 20:09:10
年度预算 2700（结转上限 3×）  配额 6  容积率年增 0%
有效期 3+2 年  失效后 本规划期内不再申请（吸收态）（无条文依据，依 2026-09 规划局实务答复）  建设年限 {1: 5, 2: 5, 3: 5, 5: 5}  折现率 0.95
批准率 (0.174, 0.212, 0.239, 0.277, 0.179)  资金口径 upfront（立项当年全额；Cost 按完工年计入）
**消融：生命周期观测特征（16..21 共 6 维）已置零**（位宽不变；不入分母缓存键，与主组共用分母）
分母缓存键 V3E2DAY1-52-53-55-5T15X26Q6
决策期 T=15  评价期 T_eval=26  配额 6  排序键 alpha=0.5

myopic      立项  57.0  期内完工  21.8  全期完工  36.8  失效  20.2  用款   40495  期内交付率 38.2%
greedy_crh  立项  28.0  期内完工  19.0  全期完工  19.0  失效   9.0  用款   13470  期内交付率 67.9%
frontload   立项  28.0  期内完工  19.0  全期完工  19.0  失效   9.0  用款   13470  期内交付率 67.9%
evenspread  立项  30.0  期内完工   7.2  全期完工  19.2  失效  10.8  用款   22670  期内交付率 24.0%
backload    立项  29.0  期内完工   0.0  全期完工  20.4  失效   8.6  用款   17270  期内交付率  0.0%
oracle      立项  38.0  期内完工  38.0  全期完工  38.0  失效   0.0  用款   21590  期内交付率 100.0%

自查（一律以**期内完工** n_done_T 判定）：
  通过  (a) oracle 期内完工 >= 其余所有策略：oracle=38.0，其余最大=21.8（myopic）
  不成立  (b) greedy_crh 期内完工 >= myopic：greedy_crh=19.0，myopic=21.8
  通过  (c) backload 期内完工 <= frontload：frontload=19.0，backload=0.0
  通过  myopic 相对 oracle 的期内完工缺口：16.2 个（myopic 21.8 vs oracle 38.0，相当于 oracle 的 43%）

已写出 data/processed/gm_dataset_v1/exp_v16/richQ6Abl/baseline/baselines.csv
