### 分母预建  2026-09-12 04:03:20
情景 B900_C999_G0_V3E2DAY1-52-53-55-5T15_R7  参考策略 45 次
年度预算 900（结转上限 999×）  配额 3  容积率年增 0%
有效期 3+2 年  失效后 本规划期内不再申请（吸收态）（无条文依据，依 2026-09 规划局实务答复）  建设年限 {1: 5, 2: 5, 3: 5, 5: 5}  折现率 0.95
规划期 T=15

各参考策略的折扣回报（种子均值）：
          Gdp     Eco     Res     Emp     Aec    E2r     Cpt      Floor    Cost  Disrupt  Expire
big    1236.2   868.4     0.0   243.1  2454.9 -197.9 -1167.5  1657768.9 -2187.7 -12316.2    -2.1
small     0.0     0.0     0.0     0.0     0.0    0.0     0.0   568851.3  -380.5 -15315.3    -6.2
rand    246.0  -226.5   -31.3    95.6 -1180.3   63.2  -602.0  1905868.6 -1744.0 -24224.7    -5.2
none      0.0     0.0     0.0     0.0     0.0    0.0     0.0        0.0     0.0      0.0     0.0
eco    -169.6  1708.1     0.0  -227.2  1715.3  226.5 -2172.4  1654260.1 -1867.7  -1482.8    -3.1
gdp    2537.2     0.0 -1838.2  1279.9   954.4  903.5  -440.5  1907079.7 -2168.1 -22033.3    -3.6
res       0.0     0.0  1203.5     0.0   -92.6 -401.4  -285.0  1494336.7 -2005.8 -14081.0    -4.0
emp    2537.2     0.0 -1838.2  1279.9   954.4  903.5  -440.5  1907079.7 -2168.1 -22033.3    -3.6
cpt     338.6   936.9    26.8   -51.7   771.9 -140.6   762.9  1439946.4 -1788.6 -26876.3    -5.4

未并入学习策略（第 0 轮：分母仅由人工参考集决定）

分母（每目标取跨策略的绝对值上界）：
Gdp           2537.18
Eco           1708.13
Res           1838.22
Emp           1279.92
Aec           2454.90
E2r            903.51
Cpt           2172.38
Floor      1907079.72
Cost          2187.67
Disrupt      26876.29
Expire           6.20

已写出 data/processed/gm_dataset_v1/scale_v2/ref_B900_C999_G0_V3E2DAY1-52-53-55-5T15_R7.csv

### 主扫描  2026-09-12 04:03:41
35 个运行 × 400 迭代 × 8 回合  并行 35
年度预算 900（结转上限 999×）  配额 3  容积率年增 0%
有效期 3+2 年  失效后 本规划期内不再申请（吸收态）（无条文依据，依 2026-09 规划局实务答复）  建设年限 {1: 5, 2: 5, 3: 5, 5: 5}  折现率 0.95
规划期 T=15
分母 data/processed/gm_dataset_v1/scale_v2/ref_B900_C999_G0_V3E2DAY1-52-53-55-5T15_R7.csv
[1/35] a=0.5 s=2 1960s 立项=45.0 Floor=1.86e+06
[2/35] a=0.15 s=1 1987s 立项=29.0 Floor=2.29e+06
[3/35] a=0.15 s=0 1993s 立项=21.0 Floor=1.83e+06
[4/35] a=0.7 s=2 1994s 立项=29.0 Floor=2.49e+06
[5/35] a=0.3 s=4 1995s 立项=15.0 Floor=2e+06
[6/35] a=0.15 s=4 2009s 立项=27.0 Floor=1.69e+06
[7/35] a=0.15 s=3 2016s 立项=35.0 Floor=2.1e+06
[8/35] a=0.7 s=1 2018s 立项=26.0 Floor=1.86e+06
[9/35] a=0.3 s=0 2032s 立项=27.0 Floor=1.54e+06
[10/35] a=0.5 s=3 2036s 立项=36.0 Floor=2.41e+06
[11/35] a=0.3 s=2 2037s 立项=20.0 Floor=1.83e+06
[12/35] a=1.0 s=1 2042s 立项=26.0 Floor=1.92e+06
[13/35] a=0.3 s=3 2043s 立项=34.0 Floor=2.24e+06
[14/35] a=1.0 s=2 2047s 立项=41.0 Floor=1.72e+06
[15/35] a=0.85 s=4 2061s 立项=23.0 Floor=1.81e+06
[16/35] a=0.0 s=4 2075s 立项=23.0 Floor=2.11e+06
[17/35] a=0.7 s=3 2079s 立项=19.0 Floor=2.07e+06
[18/35] a=1.0 s=0 2091s 立项=26.0 Floor=2.23e+06
[19/35] a=0.5 s=4 2092s 立项=41.0 Floor=1.81e+06
[20/35] a=0.85 s=2 2093s 立项=21.0 Floor=1.81e+06
[21/35] a=0.7 s=4 2096s 立项=32.0 Floor=2.3e+06
[22/35] a=0.0 s=2 2099s 立项=17.0 Floor=2e+06
[23/35] a=0.85 s=3 2099s 立项=22.0 Floor=2.1e+06
[24/35] a=0.0 s=1 2102s 立项=33.0 Floor=2.11e+06
[25/35] a=0.3 s=1 2102s 立项=18.0 Floor=1.53e+06
[26/35] a=0.0 s=0 2103s 立项=26.0 Floor=1.82e+06
[27/35] a=0.85 s=1 2104s 立项=15.0 Floor=1.52e+06
[28/35] a=0.5 s=0 2110s 立项=34.0 Floor=2.35e+06
[29/35] a=1.0 s=3 2123s 立项=40.0 Floor=1.08e+06
[30/35] a=0.15 s=2 2124s 立项=22.0 Floor=1.99e+06
[31/35] a=1.0 s=4 2124s 立项=23.0 Floor=1.8e+06
[32/35] a=0.0 s=3 2130s 立项=44.0 Floor=2.1e+06
[33/35] a=0.85 s=0 2132s 立项=23.0 Floor=1.81e+06
[34/35] a=0.7 s=0 2132s 立项=43.0 Floor=2.04e+06
[35/35] a=0.5 s=1 2136s 立项=45.0 Floor=1.68e+06
已写出 data/processed/gm_dataset_v1/exp_v12/carryInf
