### 分母预建  2026-09-12 04:39:37
情景 B600_C3_G0_V3E2DAY1-52-53-55-5T15_R7  参考策略 45 次
年度预算 600（结转上限 3×）  配额 3  容积率年增 0%
有效期 3+2 年  失效后 本规划期内不再申请（吸收态）（无条文依据，依 2026-09 规划局实务答复）  建设年限 {1: 5, 2: 5, 3: 5, 5: 5}  折现率 0.95
规划期 T=15

各参考策略的折扣回报（种子均值）：
          Gdp     Eco     Res    Emp     Aec    E2r     Cpt      Floor    Cost  Disrupt  Expire
big       0.0     0.0     0.0    0.0     0.0    0.0     0.0  1989322.7 -1458.4  -5955.8    -2.1
small     0.0     0.0     0.0    0.0     0.0    0.0     0.0   568851.3  -380.5 -15315.3    -6.2
rand    192.8   230.2  -136.1   60.1   171.7   47.9  -318.8  1526257.4 -1295.9 -19669.0    -4.1
none      0.0     0.0     0.0    0.0     0.0    0.0     0.0        0.0     0.0      0.0     0.0
eco    -144.6  1341.4     0.0 -179.3  1349.8  179.3 -1657.5  1251835.2 -1434.8      0.0    -2.0
gdp    1691.7     0.0 -1491.2  851.5   719.6  808.3  -245.2  1329805.9 -1442.4 -23810.9    -3.9
res    -537.8   375.7   647.1 -448.6  -251.3  608.1  -411.7  1021904.5 -1296.9  -3523.2    -2.9
emp    1691.7     0.0 -1491.2  851.5   719.6  808.3  -245.2  1329805.9 -1442.4 -23810.9    -3.8
cpt     151.6   466.7  -129.0  -67.5   108.4  -22.0   678.6  1130939.4 -1342.7 -18436.3    -4.7

未并入学习策略（第 0 轮：分母仅由人工参考集决定）

分母（每目标取跨策略的绝对值上界）：
Gdp           1691.68
Eco           1341.36
Res           1491.23
Emp            851.48
Aec           1349.79
E2r            808.26
Cpt           1657.52
Floor      1989322.67
Cost          1458.45
Disrupt      23810.91
Expire           6.20

已写出 data/processed/gm_dataset_v1/scale_v2/ref_B600_C3_G0_V3E2DAY1-52-53-55-5T15_R7.csv

### 主扫描  2026-09-12 04:40:00
35 个运行 × 400 迭代 × 8 回合  并行 35
年度预算 600（结转上限 3×）  配额 3  容积率年增 0%
有效期 3+2 年  失效后 本规划期内不再申请（吸收态）（无条文依据，依 2026-09 规划局实务答复）  建设年限 {1: 5, 2: 5, 3: 5, 5: 5}  折现率 0.95
规划期 T=15
分母 data/processed/gm_dataset_v1/scale_v2/ref_B600_C3_G0_V3E2DAY1-52-53-55-5T15_R7.csv
[1/35] a=0.15 s=3 1910s 立项=21.0 Floor=5.16e+06
[2/35] a=0.3 s=2 1954s 立项=16.0 Floor=3.46e+06
[3/35] a=0.85 s=4 1963s 立项=22.0 Floor=3.59e+06
[4/35] a=1.0 s=2 1966s 立项=21.0 Floor=3.81e+06
[5/35] a=0.7 s=2 1968s 立项=37.0 Floor=4.56e+06
[6/35] a=0.15 s=2 1981s 立项=31.0 Floor=4.17e+06
[7/35] a=0.7 s=1 1983s 立项=40.0 Floor=4.25e+06
[8/35] a=0.0 s=1 1994s 立项=17.0 Floor=4.17e+06
[9/35] a=1.0 s=1 2003s 立项=30.0 Floor=5.1e+06
[10/35] a=0.5 s=3 2004s 立项=39.0 Floor=4.75e+06
[11/35] a=0.5 s=1 2043s 立项=35.0 Floor=4.4e+06
[12/35] a=0.15 s=4 2068s 立项=29.0 Floor=4.49e+06
[13/35] a=0.85 s=0 2077s 立项=31.0 Floor=4.42e+06
[14/35] a=0.5 s=4 2075s 立项=28.0 Floor=4.23e+06
[15/35] a=0.0 s=2 2080s 立项=15.0 Floor=3.46e+06
[16/35] a=0.7 s=0 2091s 立项=34.0 Floor=4.44e+06
[17/35] a=0.0 s=4 2094s 立项=17.0 Floor=3.38e+06
[18/35] a=0.7 s=3 2099s 立项=29.0 Floor=4.12e+06
[19/35] a=0.85 s=2 2108s 立项=40.0 Floor=3.42e+06
[20/35] a=0.15 s=1 2113s 立项=15.0 Floor=3.99e+06
[21/35] a=0.0 s=0 2110s 立项=25.0 Floor=4.93e+06
[22/35] a=0.3 s=0 2112s 立项=18.0 Floor=4.42e+06
[23/35] a=0.85 s=3 2113s 立项=26.0 Floor=4.64e+06
[24/35] a=0.3 s=4 2121s 立项=25.0 Floor=3.91e+06
[25/35] a=0.5 s=0 2120s 立项=33.0 Floor=4.77e+06
[26/35] a=1.0 s=0 2120s 立项=20.0 Floor=4.12e+06
[27/35] a=0.5 s=2 2123s 立项=17.0 Floor=3.15e+06
[28/35] a=0.0 s=3 2124s 立项=30.0 Floor=4.27e+06
[29/35] a=0.7 s=4 2144s 立项=36.0 Floor=4.13e+06
[30/35] a=0.15 s=0 2150s 立项=32.0 Floor=3.95e+06
[31/35] a=1.0 s=4 2150s 立项=23.0 Floor=3.53e+06
[32/35] a=0.3 s=1 2153s 立项=36.0 Floor=5.41e+06
[33/35] a=0.3 s=3 2154s 立项=36.0 Floor=3.95e+06
[34/35] a=0.85 s=1 2158s 立项=38.0 Floor=3.81e+06
[35/35] a=1.0 s=3 2175s 立项=43.0 Floor=2.84e+06
已写出 data/processed/gm_dataset_v1/exp_v12/budget600
