### 分母预建  2026-09-12 05:17:09
情景 B1500_C3_G0_V3E2DAY1-52-53-55-5T15_R7  参考策略 45 次
年度预算 1500（结转上限 3×）  配额 3  容积率年增 0%
有效期 3+2 年  失效后 本规划期内不再申请（吸收态）（无条文依据，依 2026-09 规划局实务答复）  建设年限 {1: 5, 2: 5, 3: 5, 5: 5}  折现率 0.95
规划期 T=15

各参考策略的折扣回报（种子均值）：
          Gdp     Eco     Res     Emp     Aec     E2r     Cpt      Floor    Cost  Disrupt  Expire
big     692.2    62.9   183.7   320.4   332.1    61.7  -408.8  3025105.8 -3336.4 -20307.1    -3.4
small     0.0     0.0     0.0     0.0     0.0     0.0     0.0   568851.3  -380.5 -15315.3    -6.2
rand    654.7   239.9   -98.9   221.4  -370.1   159.9 -1719.4  3320372.2 -3294.2 -19952.9    -6.6
none      0.0     0.0     0.0     0.0     0.0     0.0     0.0        0.0     0.0      0.0     0.0
eco    -335.1  2989.8     0.0  -407.1  2756.7   340.3 -2543.8  2956465.3 -3341.0  -6574.6    -3.6
gdp    4527.4     0.0 -3370.1  2282.6  1475.7  1588.2  -570.6  3436500.6 -3877.3 -32271.8    -4.1
res       0.0     0.0  1843.8     0.0   -19.4 -1087.2  -602.5  2429319.1 -3170.1 -18322.0    -4.2
emp    4527.4     0.0 -3370.1  2282.6  1475.7  1588.2  -570.6  3436500.6 -3877.3 -32271.8    -4.1
cpt    -465.3  2089.9   444.8  -768.0   459.9  -764.5  1456.2  3255231.5 -3973.2 -39789.8    -5.7

未并入学习策略（第 0 轮：分母仅由人工参考集决定）

分母（每目标取跨策略的绝对值上界）：
Gdp           4527.36
Eco           2989.84
Res           3370.09
Emp           2282.62
Aec           2756.67
E2r           1588.17
Cpt           2543.80
Floor      3436500.55
Cost          3973.21
Disrupt      39789.85
Expire           6.60

已写出 data/processed/gm_dataset_v1/scale_v2/ref_B1500_C3_G0_V3E2DAY1-52-53-55-5T15_R7.csv

### 主扫描  2026-09-12 05:17:33
35 个运行 × 400 迭代 × 8 回合  并行 35
年度预算 1500（结转上限 3×）  配额 3  容积率年增 0%
有效期 3+2 年  失效后 本规划期内不再申请（吸收态）（无条文依据，依 2026-09 规划局实务答复）  建设年限 {1: 5, 2: 5, 3: 5, 5: 5}  折现率 0.95
规划期 T=15
分母 data/processed/gm_dataset_v1/scale_v2/ref_B1500_C3_G0_V3E2DAY1-52-53-55-5T15_R7.csv
[1/35] a=0.15 s=1 1955s 立项=39.0 Floor=9.81e+06
[2/35] a=0.15 s=0 1957s 立项=44.0 Floor=3.61e+06
[3/35] a=0.85 s=0 1989s 立项=24.0 Floor=9.8e+06
[4/35] a=0.0 s=2 1992s 立项=0.0 Floor=0
[5/35] a=0.85 s=1 2015s 立项=40.0 Floor=1.01e+07
[6/35] a=0.7 s=2 2019s 立项=33.0 Floor=1.02e+07
[7/35] a=1.0 s=2 2020s 立项=45.0 Floor=1.08e+07
[8/35] a=0.85 s=2 2027s 立项=31.0 Floor=1.16e+07
[9/35] a=0.85 s=4 2030s 立项=32.0 Floor=1.04e+07
[10/35] a=0.7 s=4 2029s 立项=43.0 Floor=1.11e+07
[11/35] a=0.3 s=1 2037s 立项=41.0 Floor=1.02e+07
[12/35] a=0.5 s=3 2040s 立项=45.0 Floor=5.46e+06
[13/35] a=0.5 s=1 2038s 立项=45.0 Floor=3.99e+06
[14/35] a=0.3 s=0 2043s 立项=39.0 Floor=9.37e+06
[15/35] a=0.7 s=3 2046s 立项=45.0 Floor=4.38e+06
[16/35] a=0.5 s=0 2051s 立项=23.0 Floor=8.45e+06
[17/35] a=0.5 s=2 2057s 立项=45.0 Floor=7.08e+06
[18/35] a=1.0 s=3 2058s 立项=35.0 Floor=1.18e+07
[19/35] a=0.3 s=2 2067s 立项=42.0 Floor=1.06e+07
[20/35] a=0.7 s=0 2065s 立项=26.0 Floor=9.38e+06
[21/35] a=0.15 s=3 2071s 立项=44.0 Floor=1.02e+07
[22/35] a=0.3 s=4 2070s 立项=40.0 Floor=1.02e+07
[23/35] a=0.3 s=3 2075s 立项=14.0 Floor=1.02e+07
[24/35] a=0.0 s=3 2073s 立项=45.0 Floor=7.58e+06
[25/35] a=0.7 s=1 2075s 立项=32.0 Floor=9.08e+06
[26/35] a=0.15 s=2 2077s 立项=38.0 Floor=1.03e+07
[27/35] a=0.5 s=4 2078s 立项=45.0 Floor=2.76e+06
[28/35] a=0.0 s=4 2079s 立项=27.0 Floor=1.12e+07
[29/35] a=1.0 s=1 2083s 立项=36.0 Floor=6.03e+06
[30/35] a=1.0 s=4 2080s 立项=32.0 Floor=1.14e+07
[31/35] a=0.0 s=0 2088s 立项=38.0 Floor=9.34e+06
[32/35] a=0.0 s=1 2093s 立项=33.0 Floor=1.13e+07
[33/35] a=0.15 s=4 2095s 立项=44.0 Floor=1.06e+07
[34/35] a=1.0 s=0 2105s 立项=45.0 Floor=3.6e+06
[35/35] a=0.85 s=3 2107s 立项=28.0 Floor=1.21e+07
已写出 data/processed/gm_dataset_v1/exp_v12/budget1500
