### 分母预建  2026-09-12 05:53:28
情景 B1500_C999_G0_V3E2DAY1-52-53-55-5T15_R7  参考策略 45 次
年度预算 1500（结转上限 999×）  配额 3  容积率年增 0%
有效期 3+2 年  失效后 本规划期内不再申请（吸收态）（无条文依据，依 2026-09 规划局实务答复）  建设年限 {1: 5, 2: 5, 3: 5, 5: 5}  折现率 0.95
规划期 T=15

各参考策略的折扣回报（种子均值）：
          Gdp     Eco     Res     Emp     Aec     E2r     Cpt      Floor    Cost  Disrupt  Expire
big     692.2    62.9   183.7   320.4   332.1    61.7  -408.8  3025105.8 -3336.4 -20307.1    -3.4
small     0.0     0.0     0.0     0.0     0.0     0.0     0.0   568851.3  -380.5 -15315.3    -6.2
rand    654.7   239.9   -98.9   221.4  -370.1   159.9 -1719.4  3320372.2 -3294.2 -19952.9    -6.6
none      0.0     0.0     0.0     0.0     0.0     0.0     0.0        0.0     0.0      0.0     0.0
eco    -335.1  2989.8     0.0  -407.1  2756.7   340.3 -2543.8  2956465.3 -3341.0  -6574.6    -3.6
gdp    4527.4     0.0 -3370.1  2282.6  1475.7  1588.2  -570.6  3436500.6 -3877.3 -32271.8    -4.1
res       0.0     0.0  1843.8     0.0   -19.4 -1087.2  -602.5  2429319.1 -3170.1 -18322.0    -4.2
emp    4527.4     0.0 -3370.1  2282.6  1475.7  1588.2  -570.6  3436500.6 -3877.3 -32271.8    -4.1
cpt    -465.3  2089.9   444.8  -768.0   459.9  -764.5  1456.2  3255231.5 -3973.2 -39789.8    -5.7

未并入学习策略（第 0 轮：分母仅由人工参考集决定）

分母（每目标取跨策略的绝对值上界）：
Gdp           4527.36
Eco           2989.84
Res           3370.09
Emp           2282.62
Aec           2756.67
E2r           1588.17
Cpt           2543.80
Floor      3436500.55
Cost          3973.21
Disrupt      39789.85
Expire           6.60

已写出 data/processed/gm_dataset_v1/scale_v2/ref_B1500_C999_G0_V3E2DAY1-52-53-55-5T15_R7.csv

### 主扫描  2026-09-12 05:53:50
35 个运行 × 400 迭代 × 8 回合  并行 35
年度预算 1500（结转上限 999×）  配额 3  容积率年增 0%
有效期 3+2 年  失效后 本规划期内不再申请（吸收态）（无条文依据，依 2026-09 规划局实务答复）  建设年限 {1: 5, 2: 5, 3: 5, 5: 5}  折现率 0.95
规划期 T=15
分母 data/processed/gm_dataset_v1/scale_v2/ref_B1500_C999_G0_V3E2DAY1-52-53-55-5T15_R7.csv
[1/35] a=0.5 s=3 1925s 立项=39.0 Floor=3.52e+06
[2/35] a=0.85 s=1 1934s 立项=24.0 Floor=2.89e+06
[3/35] a=0.85 s=4 1944s 立项=32.0 Floor=3.48e+06
[4/35] a=0.3 s=3 1967s 立项=45.0 Floor=3.24e+06
[5/35] a=1.0 s=3 1996s 立项=41.0 Floor=3.45e+06
[6/35] a=0.0 s=1 2019s 立项=42.0 Floor=3.33e+06
[7/35] a=0.3 s=1 2019s 立项=34.0 Floor=3.59e+06
[8/35] a=1.0 s=0 2028s 立项=25.0 Floor=3.43e+06
[9/35] a=0.0 s=2 2075s 立项=40.0 Floor=3.31e+06
[10/35] a=0.0 s=0 2085s 立项=38.0 Floor=3.19e+06
[11/35] a=0.85 s=0 2086s 立项=29.0 Floor=3.33e+06
[12/35] a=0.7 s=4 2091s 立项=36.0 Floor=4.07e+06
[13/35] a=0.5 s=4 2100s 立项=41.0 Floor=3.44e+06
[14/35] a=0.7 s=1 2116s 立项=29.0 Floor=3.93e+06
[15/35] a=0.7 s=2 2120s 立项=29.0 Floor=3.61e+06
[16/35] a=0.0 s=4 2123s 立项=27.0 Floor=3.74e+06
[17/35] a=1.0 s=4 2123s 立项=39.0 Floor=3.17e+06
[18/35] a=0.85 s=3 2136s 立项=14.0 Floor=3.44e+06
[19/35] a=0.5 s=1 2140s 立项=45.0 Floor=2.04e+06
[20/35] a=0.0 s=3 2145s 立项=43.0 Floor=2.38e+06
[21/35] a=0.5 s=2 2148s 立项=33.0 Floor=3.04e+06
[22/35] a=0.3 s=4 2148s 立项=28.0 Floor=3.1e+06
[23/35] a=1.0 s=1 2150s 立项=35.0 Floor=3.19e+06
[24/35] a=0.15 s=0 2158s 立项=45.0 Floor=2.33e+06
[25/35] a=0.3 s=0 2161s 立项=45.0 Floor=1.81e+06
[26/35] a=0.7 s=0 2162s 立项=33.0 Floor=3.63e+06
[27/35] a=0.3 s=2 2163s 立项=27.0 Floor=3.58e+06
[28/35] a=0.7 s=3 2163s 立项=28.0 Floor=3.55e+06
[29/35] a=0.5 s=0 2165s 立项=0.0 Floor=0
[30/35] a=0.15 s=3 2165s 立项=45.0 Floor=2.44e+06
[31/35] a=0.15 s=1 2172s 立项=37.0 Floor=3.61e+06
[32/35] a=1.0 s=2 2174s 立项=45.0 Floor=1.17e+06
[33/35] a=0.15 s=4 2182s 立项=30.0 Floor=3.23e+06
[34/35] a=0.15 s=2 2185s 立项=42.0 Floor=3.54e+06
[35/35] a=0.85 s=2 2185s 立项=29.0 Floor=3.99e+06
已写出 data/processed/gm_dataset_v1/exp_v12/loose
