### 分母预建  2026-09-11 13:15:48
情景 B900_C3_G0_V3E2DAY1-52-53-55-5T15_R7  参考策略 45 次
年度预算 900（结转上限 3×）  配额 3  容积率年增 0%
有效期 3+2 年  失效后 本规划期内不再申请（吸收态）（无条文依据，依 2026-09 规划局实务答复）  建设年限 {1: 5, 2: 5, 3: 5, 5: 5}  折现率 0.95
规划期 T=15

各参考策略的折扣回报（种子均值）：
          Gdp     Eco     Res     Emp     Aec    E2r     Cpt      Floor    Cost  Disrupt  Expire
big    1236.2   868.4     0.0   243.1  2454.9 -197.9 -1167.5  1657768.9 -2187.7 -12316.2    -2.1
small     0.0     0.0     0.0     0.0     0.0    0.0     0.0   568851.3  -380.5 -15315.3    -6.2
rand    246.0  -226.5   -31.3    95.6 -1180.3   63.2  -602.0  1905868.6 -1744.0 -24224.7    -5.2
none      0.0     0.0     0.0     0.0     0.0    0.0     0.0        0.0     0.0      0.0     0.0
eco    -169.6  1708.1     0.0  -227.2  1715.3  226.5 -2172.4  1654260.1 -1867.7  -1482.8    -3.1
gdp    2537.2     0.0 -1838.2  1279.9   954.4  903.5  -440.5  1907079.7 -2168.1 -22033.3    -3.6
res       0.0     0.0  1203.5     0.0   -92.6 -401.4  -285.0  1494336.7 -2005.8 -14081.0    -4.0
emp    2537.2     0.0 -1838.2  1279.9   954.4  903.5  -440.5  1907079.7 -2168.1 -22033.3    -3.6
cpt     338.6   936.9    26.8   -51.7   771.9 -140.6   762.9  1439946.4 -1788.6 -26876.3    -5.4

已并入学习策略 70 次 / 14 个权重档（第 1 轮）。
仅由人工参考集决定的分母 vs 并入后：
                  第0轮           第1轮      倍数
Eco      1.708128e+03  2.015665e+03  1.1800
Emp      1.279919e+03  1.280073e+03  1.0001
Aec      2.454904e+03  3.700243e+03  1.5073
Floor    1.907080e+06  2.339528e+06  1.2268
Cost     2.187672e+03  2.412970e+03  1.1030
Disrupt  2.687629e+04  2.710510e+04  1.0085

分母（每目标取跨策略的绝对值上界）：
Gdp           2537.18
Eco           2015.66
Res           1838.22
Emp           1280.07
Aec           3700.24
E2r            903.51
Cpt           2172.38
Floor      2339527.90
Cost          2412.97
Disrupt      27105.10
Expire           6.20

已写出 data/processed/gm_dataset_v1/scale_v2/ref_B900_C3_G0_V3E2DAY1-52-53-55-5T15_R7.csv

### 主扫描  2026-09-11 13:16:06
35 个运行 × 400 迭代 × 8 回合  并行 35
年度预算 900（结转上限 3×）  配额 3  容积率年增 0%
有效期 3+2 年  失效后 本规划期内不再申请（吸收态）（无条文依据，依 2026-09 规划局实务答复）  建设年限 {1: 5, 2: 5, 3: 5, 5: 5}  折现率 0.95
规划期 T=15
分母 data/processed/gm_dataset_v1/scale_v2/ref_B900_C3_G0_V3E2DAY1-52-53-55-5T15_R7.csv
[1/35] a=0.0 s=1 1778s 立项=35.0 Floor=2.05e+06
[2/35] a=0.85 s=3 1805s 立项=27.0 Floor=2.19e+06
[3/35] a=1.0 s=2 1820s 立项=22.0 Floor=2.13e+06
[4/35] a=0.5 s=3 1827s 立项=30.0 Floor=2.3e+06
[5/35] a=0.85 s=0 1827s 立项=24.0 Floor=1.52e+06
[6/35] a=0.15 s=3 1830s 立项=36.0 Floor=1.96e+06
[7/35] a=1.0 s=1 1836s 立项=24.0 Floor=2.04e+06
[8/35] a=0.7 s=2 1839s 立项=27.0 Floor=2.21e+06
[9/35] a=0.3 s=3 1840s 立项=26.0 Floor=2.05e+06
[10/35] a=0.15 s=0 1842s 立项=15.0 Floor=2e+06
[11/35] a=0.0 s=4 1846s 立项=22.0 Floor=1.82e+06
[12/35] a=0.85 s=2 1847s 立项=25.0 Floor=1.93e+06
[13/35] a=0.5 s=0 1849s 立项=15.0 Floor=2.02e+06
[14/35] a=0.5 s=2 1850s 立项=30.0 Floor=2.11e+06
[15/35] a=0.7 s=1 1853s 立项=32.0 Floor=2.24e+06
[16/35] a=0.0 s=0 1855s 立项=16.0 Floor=2e+06
[17/35] a=0.0 s=3 1857s 立项=14.0 Floor=2e+06
[18/35] a=0.3 s=0 1859s 立项=29.0 Floor=2.14e+06
[19/35] a=0.5 s=1 1860s 立项=36.0 Floor=2.1e+06
[20/35] a=0.7 s=3 1861s 立项=23.0 Floor=1.88e+06
[21/35] a=0.0 s=2 1861s 立项=24.0 Floor=2.28e+06
[22/35] a=0.3 s=2 1863s 立项=21.0 Floor=2.09e+06
[23/35] a=1.0 s=4 1864s 立项=15.0 Floor=1.76e+06
[24/35] a=1.0 s=3 1865s 立项=45.0 Floor=9.74e+05
[25/35] a=0.3 s=1 1865s 立项=15.0 Floor=2e+06
[26/35] a=0.15 s=2 1866s 立项=38.0 Floor=2.11e+06
[27/35] a=0.85 s=4 1868s 立项=23.0 Floor=1.54e+06
[28/35] a=0.7 s=0 1870s 立项=24.0 Floor=1.69e+06
[29/35] a=0.3 s=4 1874s 立项=18.0 Floor=1.47e+06
[30/35] a=0.5 s=4 1876s 立项=21.0 Floor=1.62e+06
[31/35] a=0.15 s=1 1880s 立项=21.0 Floor=1.86e+06
[32/35] a=0.85 s=1 1886s 立项=22.0 Floor=1.78e+06
[33/35] a=0.7 s=4 1886s 立项=26.0 Floor=1.69e+06
[34/35] a=0.15 s=4 1891s 立项=20.0 Floor=2.36e+06
[35/35] a=1.0 s=0 1900s 立项=45.0 Floor=9.81e+05
已写出 data/processed/gm_dataset_v1/exp_v11/base
