### 分母预建  2026-09-11 13:49:37
情景 B900_C3_G0.1_V3E2DAY1-52-53-55-5T15_R7  参考策略 45 次
年度预算 900（结转上限 3×）  配额 3  容积率年增 10%
有效期 3+2 年  失效后 本规划期内不再申请（吸收态）（无条文依据，依 2026-09 规划局实务答复）  建设年限 {1: 5, 2: 5, 3: 5, 5: 5}  折现率 0.95
规划期 T=15

各参考策略的折扣回报（种子均值）：
          Gdp     Eco     Res     Emp     Aec    E2r     Cpt      Floor    Cost  Disrupt  Expire
big    1236.2   868.4     0.0   243.1  2454.9 -197.9 -1167.5  4617400.2 -2187.7 -12316.2    -2.1
small     0.0     0.0     0.0     0.0     0.0    0.0     0.0  1709316.9  -380.5 -15315.3    -6.2
rand    246.0  -226.5   -31.3    95.6 -1180.3   63.2  -602.0  5355012.4 -1744.0 -24224.7    -5.2
none      0.0     0.0     0.0     0.0     0.0    0.0     0.0        0.0     0.0      0.0     0.0
eco    -169.6  1708.1     0.0  -227.2  1715.3  226.5 -2172.4  4697207.3 -1867.7  -1482.8    -3.1
gdp    2537.2     0.0 -1838.2  1279.9   954.4  903.5  -440.5  5417915.1 -2168.1 -22033.3    -3.6
res       0.0     0.0  1203.5     0.0   -92.6 -401.4  -285.0  4291052.0 -2005.8 -14081.0    -4.0
emp    2537.2     0.0 -1838.2  1279.9   954.4  903.5  -440.5  5417915.1 -2168.1 -22033.3    -3.6
cpt     338.6   936.9    26.8   -51.7   771.9 -140.6   762.9  4127972.9 -1788.6 -26876.3    -5.4

已并入学习策略 70 次 / 14 个权重档（第 1 轮）。
仅由人工参考集决定的分母 vs 并入后：
                  第0轮           第1轮      倍数
Eco      1.708128e+03  1.997034e+03  1.1691
Aec      2.454904e+03  3.800417e+03  1.5481
Cpt      2.172382e+03  2.291441e+03  1.0548
Floor    5.417915e+06  7.557764e+06  1.3950
Cost     2.187672e+03  2.376958e+03  1.0865
Disrupt  2.687629e+04  3.055932e+04  1.1370

分母（每目标取跨策略的绝对值上界）：
Gdp           2537.18
Eco           1997.03
Res           1838.22
Emp           1279.92
Aec           3800.42
E2r            903.51
Cpt           2291.44
Floor      7557763.83
Cost          2376.96
Disrupt      30559.32
Expire           6.20

已写出 data/processed/gm_dataset_v1/scale_v2/ref_B900_C3_G0.1_V3E2DAY1-52-53-55-5T15_R7.csv

### 主扫描  2026-09-11 13:49:56
35 个运行 × 400 迭代 × 8 回合  并行 35
年度预算 900（结转上限 3×）  配额 3  容积率年增 10%
有效期 3+2 年  失效后 本规划期内不再申请（吸收态）（无条文依据，依 2026-09 规划局实务答复）  建设年限 {1: 5, 2: 5, 3: 5, 5: 5}  折现率 0.95
规划期 T=15
分母 data/processed/gm_dataset_v1/scale_v2/ref_B900_C3_G0.1_V3E2DAY1-52-53-55-5T15_R7.csv
[1/35] a=0.3 s=2 1838s 立项=33.0 Floor=6.05e+06
[2/35] a=0.3 s=4 1841s 立项=18.0 Floor=4.71e+06
[3/35] a=0.0 s=2 1850s 立项=24.0 Floor=7.41e+06
[4/35] a=1.0 s=1 1866s 立项=30.0 Floor=6.9e+06
[5/35] a=1.0 s=2 1879s 立项=23.0 Floor=5.07e+06
[6/35] a=0.15 s=3 1888s 立项=39.0 Floor=6.86e+06
[7/35] a=0.15 s=0 1889s 立项=23.0 Floor=7.62e+06
[8/35] a=0.0 s=1 1895s 立项=35.0 Floor=6.24e+06
[9/35] a=0.0 s=4 1896s 立项=22.0 Floor=5.49e+06
[10/35] a=0.3 s=3 1897s 立项=15.0 Floor=4.49e+06
[11/35] a=0.85 s=0 1897s 立项=25.0 Floor=5.01e+06
[12/35] a=0.3 s=1 1898s 立项=15.0 Floor=4.95e+06
[13/35] a=0.5 s=3 1898s 立项=17.0 Floor=4.24e+06
[14/35] a=0.5 s=1 1902s 立项=17.0 Floor=5.19e+06
[15/35] a=0.15 s=4 1903s 立项=32.0 Floor=5.94e+06
[16/35] a=1.0 s=3 1907s 立项=41.0 Floor=6.06e+06
[17/35] a=0.5 s=4 1908s 立项=29.0 Floor=6.23e+06
[18/35] a=0.7 s=0 1911s 立项=32.0 Floor=8.04e+06
[19/35] a=0.15 s=1 1912s 立项=15.0 Floor=6.04e+06
[20/35] a=0.5 s=0 1915s 立项=22.0 Floor=5.03e+06
[21/35] a=0.85 s=4 1919s 立项=23.0 Floor=6.12e+06
[22/35] a=0.85 s=1 1921s 立项=23.0 Floor=5.16e+06
[23/35] a=0.0 s=3 1923s 立项=14.0 Floor=6.04e+06
[24/35] a=0.5 s=2 1930s 立项=30.0 Floor=6.75e+06
[25/35] a=0.85 s=3 1930s 立项=28.0 Floor=5.92e+06
[26/35] a=0.7 s=1 1932s 立项=27.0 Floor=5.92e+06
[27/35] a=0.7 s=3 1934s 立项=23.0 Floor=6.33e+06
[28/35] a=0.3 s=0 1935s 立项=17.0 Floor=5.37e+06
[29/35] a=0.15 s=2 1938s 立项=41.0 Floor=6.52e+06
[30/35] a=0.85 s=2 1939s 立项=21.0 Floor=5.35e+06
[31/35] a=0.7 s=4 1943s 立项=28.0 Floor=6.2e+06
[32/35] a=0.0 s=0 1944s 立项=16.0 Floor=6.04e+06
[33/35] a=1.0 s=0 1947s 立项=24.0 Floor=7.02e+06
[34/35] a=0.7 s=2 1957s 立项=15.0 Floor=5.21e+06
[35/35] a=1.0 s=4 1957s 立项=20.0 Floor=6.02e+06
已写出 data/processed/gm_dataset_v1/exp_v11/g010
