### 分母预建  2026-09-11 15:00:04
情景 B900_C3_G0_V3E2D2Y1-52-53-55-5T15_R7  参考策略 45 次
年度预算 900（结转上限 3×）  配额 3  容积率年增 0%
有效期 3+2 年  失效后 冷却 2 年（无条文依据，依 2026-09 规划局实务答复）  建设年限 {1: 5, 2: 5, 3: 5, 5: 5}  折现率 0.95
规划期 T=15

各参考策略的折扣回报（种子均值）：
          Gdp     Eco     Res     Emp     Aec    E2r     Cpt      Floor    Cost  Disrupt  Expire
big    1236.2   868.4     0.0   243.1  2454.9 -197.9 -1167.5  1657768.9 -2187.7 -12485.3    -2.2
small     0.0     0.0     0.0     0.0     0.0    0.0     0.0   568851.3  -380.5 -14600.2    -5.8
rand    246.0  -226.5   -31.3    95.6 -1180.3   63.2  -602.0  1905868.6 -1744.0 -24386.8    -4.9
none      0.0     0.0     0.0     0.0     0.0    0.0     0.0        0.0     0.0      0.0     0.0
eco    -169.6  1708.1     0.0  -227.2  1715.3  226.5 -2172.4  1654260.1 -1867.7  -1517.9    -3.5
gdp    2537.2     0.0 -1838.2  1279.9   954.4  903.5  -440.5  1907079.7 -2168.1 -22274.2    -3.4
res       0.0     0.0  1203.5     0.0   -92.6 -401.4  -285.0  1494336.7 -2005.8 -14355.8    -4.0
emp    2537.2     0.0 -1838.2  1279.9   954.4  903.5  -440.5  1907079.7 -2168.1 -22274.2    -3.4
cpt     338.6   936.9    26.8   -51.7   771.9 -140.6   762.9  1439946.4 -1788.6 -27336.9    -5.7

未并入学习策略（第 0 轮：分母仅由人工参考集决定）

分母（每目标取跨策略的绝对值上界）：
Gdp           2537.18
Eco           1708.13
Res           1838.22
Emp           1279.92
Aec           2454.90
E2r            903.51
Cpt           2172.38
Floor      1907079.72
Cost          2187.67
Disrupt      27336.88
Expire           5.79

已写出 data/processed/gm_dataset_v1/scale_v2/ref_B900_C3_G0_V3E2D2Y1-52-53-55-5T15_R7.csv

### 主扫描  2026-09-11 15:00:25
35 个运行 × 400 迭代 × 8 回合  并行 35
年度预算 900（结转上限 3×）  配额 3  容积率年增 0%
有效期 3+2 年  失效后 冷却 2 年（无条文依据，依 2026-09 规划局实务答复）  建设年限 {1: 5, 2: 5, 3: 5, 5: 5}  折现率 0.95
规划期 T=15
分母 data/processed/gm_dataset_v1/scale_v2/ref_B900_C3_G0_V3E2D2Y1-52-53-55-5T15_R7.csv
[1/35] a=0.7 s=0 1816s 立项=21.0 Floor=4.95e+06
[2/35] a=0.3 s=2 1822s 立项=15.0 Floor=5.69e+06
[3/35] a=0.15 s=0 1828s 立项=19.0 Floor=5.51e+06
[4/35] a=0.15 s=4 1849s 立项=27.0 Floor=6.36e+06
[5/35] a=0.7 s=2 1848s 立项=37.8 Floor=6.76e+06
[6/35] a=1.0 s=0 1850s 立项=25.0 Floor=7.05e+06
[7/35] a=0.3 s=4 1861s 立项=15.0 Floor=5.21e+06
[8/35] a=0.85 s=0 1861s 立项=23.4 Floor=5.52e+06
[9/35] a=0.15 s=3 1862s 立项=44.2 Floor=6.3e+06
[10/35] a=0.0 s=3 1864s 立项=27.0 Floor=6.34e+06
[11/35] a=0.15 s=2 1865s 立项=15.0 Floor=6.04e+06
[12/35] a=0.0 s=2 1866s 立项=40.2 Floor=6.64e+06
[13/35] a=0.85 s=4 1867s 立项=45.0 Floor=6.14e+06
[14/35] a=0.7 s=4 1869s 立项=24.4 Floor=6.2e+06
[15/35] a=0.5 s=3 1868s 立项=19.4 Floor=4.88e+06
[16/35] a=0.3 s=0 1869s 立项=15.0 Floor=5.17e+06
[17/35] a=1.0 s=3 1870s 立项=27.0 Floor=4.96e+06
[18/35] a=0.0 s=1 1872s 立项=21.0 Floor=5.5e+06
[19/35] a=0.0 s=4 1874s 立项=15.0 Floor=6.04e+06
[20/35] a=1.0 s=2 1875s 立项=24.0 Floor=5.22e+06
[21/35] a=0.3 s=1 1878s 立项=33.0 Floor=5.6e+06
[22/35] a=0.85 s=1 1879s 立项=23.4 Floor=5.72e+06
[23/35] a=1.0 s=1 1881s 立项=22.2 Floor=4.52e+06
[24/35] a=1.0 s=4 1883s 立项=23.0 Floor=8.36e+06
[25/35] a=0.5 s=2 1886s 立项=41.8 Floor=2.99e+06
[26/35] a=0.85 s=3 1890s 立项=29.4 Floor=6.18e+06
[27/35] a=0.0 s=0 1891s 立项=34.4 Floor=6.47e+06
[28/35] a=0.5 s=0 1898s 立项=28.6 Floor=5.2e+06
[29/35] a=0.85 s=2 1899s 立项=28.8 Floor=5.61e+06
[30/35] a=0.5 s=1 1902s 立项=25.4 Floor=5.96e+06
[31/35] a=0.5 s=4 1904s 立项=30.2 Floor=7.37e+06
[32/35] a=0.7 s=3 1907s 立项=45.0 Floor=3.01e+06
[33/35] a=0.7 s=1 1912s 立项=21.4 Floor=5.51e+06
[34/35] a=0.15 s=1 1913s 立项=38.4 Floor=5.82e+06
[35/35] a=0.3 s=3 1922s 立项=39.6 Floor=4.56e+06
已写出 data/processed/gm_dataset_v1/exp_v11/relax2
