### 分母预建  2026-09-11 16:43:48
情景 B900_C3_G0_V3E2DAY1-52-53-55-5T15G09_R7  参考策略 45 次
年度预算 900（结转上限 3×）  配额 3  容积率年增 0%
有效期 3+2 年  失效后 本规划期内不再申请（吸收态）（无条文依据，依 2026-09 规划局实务答复）  建设年限 {1: 5, 2: 5, 3: 5, 5: 5}  折现率 0.9
规划期 T=15

各参考策略的折扣回报（种子均值）：
          Gdp    Eco     Res    Emp     Aec    E2r     Cpt      Floor    Cost  Disrupt  Expire
big     702.3  492.3     0.0  138.1  1441.0 -115.4  -701.9   941845.1 -1242.9  -6714.6    -1.3
small     0.0    0.0     0.0    0.0     0.0    0.0     0.0   310635.0  -209.2  -8692.8    -3.8
rand    135.3 -133.8    -9.7   52.5  -659.8   30.9  -333.1  1078187.1  -981.2 -14983.2    -3.2
none      0.0    0.0     0.0    0.0     0.0    0.0     0.0        0.0     0.0      0.0     0.0
eco     -96.1  962.6     0.0 -128.0   967.0  127.7 -1219.3   931223.1 -1051.8   -928.9    -1.9
gdp    1437.9    0.0 -1060.2  725.1   551.3  539.8  -242.8  1080460.9 -1225.2 -14633.1    -2.2
res       0.0    0.0   674.3    0.0   -49.4 -217.0  -158.0   837233.5 -1123.8  -8894.2    -2.4
emp    1437.9    0.0 -1060.2  725.1   551.3  539.8  -242.8  1080460.9 -1225.2 -14633.1    -2.2
cpt     170.4  523.7    27.1  -37.8   417.1  -73.3   456.4   810019.0 -1003.9 -16874.3    -3.5

未并入学习策略（第 0 轮：分母仅由人工参考集决定）

分母（每目标取跨策略的绝对值上界）：
Gdp           1437.87
Eco            962.61
Res           1060.23
Emp            725.14
Aec           1441.01
E2r            539.77
Cpt           1219.25
Floor      1080460.95
Cost          1242.90
Disrupt      16874.27
Expire           3.83

已写出 data/processed/gm_dataset_v1/scale_v2/ref_B900_C3_G0_V3E2DAY1-52-53-55-5T15G09_R7.csv

### 主扫描  2026-09-11 16:44:08
35 个运行 × 400 迭代 × 8 回合  并行 35
年度预算 900（结转上限 3×）  配额 3  容积率年增 0%
有效期 3+2 年  失效后 本规划期内不再申请（吸收态）（无条文依据，依 2026-09 规划局实务答复）  建设年限 {1: 5, 2: 5, 3: 5, 5: 5}  折现率 0.9
规划期 T=15
分母 data/processed/gm_dataset_v1/scale_v2/ref_B900_C3_G0_V3E2DAY1-52-53-55-5T15G09_R7.csv
[1/35] a=0.15 s=4 1808s 立项=15.0 Floor=9.6e+05
[2/35] a=0.85 s=3 1843s 立项=27.0 Floor=1.1e+06
[3/35] a=0.3 s=1 1855s 立项=15.0 Floor=9.6e+05
[4/35] a=0.0 s=2 1859s 立项=44.0 Floor=1.18e+06
[5/35] a=1.0 s=3 1861s 立项=23.0 Floor=1.17e+06
[6/35] a=0.3 s=2 1877s 立项=16.0 Floor=9.9e+05
[7/35] a=0.15 s=3 1890s 立项=18.0 Floor=1.12e+06
[8/35] a=0.5 s=0 1908s 立项=21.0 Floor=1.13e+06
[9/35] a=0.15 s=0 1913s 立项=22.0 Floor=9.92e+05
[10/35] a=0.7 s=0 1926s 立项=15.0 Floor=9.37e+05
[11/35] a=0.7 s=4 1938s 立项=18.0 Floor=1.01e+06
[12/35] a=0.5 s=1 1948s 立项=32.0 Floor=1.2e+06
[13/35] a=0.7 s=1 1950s 立项=17.0 Floor=9.83e+05
[14/35] a=0.0 s=0 1954s 立项=30.0 Floor=1.19e+06
[15/35] a=0.85 s=0 1961s 立项=23.0 Floor=9.93e+05
[16/35] a=0.0 s=4 1965s 立项=20.0 Floor=8.37e+05
[17/35] a=0.5 s=3 1967s 立项=24.0 Floor=9.29e+05
[18/35] a=0.15 s=1 1972s 立项=32.0 Floor=1.09e+06
[19/35] a=0.5 s=2 1977s 立项=17.0 Floor=8.13e+05
[20/35] a=1.0 s=4 1979s 立项=24.0 Floor=9.27e+05
[21/35] a=0.3 s=3 1981s 立项=15.0 Floor=9.58e+05
[22/35] a=1.0 s=1 1982s 立项=24.0 Floor=9.44e+05
[23/35] a=0.7 s=3 1983s 立项=23.0 Floor=7.85e+05
[24/35] a=0.0 s=3 1985s 立项=22.0 Floor=9.9e+05
[25/35] a=0.5 s=4 1986s 立项=22.0 Floor=8.62e+05
[26/35] a=0.0 s=1 1986s 立项=32.0 Floor=1.24e+06
[27/35] a=0.3 s=0 1987s 立项=25.0 Floor=1.14e+06
[28/35] a=1.0 s=0 1988s 立项=37.0 Floor=9.93e+05
[29/35] a=1.0 s=2 1991s 立项=23.0 Floor=8.83e+05
[30/35] a=0.3 s=4 1994s 立项=28.0 Floor=7.99e+05
[31/35] a=0.7 s=2 1997s 立项=26.0 Floor=1.21e+06
[32/35] a=0.85 s=1 2003s 立项=23.0 Floor=8.46e+05
[33/35] a=0.15 s=2 2002s 立项=38.0 Floor=1.14e+06
[34/35] a=0.85 s=4 2016s 立项=23.0 Floor=9.34e+05
[35/35] a=0.85 s=2 2016s 立项=24.0 Floor=1.26e+06
已写出 data/processed/gm_dataset_v1/exp_v11/gamma090
