### 分母预建  2026-09-11 14:24:25
情景 B900_C3_G0_V2E1DAY1-52-53-55-5T15_R7  参考策略 45 次
年度预算 900（结转上限 3×）  配额 3  容积率年增 0%
有效期 2+1 年  失效后 本规划期内不再申请（吸收态）（无条文依据，依 2026-09 规划局实务答复）  建设年限 {1: 5, 2: 5, 3: 5, 5: 5}  折现率 0.95
规划期 T=15

各参考策略的折扣回报（种子均值）：
          Gdp     Eco     Res     Emp     Aec     E2r     Cpt      Floor    Cost  Disrupt  Expire
big    1126.6   792.6     0.0   221.5  2267.6  -186.3 -1067.2  1510542.9 -1993.4  -7650.4    -4.1
small     0.0     0.0     0.0     0.0     0.0     0.0     0.0   362487.2  -245.5 -11535.0   -13.1
rand    104.6  -169.1    44.4    27.7  -538.5    11.7  -438.1  1627530.3 -1398.4 -16172.3   -11.0
none      0.0     0.0     0.0     0.0     0.0     0.0     0.0        0.0     0.0      0.0     0.0
eco    -146.8  1428.7     0.0  -190.2  1434.1   189.5 -1787.1  1390042.4 -1567.4  -1730.3    -5.7
gdp    2152.1     0.0 -1723.3  1083.9   684.7  1297.4  -284.5  1615026.0 -1808.3 -21813.7    -6.2
res       0.0     0.0  1054.1     0.0   -43.6  -289.5  -293.1  1308819.5 -1756.8 -13317.1    -8.0
emp    2152.1     0.0 -1723.3  1083.9   684.7  1297.4  -284.5  1615026.0 -1808.3 -21813.7    -6.2
cpt     260.0   884.5   102.4   -77.0   721.3  -138.5   634.2  1238284.4 -1552.9 -21299.1    -9.7

未并入学习策略（第 0 轮：分母仅由人工参考集决定）

分母（每目标取跨策略的绝对值上界）：
Gdp           2152.09
Eco           1428.68
Res           1723.31
Emp           1083.91
Aec           2267.55
E2r           1297.35
Cpt           1787.06
Floor      1627530.31
Cost          1993.39
Disrupt      21813.68
Expire          13.07

已写出 data/processed/gm_dataset_v1/scale_v2/ref_B900_C3_G0_V2E1DAY1-52-53-55-5T15_R7.csv

### 主扫描  2026-09-11 14:24:48
35 个运行 × 400 迭代 × 8 回合  并行 35
年度预算 900（结转上限 3×）  配额 3  容积率年增 0%
有效期 2+1 年  失效后 本规划期内不再申请（吸收态）（无条文依据，依 2026-09 规划局实务答复）  建设年限 {1: 5, 2: 5, 3: 5, 5: 5}  折现率 0.95
规划期 T=15
分母 data/processed/gm_dataset_v1/scale_v2/ref_B900_C3_G0_V2E1DAY1-52-53-55-5T15_R7.csv
[1/35] a=0.85 s=3 1803s 立项=43.0 Floor=5.97e+06
[2/35] a=1.0 s=0 1806s 立项=30.0 Floor=5.16e+06
[3/35] a=0.0 s=3 1806s 立项=19.0 Floor=4.58e+06
[4/35] a=0.3 s=4 1810s 立项=20.0 Floor=3.59e+06
[5/35] a=0.85 s=2 1852s 立项=23.0 Floor=4.61e+06
[6/35] a=0.85 s=4 1864s 立项=24.0 Floor=5.26e+06
[7/35] a=0.5 s=2 1862s 立项=31.0 Floor=4.4e+06
[8/35] a=0.85 s=0 1865s 立项=22.0 Floor=4.01e+06
[9/35] a=0.7 s=1 1866s 立项=40.0 Floor=5.21e+06
[10/35] a=0.15 s=2 1869s 立项=21.0 Floor=4.58e+06
[11/35] a=0.3 s=2 1873s 立项=31.0 Floor=3.87e+06
[12/35] a=1.0 s=1 1878s 立项=24.0 Floor=4.18e+06
[13/35] a=0.15 s=1 1888s 立项=33.0 Floor=4.94e+06
[14/35] a=0.3 s=3 1901s 立项=20.0 Floor=4.99e+06
[15/35] a=0.7 s=0 1901s 立项=36.0 Floor=5.76e+06
[16/35] a=0.0 s=0 1905s 立项=22.0 Floor=4.58e+06
[17/35] a=0.15 s=4 1921s 立项=21.0 Floor=4.4e+06
[18/35] a=0.7 s=3 1926s 立项=36.0 Floor=5.13e+06
[19/35] a=0.0 s=2 1930s 立项=21.0 Floor=3.61e+06
[20/35] a=0.5 s=3 1932s 立项=15.0 Floor=4.01e+06
[21/35] a=0.3 s=0 1947s 立项=45.0 Floor=4.64e+06
[22/35] a=0.7 s=2 1948s 立项=44.0 Floor=2.67e+06
[23/35] a=0.3 s=1 1954s 立项=29.0 Floor=4.72e+06
[24/35] a=0.0 s=1 1955s 立项=28.0 Floor=5.25e+06
[25/35] a=0.15 s=3 1954s 立项=21.0 Floor=4.99e+06
[26/35] a=0.0 s=4 1956s 立项=22.0 Floor=3.6e+06
[27/35] a=1.0 s=3 1957s 立项=22.0 Floor=4.22e+06
[28/35] a=0.5 s=4 1957s 立项=15.0 Floor=3.8e+06
[29/35] a=1.0 s=4 1962s 立项=24.0 Floor=4.57e+06
[30/35] a=0.7 s=4 1962s 立项=33.0 Floor=5.38e+06
[31/35] a=0.5 s=0 1963s 立项=24.0 Floor=4.58e+06
[32/35] a=0.5 s=1 1969s 立项=22.0 Floor=4.64e+06
[33/35] a=0.15 s=0 1970s 立项=28.0 Floor=4.85e+06
[34/35] a=1.0 s=2 1973s 立项=27.0 Floor=4.36e+06
[35/35] a=0.85 s=1 1979s 立项=23.0 Floor=4.63e+06
已写出 data/processed/gm_dataset_v1/exp_v11/statutory
