### 分母预建  2026-09-11 15:34:41
情景 B900_C3_G0_V3E2D5Y1-52-53-55-5T15_R7  参考策略 45 次
年度预算 900（结转上限 3×）  配额 3  容积率年增 0%
有效期 3+2 年  失效后 冷却 5 年（无条文依据，依 2026-09 规划局实务答复）  建设年限 {1: 5, 2: 5, 3: 5, 5: 5}  折现率 0.95
规划期 T=15

各参考策略的折扣回报（种子均值）：
          Gdp     Eco     Res     Emp     Aec    E2r     Cpt      Floor    Cost  Disrupt  Expire
big    1236.2   868.4     0.0   243.1  2454.9 -197.9 -1167.5  1657768.9 -2187.7 -12316.2    -2.1
small     0.0     0.0     0.0     0.0     0.0    0.0     0.0   568851.3  -380.5 -15278.2    -6.1
rand    246.0  -226.5   -31.3    95.6 -1180.3   63.2  -602.0  1905868.6 -1744.0 -24507.6    -5.3
none      0.0     0.0     0.0     0.0     0.0    0.0     0.0        0.0     0.0      0.0     0.0
eco    -169.6  1708.1     0.0  -227.2  1715.3  226.5 -2172.4  1654260.1 -1867.7  -1482.8    -3.1
gdp    2537.2     0.0 -1838.2  1279.9   954.4  903.5  -440.5  1907079.7 -2168.1 -21785.6    -3.6
res       0.0     0.0  1203.5     0.0   -92.6 -401.4  -285.0  1494336.7 -2005.8 -14237.1    -4.1
emp    2537.2     0.0 -1838.2  1279.9   954.4  903.5  -440.5  1907079.7 -2168.1 -21785.6    -3.6
cpt     338.6   936.9    26.8   -51.7   771.9 -140.6   762.9  1439946.4 -1788.6 -27028.4    -5.5

未并入学习策略（第 0 轮：分母仅由人工参考集决定）

分母（每目标取跨策略的绝对值上界）：
Gdp           2537.18
Eco           1708.13
Res           1838.22
Emp           1279.92
Aec           2454.90
E2r            903.51
Cpt           2172.38
Floor      1907079.72
Cost          2187.67
Disrupt      27028.44
Expire           6.10

已写出 data/processed/gm_dataset_v1/scale_v2/ref_B900_C3_G0_V3E2D5Y1-52-53-55-5T15_R7.csv

### 主扫描  2026-09-11 15:34:59
35 个运行 × 400 迭代 × 8 回合  并行 35
年度预算 900（结转上限 3×）  配额 3  容积率年增 0%
有效期 3+2 年  失效后 冷却 5 年（无条文依据，依 2026-09 规划局实务答复）  建设年限 {1: 5, 2: 5, 3: 5, 5: 5}  折现率 0.95
规划期 T=15
分母 data/processed/gm_dataset_v1/scale_v2/ref_B900_C3_G0_V3E2D5Y1-52-53-55-5T15_R7.csv
[1/35] a=0.15 s=1 1807s 立项=15.0 Floor=4.49e+06
[2/35] a=0.3 s=0 1809s 立项=18.8 Floor=6.34e+06
[3/35] a=0.0 s=2 1811s 立项=16.0 Floor=5.41e+06
[4/35] a=0.7 s=4 1825s 立项=29.4 Floor=6.47e+06
[5/35] a=0.5 s=3 1832s 立项=26.2 Floor=6.98e+06
[6/35] a=0.15 s=2 1837s 立项=37.8 Floor=6.18e+06
[7/35] a=1.0 s=2 1840s 立项=44.8 Floor=3.74e+06
[8/35] a=0.5 s=4 1841s 立项=26.4 Floor=5.49e+06
[9/35] a=0.5 s=1 1842s 立项=27.0 Floor=5.46e+06
[10/35] a=0.85 s=1 1843s 立项=27.8 Floor=5.44e+06
[11/35] a=0.0 s=4 1845s 立项=45.0 Floor=4.03e+06
[12/35] a=0.7 s=3 1859s 立项=22.8 Floor=6.07e+06
[13/35] a=0.0 s=0 1861s 立项=21.0 Floor=5.76e+06
[14/35] a=0.7 s=1 1860s 立项=15.2 Floor=6.04e+06
[15/35] a=0.15 s=3 1862s 立项=23.8 Floor=5.55e+06
[16/35] a=0.3 s=3 1861s 立项=19.0 Floor=6.32e+06
[17/35] a=0.85 s=2 1864s 立项=44.8 Floor=3.68e+06
[18/35] a=1.0 s=3 1866s 立项=24.0 Floor=4.24e+06
[19/35] a=0.15 s=0 1868s 立项=21.0 Floor=6.36e+06
[20/35] a=0.3 s=4 1870s 立项=22.2 Floor=5e+06
[21/35] a=0.5 s=0 1872s 立项=30.4 Floor=6.6e+06
[22/35] a=0.3 s=2 1876s 立项=19.0 Floor=5.18e+06
[23/35] a=0.7 s=2 1875s 立项=23.2 Floor=6.29e+06
[24/35] a=1.0 s=4 1877s 立项=17.0 Floor=5.35e+06
[25/35] a=0.3 s=1 1877s 立项=37.0 Floor=5.09e+06
[26/35] a=0.0 s=3 1881s 立项=23.4 Floor=5.5e+06
[27/35] a=0.85 s=0 1886s 立项=15.0 Floor=5.04e+06
[28/35] a=0.15 s=4 1886s 立项=33.0 Floor=7.11e+06
[29/35] a=0.85 s=3 1887s 立项=45.0 Floor=3.84e+06
[30/35] a=0.7 s=0 1888s 立项=24.0 Floor=6.46e+06
[31/35] a=0.0 s=1 1890s 立项=19.6 Floor=6e+06
[32/35] a=0.5 s=2 1898s 立项=29.2 Floor=6.98e+06
[33/35] a=1.0 s=1 1908s 立项=45.0 Floor=4.71e+06
[34/35] a=0.85 s=4 1910s 立项=43.8 Floor=5.28e+06
[35/35] a=1.0 s=0 1918s 立项=31.0 Floor=8.42e+06
已写出 data/processed/gm_dataset_v1/exp_v11/relax5
