### 分母预建  2026-09-11 16:09:11
情景 B900_C3_G0_V3E2DAY1-32-33-35-3T15_R7  参考策略 45 次
年度预算 900（结转上限 3×）  配额 3  容积率年增 0%
有效期 3+2 年  失效后 本规划期内不再申请（吸收态）（无条文依据，依 2026-09 规划局实务答复）  建设年限 {1: 3, 2: 3, 3: 3, 5: 3}  折现率 0.95
规划期 T=15

各参考策略的折扣回报（种子均值）：
          Gdp     Eco     Res     Emp     Aec    E2r     Cpt      Floor    Cost  Disrupt  Expire
big    1523.5  1075.9     0.0   299.6  2878.7 -237.1 -1335.6  2408925.3 -2964.6  -9194.4    -2.1
small     0.0     0.0     0.0     0.0     0.0    0.0     0.0   771581.4  -506.6 -11241.0    -6.2
rand    251.4  -181.0   -63.6    48.7 -1325.8  243.5  -872.9  2892200.2 -2668.4 -16503.3    -5.2
none      0.0     0.0     0.0     0.0     0.0    0.0     0.0        0.0     0.0      0.0     0.0
eco    -249.7  2461.8     0.0  -327.9  2469.9  326.5 -3065.2  2385725.5 -2694.4   -950.2    -3.1
gdp    3315.5     0.0 -2283.2  1672.3  1726.6  902.3  -548.4  2491723.2 -2852.6 -14627.1    -3.6
res       0.0     0.0  1593.5     0.0  -131.9 -450.9  -407.4  1978554.0 -2655.8 -10004.1    -4.0
emp    3315.5     0.0 -2283.2  1672.3  1726.6  902.3  -548.4  2491723.2 -2852.6 -14627.1    -3.6
cpt     353.6  1242.2  -327.1  -130.9   833.5   98.9  1006.2  2490644.1 -2966.7 -18065.7    -5.4

未并入学习策略（第 0 轮：分母仅由人工参考集决定）

分母（每目标取跨策略的绝对值上界）：
Gdp           3315.54
Eco           2461.78
Res           2283.22
Emp           1672.30
Aec           2878.72
E2r            902.31
Cpt           3065.17
Floor      2892200.22
Cost          2966.67
Disrupt      18065.72
Expire           6.20

已写出 data/processed/gm_dataset_v1/scale_v2/ref_B900_C3_G0_V3E2DAY1-32-33-35-3T15_R7.csv

### 主扫描  2026-09-11 16:09:31
35 个运行 × 400 迭代 × 8 回合  并行 35
年度预算 900（结转上限 3×）  配额 3  容积率年增 0%
有效期 3+2 年  失效后 本规划期内不再申请（吸收态）（无条文依据，依 2026-09 规划局实务答复）  建设年限 {1: 3, 2: 3, 3: 3, 5: 3}  折现率 0.95
规划期 T=15
分母 data/processed/gm_dataset_v1/scale_v2/ref_B900_C3_G0_V3E2DAY1-32-33-35-3T15_R7.csv
[1/35] a=0.15 s=3 1817s 立项=15.0 Floor=6.73e+06
[2/35] a=0.85 s=4 1841s 立项=13.0 Floor=6.61e+06
[3/35] a=0.5 s=3 1851s 立项=22.0 Floor=8.61e+06
[4/35] a=0.3 s=4 1852s 立项=22.0 Floor=8.38e+06
[5/35] a=0.3 s=3 1860s 立项=15.0 Floor=7.2e+06
[6/35] a=0.5 s=1 1862s 立项=29.0 Floor=7.51e+06
[7/35] a=0.0 s=2 1868s 立项=16.0 Floor=7.2e+06
[8/35] a=0.0 s=1 1877s 立项=39.0 Floor=7.26e+06
[9/35] a=0.15 s=1 1879s 立项=24.0 Floor=8.5e+06
[10/35] a=0.5 s=0 1881s 立项=30.0 Floor=8.04e+06
[11/35] a=0.5 s=4 1881s 立项=28.0 Floor=7.62e+06
[12/35] a=1.0 s=0 1883s 立项=23.0 Floor=6.94e+06
[13/35] a=0.3 s=2 1883s 立项=28.0 Floor=6.36e+06
[14/35] a=0.0 s=4 1886s 立项=30.0 Floor=9.29e+06
[15/35] a=1.0 s=4 1886s 立项=45.0 Floor=4.13e+06
[16/35] a=0.7 s=0 1889s 立项=36.0 Floor=7.82e+06
[17/35] a=0.85 s=0 1887s 立项=37.0 Floor=8.03e+06
[18/35] a=0.0 s=3 1889s 立项=15.0 Floor=7.25e+06
[19/35] a=0.15 s=4 1891s 立项=28.0 Floor=8.83e+06
[20/35] a=0.7 s=1 1896s 立项=24.0 Floor=8.76e+06
[21/35] a=0.5 s=2 1898s 立项=15.0 Floor=7.84e+06
[22/35] a=0.85 s=1 1898s 立项=23.0 Floor=7.02e+06
[23/35] a=0.7 s=2 1901s 立项=24.0 Floor=8.5e+06
[24/35] a=0.3 s=1 1904s 立项=16.0 Floor=8.01e+06
[25/35] a=0.0 s=0 1904s 立项=44.0 Floor=7.11e+06
[26/35] a=1.0 s=1 1906s 立项=24.0 Floor=7.71e+06
[27/35] a=0.3 s=0 1906s 立项=30.0 Floor=7.98e+06
[28/35] a=0.85 s=2 1907s 立项=40.0 Floor=8.42e+06
[29/35] a=0.7 s=3 1908s 立项=33.0 Floor=8.23e+06
[30/35] a=0.85 s=3 1908s 立项=40.0 Floor=7.36e+06
[31/35] a=0.7 s=4 1912s 立项=24.0 Floor=8.35e+06
[32/35] a=0.15 s=0 1914s 立项=34.0 Floor=7.35e+06
[33/35] a=1.0 s=2 1916s 立项=31.0 Floor=7.77e+06
[34/35] a=0.15 s=2 1918s 立项=43.0 Floor=7.15e+06
[35/35] a=1.0 s=3 1924s 立项=23.0 Floor=8.33e+06
已写出 data/processed/gm_dataset_v1/exp_v11/build3
