### 分母预建  2026-09-11 17:19:37
情景 B900_C3_G0_V3E2DAY1-52-53-55-5T15G0926_R7  参考策略 45 次
年度预算 900（结转上限 3×）  配额 3  容积率年增 0%
有效期 3+2 年  失效后 本规划期内不再申请（吸收态）（无条文依据，依 2026-09 规划局实务答复）  建设年限 {1: 5, 2: 5, 3: 5, 5: 5}  折现率 0.926
规划期 T=15

各参考策略的折扣回报（种子均值）：
          Gdp     Eco     Res    Emp     Aec    E2r     Cpt      Floor    Cost  Disrupt  Expire
big     944.7   662.9     0.0  185.7  1905.8 -153.1  -916.9  1266791.1 -1671.7  -9228.1    -1.6
small     0.0     0.0     0.0    0.0     0.0    0.0     0.0   426458.3  -286.2 -11681.1    -4.9
rand    185.1  -176.4   -18.8   71.9  -894.9   45.0  -454.4  1453350.1 -1326.4 -19230.8    -4.1
none      0.0     0.0     0.0    0.0     0.0    0.0     0.0        0.0     0.0      0.0     0.0
eco    -129.4  1300.1     0.0 -172.9  1305.8  172.4 -1650.3  1258395.7 -1421.0  -1186.2    -2.5
gdp    1935.0     0.0 -1413.5  976.0   734.8  705.7  -331.7  1454269.9 -1651.4 -18077.8    -2.8
res       0.0     0.0   913.3    0.0   -68.6 -299.5  -215.3  1134031.2 -1522.2 -11287.4    -3.1
emp    1935.0     0.0 -1413.5  976.0   734.8  705.7  -331.7  1454269.9 -1651.4 -18077.8    -2.8
cpt     244.6   710.0    28.1  -44.8   575.8 -103.1   597.4  1094556.2 -1358.1 -21470.1    -4.4

未并入学习策略（第 0 轮：分母仅由人工参考集决定）

分母（每目标取跨策略的绝对值上界）：
Gdp           1935.03
Eco           1300.06
Res           1413.53
Emp            976.02
Aec           1905.75
E2r            705.73
Cpt           1650.25
Floor      1454269.91
Cost          1671.72
Disrupt      21470.07
Expire           4.92

已写出 data/processed/gm_dataset_v1/scale_v2/ref_B900_C3_G0_V3E2DAY1-52-53-55-5T15G0926_R7.csv

### 主扫描  2026-09-11 17:19:56
35 个运行 × 400 迭代 × 8 回合  并行 35
年度预算 900（结转上限 3×）  配额 3  容积率年增 0%
有效期 3+2 年  失效后 本规划期内不再申请（吸收态）（无条文依据，依 2026-09 规划局实务答复）  建设年限 {1: 5, 2: 5, 3: 5, 5: 5}  折现率 0.926
规划期 T=15
分母 data/processed/gm_dataset_v1/scale_v2/ref_B900_C3_G0_V3E2DAY1-52-53-55-5T15G0926_R7.csv
[1/35] a=0.85 s=0 1819s 立项=24.0 Floor=4.66e+06
[2/35] a=1.0 s=3 1827s 立项=23.0 Floor=3.72e+06
[3/35] a=0.0 s=2 1829s 立项=19.0 Floor=4.18e+06
[4/35] a=0.5 s=3 1835s 立项=18.0 Floor=4.48e+06
[5/35] a=0.15 s=1 1843s 立项=25.0 Floor=5.68e+06
[6/35] a=0.5 s=4 1848s 立项=16.0 Floor=3.81e+06
[7/35] a=0.3 s=4 1847s 立项=15.0 Floor=4.48e+06
[8/35] a=0.7 s=4 1847s 立项=19.0 Floor=4.14e+06
[9/35] a=0.15 s=0 1850s 立项=16.0 Floor=3.14e+06
[10/35] a=0.7 s=3 1856s 立项=36.0 Floor=5.46e+06
[11/35] a=0.15 s=2 1861s 立项=15.0 Floor=3.85e+06
[12/35] a=0.5 s=0 1861s 立项=19.0 Floor=3.88e+06
[13/35] a=0.5 s=2 1863s 立项=23.0 Floor=5.04e+06
[14/35] a=0.0 s=0 1875s 立项=16.0 Floor=3.2e+06
[15/35] a=0.3 s=2 1876s 立项=26.0 Floor=4.86e+06
[16/35] a=0.85 s=2 1877s 立项=23.0 Floor=3.78e+06
[17/35] a=0.0 s=1 1881s 立项=34.0 Floor=4.69e+06
[18/35] a=0.5 s=1 1884s 立项=36.0 Floor=2.86e+06
[19/35] a=1.0 s=4 1886s 立项=45.0 Floor=2.34e+06
[20/35] a=0.85 s=1 1889s 立项=19.0 Floor=3.94e+06
[21/35] a=0.15 s=4 1891s 立项=25.0 Floor=5.47e+06
[22/35] a=0.85 s=4 1897s 立项=38.0 Floor=4.73e+06
[23/35] a=0.3 s=3 1900s 立项=16.0 Floor=3.81e+06
[24/35] a=0.7 s=1 1902s 立项=16.0 Floor=4.15e+06
[25/35] a=0.7 s=0 1905s 立项=27.0 Floor=3.35e+06
[26/35] a=0.7 s=2 1905s 立项=22.0 Floor=3.61e+06
[27/35] a=1.0 s=0 1906s 立项=25.0 Floor=4.5e+06
[28/35] a=0.85 s=3 1908s 立项=34.0 Floor=3.41e+06
[29/35] a=0.15 s=3 1910s 立项=21.0 Floor=4.67e+06
[30/35] a=0.3 s=0 1912s 立项=19.0 Floor=4.64e+06
[31/35] a=1.0 s=2 1912s 立项=24.0 Floor=4.71e+06
[32/35] a=0.3 s=1 1917s 立项=27.0 Floor=4.86e+06
[33/35] a=0.0 s=4 1920s 立项=24.0 Floor=4.81e+06
[34/35] a=1.0 s=1 1923s 立项=27.0 Floor=5.09e+06
[35/35] a=0.0 s=3 1927s 立项=17.0 Floor=3.36e+06
已写出 data/processed/gm_dataset_v1/exp_v11/gamma0926
