### 分母预建  2026-09-11 17:54:18
情景 B900_C3_G0_V3E2DAY1-52-53-55-5T20_R7  参考策略 45 次
年度预算 900（结转上限 3×）  配额 3  容积率年增 0%
有效期 3+2 年  失效后 本规划期内不再申请（吸收态）（无条文依据，依 2026-09 规划局实务答复）  建设年限 {1: 5, 2: 5, 3: 5, 5: 5}  折现率 0.95
规划期 T=20

各参考策略的折扣回报（种子均值）：
          Gdp     Eco     Res     Emp     Aec    E2r     Cpt      Floor    Cost  Disrupt  Expire
big    1236.2   868.4     0.0   243.1  2454.9 -197.9 -1167.5  1657768.9 -2187.7 -12316.2    -2.1
small     0.0     0.0     0.0     0.0     0.0    0.0     0.0   568851.3  -380.5 -15315.3    -6.2
rand    246.0  -226.5   -31.3    95.6 -1180.3   63.2  -602.0  1905868.6 -1744.0 -24224.7    -5.2
none      0.0     0.0     0.0     0.0     0.0    0.0     0.0        0.0     0.0      0.0     0.0
eco    -169.6  1708.1     0.0  -227.2  1715.3  226.5 -2172.4  1654260.1 -1867.7  -1482.8    -3.1
gdp    2537.2     0.0 -1838.2  1279.9   954.4  903.5  -440.5  1907079.7 -2168.1 -22033.3    -3.6
res       0.0     0.0  1203.5     0.0   -92.6 -401.4  -285.0  1494336.7 -2005.8 -14081.0    -4.0
emp    2537.2     0.0 -1838.2  1279.9   954.4  903.5  -440.5  1907079.7 -2168.1 -22033.3    -3.6
cpt     338.6   936.9    26.8   -51.7   771.9 -140.6   762.9  1439946.4 -1788.6 -26876.3    -5.4

未并入学习策略（第 0 轮：分母仅由人工参考集决定）

分母（每目标取跨策略的绝对值上界）：
Gdp           2537.18
Eco           1708.13
Res           1838.22
Emp           1279.92
Aec           2454.90
E2r            903.51
Cpt           2172.38
Floor      1907079.72
Cost          2187.67
Disrupt      26876.29
Expire           6.20

已写出 data/processed/gm_dataset_v1/scale_v2/ref_B900_C3_G0_V3E2DAY1-52-53-55-5T20_R7.csv

### 主扫描  2026-09-11 17:54:37
35 个运行 × 400 迭代 × 8 回合  并行 35
年度预算 900（结转上限 3×）  配额 3  容积率年增 0%
有效期 3+2 年  失效后 本规划期内不再申请（吸收态）（无条文依据，依 2026-09 规划局实务答复）  建设年限 {1: 5, 2: 5, 3: 5, 5: 5}  折现率 0.95
规划期 T=20
分母 data/processed/gm_dataset_v1/scale_v2/ref_B900_C3_G0_V3E2DAY1-52-53-55-5T20_R7.csv
[1/35] a=0.5 s=0 2321s 立项=35.0 Floor=1.05e+07
[2/35] a=0.7 s=0 2328s 立项=48.0 Floor=1.12e+07
[3/35] a=0.85 s=4 2341s 立项=45.0 Floor=1.29e+07
[4/35] a=1.0 s=2 2359s 立项=38.0 Floor=1.23e+07
[5/35] a=0.0 s=3 2366s 立项=31.0 Floor=1.23e+07
[6/35] a=0.5 s=4 2374s 立项=31.0 Floor=1.11e+07
[7/35] a=0.15 s=4 2390s 立项=28.0 Floor=1.37e+07
[8/35] a=0.15 s=0 2393s 立项=27.0 Floor=1.19e+07
[9/35] a=0.0 s=1 2396s 立项=20.0 Floor=1.29e+07
[10/35] a=0.3 s=3 2402s 立项=20.0 Floor=1.29e+07
[11/35] a=0.7 s=1 2407s 立项=48.0 Floor=1.3e+07
[12/35] a=0.7 s=4 2413s 立项=34.0 Floor=1.28e+07
[13/35] a=0.85 s=1 2424s 立项=36.0 Floor=1.09e+07
[14/35] a=0.7 s=2 2430s 立项=40.0 Floor=1.35e+07
[15/35] a=0.85 s=0 2433s 立项=36.0 Floor=1.1e+07
[16/35] a=0.3 s=1 2436s 立项=20.0 Floor=1.25e+07
[17/35] a=0.5 s=3 2439s 立项=26.0 Floor=1.19e+07
[18/35] a=0.5 s=2 2436s 立项=43.0 Floor=1.16e+07
[19/35] a=1.0 s=3 2446s 立项=60.0 Floor=1.11e+07
[20/35] a=0.0 s=2 2444s 立项=28.0 Floor=1.3e+07
[21/35] a=0.3 s=0 2446s 立项=28.0 Floor=1.3e+07
[22/35] a=0.7 s=3 2451s 立项=38.0 Floor=1.29e+07
[23/35] a=0.15 s=1 2452s 立项=35.0 Floor=1.32e+07
[24/35] a=0.85 s=2 2460s 立项=48.0 Floor=1.15e+07
[25/35] a=0.0 s=4 2458s 立项=35.0 Floor=1.27e+07
[26/35] a=0.15 s=2 2465s 立项=49.0 Floor=1.16e+07
[27/35] a=0.85 s=3 2470s 立项=43.0 Floor=1.14e+07
[28/35] a=0.3 s=2 2474s 立项=20.0 Floor=1.27e+07
[29/35] a=0.0 s=0 2479s 立项=52.0 Floor=1.11e+07
[30/35] a=0.15 s=3 2482s 立项=55.0 Floor=1.17e+07
[31/35] a=1.0 s=1 2492s 立项=39.0 Floor=1.14e+07
[32/35] a=0.5 s=1 2491s 立项=32.0 Floor=1.19e+07
[33/35] a=1.0 s=4 2498s 立项=34.0 Floor=1.39e+07
[34/35] a=0.3 s=4 2499s 立项=55.0 Floor=1.09e+07
[35/35] a=1.0 s=0 2502s 立项=37.0 Floor=1.1e+07
已写出 data/processed/gm_dataset_v1/exp_v11/horizon20
