### 主扫描  2026-09-15 13:00:34
35 个运行 × 400 迭代 × 8 回合  并行 35
年度预算 900（结转上限 3×）  配额 3  容积率年增 0%
有效期 3+2 年  失效后 本规划期内不再申请（吸收态）（无条文依据，依 2026-09 规划局实务答复）  建设年限 {1: 5, 2: 5, 3: 5, 5: 5}  折现率 0.95
批准率 (0.2, 0.2, 0.2, 0.2, 0.2)  资金口径 upfront（立项当年全额；Cost 按完工年计入）
分母缓存键 V3E2DAY1-52-53-55-5T15X26A5
决策期 T=15  评价期 T_eval=26（立项与记分分离）
分母 data/processed/gm_dataset_v1/scale_v2/fixed_B900_C3_GSET0-0.1_V3E2DAY1-52-53-55-5T15X26A5_R9FX1.json（情景集合包络 G∈(0.0, 0.1)）
[1/35] a=0.15 s=4 3157s 立项=15.0 Floor=3.76e+06
[2/35] a=0.85 s=3 3169s 立项=23.0 Floor=3.7e+06
[3/35] a=0.7 s=2 3225s 立项=24.0 Floor=3.42e+06
[4/35] a=0.5 s=0 3227s 立项=15.0 Floor=3.4e+06
[5/35] a=0.3 s=3 3292s 立项=17.0 Floor=3.27e+06
[6/35] a=0.3 s=2 3302s 立项=16.0 Floor=3.8e+06
[7/35] a=0.7 s=3 3309s 立项=16.0 Floor=3.74e+06
[8/35] a=0.85 s=1 3361s 立项=25.0 Floor=3.82e+06
[9/35] a=0.3 s=1 3391s 立项=17.0 Floor=4.13e+06
[10/35] a=1.0 s=1 3399s 立项=24.0 Floor=3.78e+06
[11/35] a=0.15 s=0 4284s 立项=15.0 Floor=3.81e+06
[12/35] a=1.0 s=3 4284s 立项=24.0 Floor=3.68e+06
[13/35] a=0.5 s=2 4287s 立项=15.0 Floor=3.25e+06
[14/35] a=0.5 s=4 4308s 立项=19.0 Floor=3.45e+06
[15/35] a=0.15 s=3 4344s 立项=23.0 Floor=3.86e+06
[16/35] a=0.3 s=0 4363s 立项=15.0 Floor=3.75e+06
[17/35] a=0.85 s=0 4369s 立项=23.0 Floor=3.65e+06
[18/35] a=1.0 s=0 4376s 立项=23.0 Floor=3.57e+06
[19/35] a=0.0 s=4 4384s 立项=15.0 Floor=3.76e+06
[20/35] a=0.0 s=3 4384s 立项=21.0 Floor=3.63e+06
[21/35] a=1.0 s=4 4388s 立项=23.0 Floor=3.64e+06
[22/35] a=0.85 s=4 4387s 立项=9.0 Floor=3.82e+06
[23/35] a=0.5 s=3 4392s 立项=16.0 Floor=3.24e+06
[24/35] a=0.5 s=1 4397s 立项=15.0 Floor=3.35e+06
[25/35] a=0.15 s=1 4408s 立项=15.0 Floor=3.76e+06
[26/35] a=0.0 s=0 4410s 立项=27.0 Floor=3.55e+06
[27/35] a=1.0 s=2 4424s 立项=24.0 Floor=3.43e+06
[28/35] a=0.0 s=1 4424s 立项=15.0 Floor=3.73e+06
[29/35] a=0.7 s=1 4428s 立项=20.0 Floor=3.89e+06
[30/35] a=0.7 s=4 4430s 立项=15.0 Floor=3.83e+06
[31/35] a=0.85 s=2 4440s 立项=13.0 Floor=3.78e+06
[32/35] a=0.3 s=4 4441s 立项=21.0 Floor=3.77e+06
[33/35] a=0.15 s=2 4457s 立项=15.0 Floor=3.76e+06
[34/35] a=0.7 s=0 4476s 立项=15.0 Floor=3.7e+06
[35/35] a=0.0 s=2 4520s 立项=29.0 Floor=3.55e+06
已写出 data/processed/gm_dataset_v1/exp_v15/tauA5
### 规则基线  2026-09-15 14:16:20
年度预算 900（结转上限 3×）  配额 3  容积率年增 0%
有效期 3+2 年  失效后 本规划期内不再申请（吸收态）（无条文依据，依 2026-09 规划局实务答复）  建设年限 {1: 5, 2: 5, 3: 5, 5: 5}  折现率 0.95
批准率 (0.2, 0.2, 0.2, 0.2, 0.2)  资金口径 upfront（立项当年全额；Cost 按完工年计入）
分母缓存键 V3E2DAY1-52-53-55-5T15X26A5
决策期 T=15  评价期 T_eval=26  配额 3  排序键 alpha=0.5

myopic      立项  36.0  期内完工   9.4  全期完工  22.4  失效  13.6  用款   13430  期内交付率 26.1%
greedy_crh  立项  14.0  期内完工   7.8  全期完工   8.0  失效   6.0  用款    4470  期内交付率 55.7%
frontload   立项  14.0  期内完工   7.8  全期完工   8.0  失效   6.0  用款    4470  期内交付率 55.7%
evenspread  立项  15.0  期内完工   3.8  全期完工   8.8  失效   6.2  用款   11420  期内交付率 25.3%
backload    立项  13.0  期内完工   0.0  全期完工   7.2  失效   5.8  用款    5930  期内交付率  0.0%
oracle      立项  20.0  期内完工  20.0  全期完工  20.0  失效   0.0  用款    7180  期内交付率 100.0%

自查（一律以**期内完工** n_done_T 判定）：
  通过  (a) oracle 期内完工 >= 其余所有策略：oracle=20.0，其余最大=9.4（myopic）
  不成立  (b) greedy_crh 期内完工 >= myopic：greedy_crh=7.8，myopic=9.4
  通过  (c) backload 期内完工 <= frontload：frontload=7.8，backload=0.0
  通过  myopic 相对 oracle 的期内完工缺口：10.6 个（myopic 9.4 vs oracle 20.0，相当于 oracle 的 53%）

已写出 data/processed/gm_dataset_v1/exp_v15/tauA5/baseline/baselines.csv
