### 主扫描  2026-09-15 19:38:06
35 个运行 × 400 迭代 × 8 回合  并行 35
年度预算 900（结转上限 3×）  配额 3  容积率年增 0%
有效期 2+1 年  失效后 本规划期内不再申请（吸收态）（无条文依据，依 2026-09 规划局实务答复）  建设年限 {1: 5, 2: 5, 3: 5, 5: 5}  折现率 0.95
批准率 (0.174, 0.212, 0.239, 0.277, 0.179)  资金口径 upfront（立项当年全额；Cost 按完工年计入）
分母缓存键 V2E1DAY1-52-53-55-5T15X24
决策期 T=15  评价期 T_eval=24（立项与记分分离）
分母 data/processed/gm_dataset_v1/scale_v2/fixed_B900_C3_GSET0-0.1_V2E1DAY1-52-53-55-5T15X24_R9FX1.json（情景集合包络 G∈(0.0, 0.1)）
[1/35] a=0.3 s=2 3412s 立项=27.0 Floor=3.15e+06
[2/35] a=0.85 s=4 3582s 立项=23.0 Floor=2.67e+06
[3/35] a=0.3 s=1 3959s 立项=17.0 Floor=2.49e+06
[4/35] a=0.7 s=4 5092s 立项=32.0 Floor=3.13e+06
[5/35] a=0.7 s=1 5165s 立项=15.0 Floor=2.68e+06
[6/35] a=0.3 s=0 5178s 立项=15.0 Floor=2.86e+06
[7/35] a=0.5 s=4 5181s 立项=15.0 Floor=2.47e+06
[8/35] a=1.0 s=1 5196s 立项=24.0 Floor=2.68e+06
[9/35] a=0.5 s=3 5200s 立项=18.0 Floor=2.3e+06
[10/35] a=0.5 s=2 5209s 立项=19.0 Floor=2.54e+06
[11/35] a=0.3 s=4 5226s 立项=19.0 Floor=2.92e+06
[12/35] a=0.0 s=4 5229s 立项=19.0 Floor=2.57e+06
[13/35] a=0.5 s=1 5228s 立项=15.0 Floor=2.64e+06
[14/35] a=0.15 s=2 5229s 立项=15.0 Floor=2.88e+06
[15/35] a=0.7 s=3 5246s 立项=16.0 Floor=2.88e+06
[16/35] a=1.0 s=2 5251s 立项=30.0 Floor=2.67e+06
[17/35] a=0.15 s=1 5259s 立项=15.0 Floor=2.86e+06
[18/35] a=0.15 s=3 5270s 立项=34.0 Floor=2.97e+06
[19/35] a=0.5 s=0 5280s 立项=15.0 Floor=2.65e+06
[20/35] a=0.3 s=3 5288s 立项=15.0 Floor=2.56e+06
[21/35] a=0.15 s=4 5289s 立项=16.0 Floor=2.85e+06
[22/35] a=0.85 s=2 5296s 立项=23.0 Floor=2.97e+06
[23/35] a=1.0 s=4 5298s 立项=25.0 Floor=3.02e+06
[24/35] a=0.0 s=1 5303s 立项=25.0 Floor=3.02e+06
[25/35] a=0.0 s=3 5307s 立项=16.0 Floor=2.89e+06
[26/35] a=0.85 s=3 5307s 立项=28.0 Floor=2.99e+06
[27/35] a=0.0 s=0 5318s 立项=24.0 Floor=3.26e+06
[28/35] a=0.85 s=0 5319s 立项=24.0 Floor=2.75e+06
[29/35] a=0.0 s=2 5326s 立项=17.0 Floor=2.86e+06
[30/35] a=0.7 s=0 5334s 立项=24.0 Floor=2.82e+06
[31/35] a=0.85 s=1 5335s 立项=45.0 Floor=2.02e+06
[32/35] a=1.0 s=3 5348s 立项=38.0 Floor=2.7e+06
[33/35] a=0.15 s=0 5350s 立项=15.0 Floor=2.81e+06
[34/35] a=1.0 s=0 5386s 立项=45.0 Floor=2.2e+06
[35/35] a=0.7 s=2 5388s 立项=25.0 Floor=3.19e+06
已写出 data/processed/gm_dataset_v1/exp_v15/statutory
### 规则基线  2026-09-15 21:08:18
年度预算 900（结转上限 3×）  配额 3  容积率年增 0%
有效期 2+1 年  失效后 本规划期内不再申请（吸收态）（无条文依据，依 2026-09 规划局实务答复）  建设年限 {1: 5, 2: 5, 3: 5, 5: 5}  折现率 0.95
批准率 (0.174, 0.212, 0.239, 0.277, 0.179)  资金口径 upfront（立项当年全额；Cost 按完工年计入）
分母缓存键 V2E1DAY1-52-53-55-5T15X24
决策期 T=15  评价期 T_eval=24  配额 3  排序键 alpha=0.5

myopic      立项  38.0  期内完工   8.2  全期完工  18.6  失效  19.4  用款   13470  期内交付率 21.6%
greedy_crh  立项  15.0  期内完工   7.2  全期完工   7.2  失效   7.8  用款    5290  期内交付率 48.0%
frontload   立项  12.0  期内完工   5.6  全期完工   5.6  失效   6.4  用款    4490  期内交付率 46.7%
evenspread  立项  15.0  期内完工   3.4  全期完工   6.2  失效   8.8  用款    9210  期内交付率 22.7%
backload    立项  14.0  期内完工   0.0  全期完工   6.4  失效   7.6  用款    5780  期内交付率  0.0%
oracle      立项  20.0  期内完工  20.0  全期完工  20.0  失效   0.0  用款    7200  期内交付率 100.0%

自查（一律以**期内完工** n_done_T 判定）：
  通过  (a) oracle 期内完工 >= 其余所有策略：oracle=20.0，其余最大=8.2（myopic）
  不成立  (b) greedy_crh 期内完工 >= myopic：greedy_crh=7.2，myopic=8.2
  通过  (c) backload 期内完工 <= frontload：frontload=5.6，backload=0.0
  通过  myopic 相对 oracle 的期内完工缺口：11.8 个（myopic 8.2 vs oracle 20.0，相当于 oracle 的 59%）

已写出 data/processed/gm_dataset_v1/exp_v15/statutory/baseline/baselines.csv
