### 主扫描  2026-09-15 05:26:42
35 个运行 × 400 迭代 × 8 回合  并行 35
年度预算 900（结转上限 3×）  配额 3  容积率年增 0%
有效期 3+2 年  失效后 本规划期内不再申请（吸收态）（无条文依据，依 2026-09 规划局实务答复）  建设年限 {1: 5, 2: 5, 3: 5, 5: 5}  折现率 0.95
批准率 (0.174, 0.212, 0.239, 0.277, 0.179)  资金口径 staged（立项付 20%，余额实施期内按年等额；Cost 按支付年计入）
分母缓存键 V3E2DAY1-52-53-55-5T15X26MS02
决策期 T=15  评价期 T_eval=26（立项与记分分离）
分母 data/processed/gm_dataset_v1/scale_v2/fixed_B900_C3_GSET0-0.1_V3E2DAY1-52-53-55-5T15X26MS02_R9FX1.json（情景集合包络 G∈(0.0, 0.1)）
[1/35] a=0.3 s=4 2793s 立项=23.2 Floor=4.07e+06
[2/35] a=0.0 s=3 2809s 立项=20.4 Floor=4.44e+06
[3/35] a=0.5 s=2 2860s 立项=16.8 Floor=3.94e+06
[4/35] a=0.5 s=3 2863s 立项=15.2 Floor=3.96e+06
[5/35] a=0.0 s=4 2891s 立项=15.2 Floor=4.71e+06
[6/35] a=0.7 s=3 2917s 立项=23.6 Floor=4.08e+06
[7/35] a=0.15 s=4 2920s 立项=36.6 Floor=4.29e+06
[8/35] a=0.3 s=3 2993s 立项=26.0 Floor=4.36e+06
[9/35] a=0.0 s=0 3313s 立项=18.8 Floor=4.54e+06
[10/35] a=0.3 s=0 3351s 立项=19.2 Floor=4.51e+06
[11/35] a=0.5 s=1 3359s 立项=19.8 Floor=3.81e+06
[12/35] a=1.0 s=0 3361s 立项=27.8 Floor=4.54e+06
[13/35] a=0.85 s=1 3368s 立项=20.8 Floor=4.27e+06
[14/35] a=0.7 s=1 3375s 立项=21.2 Floor=4.25e+06
[15/35] a=1.0 s=4 3380s 立项=22.2 Floor=4.19e+06
[16/35] a=0.15 s=2 3384s 立项=19.8 Floor=4.27e+06
[17/35] a=1.0 s=2 3385s 立项=19.0 Floor=4.71e+06
[18/35] a=0.85 s=2 3392s 立项=22.0 Floor=4.21e+06
[19/35] a=0.0 s=2 3396s 立项=15.0 Floor=4.47e+06
[20/35] a=0.85 s=4 3395s 立项=30.8 Floor=4.19e+06
[21/35] a=0.7 s=4 3401s 立项=15.0 Floor=4.48e+06
[22/35] a=0.15 s=3 3410s 立项=18.6 Floor=4.57e+06
[23/35] a=0.85 s=0 3410s 立项=21.6 Floor=4.36e+06
[24/35] a=0.5 s=4 3416s 立项=38.0 Floor=3.5e+06
[25/35] a=1.0 s=3 3424s 立项=26.0 Floor=4.45e+06
[26/35] a=0.3 s=1 3427s 立项=19.2 Floor=4.38e+06
[27/35] a=0.3 s=2 3429s 立项=15.2 Floor=4.39e+06
[28/35] a=0.0 s=1 3442s 立项=24.2 Floor=4.2e+06
[29/35] a=0.5 s=0 3455s 立项=19.6 Floor=3.94e+06
[30/35] a=1.0 s=1 3465s 立项=15.0 Floor=4.73e+06
[31/35] a=0.15 s=1 3467s 立项=20.0 Floor=4.41e+06
[32/35] a=0.85 s=3 3468s 立项=18.8 Floor=4.53e+06
[33/35] a=0.7 s=0 3472s 立项=26.6 Floor=4.64e+06
[34/35] a=0.15 s=0 3484s 立项=18.0 Floor=4.51e+06
[35/35] a=0.7 s=2 3492s 立项=20.0 Floor=4.53e+06
已写出 data/processed/gm_dataset_v1/exp_v15/staged
### 规则基线  2026-09-15 06:25:15
年度预算 900（结转上限 3×）  配额 3  容积率年增 0%
有效期 3+2 年  失效后 本规划期内不再申请（吸收态）（无条文依据，依 2026-09 规划局实务答复）  建设年限 {1: 5, 2: 5, 3: 5, 5: 5}  折现率 0.95
批准率 (0.174, 0.212, 0.239, 0.277, 0.179)  资金口径 staged（立项付 20%，余额实施期内按年等额；Cost 按支付年计入）
分母缓存键 V3E2DAY1-52-53-55-5T15X26MS02
决策期 T=15  评价期 T_eval=26  配额 3  排序键 alpha=0.5

myopic      立项  38.2  期内完工  11.6  全期完工  25.4  失效  12.8  用款   15620  期内交付率 30.4%
greedy_crh  立项  15.0  期内完工   9.0  全期完工   9.2  失效   5.8  用款    4490  期内交付率 60.0%
frontload   立项  15.0  期内完工   9.0  全期完工   9.2  失效   5.8  用款    4490  期内交付率 60.0%
evenspread  立项  15.0  期内完工   4.4  全期完工  10.0  失效   5.0  用款   11420  期内交付率 29.3%
backload    立项  14.0  期内完工   0.0  全期完工   8.2  失效   5.8  用款    5870  期内交付率  0.0%
oracle      立项  22.0  期内完工  22.0  全期完工  22.0  失效   0.0  用款    7200  期内交付率 100.0%

自查（一律以**期内完工** n_done_T 判定）：
  通过  (a) oracle 期内完工 >= 其余所有策略：oracle=22.0，其余最大=11.6（myopic）
  不成立  (b) greedy_crh 期内完工 >= myopic：greedy_crh=9.0，myopic=11.6
  通过  (c) backload 期内完工 <= frontload：frontload=9.0，backload=0.0
  通过  myopic 相对 oracle 的期内完工缺口：10.4 个（myopic 11.6 vs oracle 22.0，相当于 oracle 的 47%）

已写出 data/processed/gm_dataset_v1/exp_v15/staged/baseline/baselines.csv
