### 主扫描  2026-09-15 06:25:46
35 个运行 × 400 迭代 × 8 回合  并行 35
年度预算 900（结转上限 1×）  配额 3  容积率年增 0%
有效期 3+2 年  失效后 本规划期内不再申请（吸收态）（无条文依据，依 2026-09 规划局实务答复）  建设年限 {1: 5, 2: 5, 3: 5, 5: 5}  折现率 0.95
批准率 (0.174, 0.212, 0.239, 0.277, 0.179)  资金口径 upfront（立项当年全额；Cost 按完工年计入）
分母缓存键 V3E2DAY1-52-53-55-5T15X26
决策期 T=15  评价期 T_eval=26（立项与记分分离）
分母 data/processed/gm_dataset_v1/scale_v2/fixed_B900_C1_GSET0-0.1_V3E2DAY1-52-53-55-5T15X26_R9FX1.json（情景集合包络 G∈(0.0, 0.1)）
[1/35] a=1.0 s=3 2842s 立项=23.0 Floor=3.55e+06
[2/35] a=0.85 s=4 2848s 立项=23.0 Floor=3.67e+06
[3/35] a=0.3 s=1 2854s 立项=15.0 Floor=3.62e+06
[4/35] a=0.3 s=3 2874s 立项=20.0 Floor=3.65e+06
[5/35] a=0.0 s=3 2898s 立项=15.0 Floor=3.8e+06
[6/35] a=0.15 s=4 2906s 立项=29.0 Floor=3.77e+06
[7/35] a=0.0 s=1 2908s 立项=19.0 Floor=3.83e+06
[8/35] a=0.7 s=1 2910s 立项=26.0 Floor=3.58e+06
[9/35] a=1.0 s=1 2913s 立项=24.0 Floor=3.86e+06
[10/35] a=0.85 s=2 2988s 立项=24.0 Floor=3.44e+06
[11/35] a=0.85 s=1 3086s 立项=18.0 Floor=3.69e+06
[12/35] a=0.0 s=0 3200s 立项=15.0 Floor=3.62e+06
[13/35] a=0.0 s=2 3229s 立项=17.0 Floor=3.71e+06
[14/35] a=0.7 s=2 3236s 立项=24.0 Floor=3.9e+06
[15/35] a=0.15 s=2 3241s 立项=15.0 Floor=3.8e+06
[16/35] a=0.15 s=0 3267s 立项=15.0 Floor=3.62e+06
[17/35] a=1.0 s=4 3282s 立项=24.0 Floor=4.09e+06
[18/35] a=0.3 s=0 3283s 立项=15.0 Floor=3.8e+06
[19/35] a=0.85 s=3 3286s 立项=25.0 Floor=3.79e+06
[20/35] a=0.5 s=3 3299s 立项=19.0 Floor=3.38e+06
[21/35] a=0.3 s=2 3302s 立项=15.0 Floor=3.38e+06
[22/35] a=0.5 s=2 3305s 立项=15.0 Floor=3.49e+06
[23/35] a=0.15 s=3 3306s 立项=15.0 Floor=3.8e+06
[24/35] a=0.7 s=4 3307s 立项=24.0 Floor=3.96e+06
[25/35] a=0.85 s=0 3313s 立项=25.0 Floor=3.93e+06
[26/35] a=0.3 s=4 3315s 立项=15.0 Floor=3.96e+06
[27/35] a=0.5 s=4 3317s 立项=23.0 Floor=3.19e+06
[28/35] a=0.5 s=1 3318s 立项=15.0 Floor=3.49e+06
[29/35] a=0.0 s=4 3331s 立项=15.0 Floor=3.62e+06
[30/35] a=1.0 s=2 3333s 立项=26.0 Floor=3.7e+06
[31/35] a=0.5 s=0 3340s 立项=15.0 Floor=3.49e+06
[32/35] a=1.0 s=0 3341s 立项=24.0 Floor=3.71e+06
[33/35] a=0.15 s=1 3350s 立项=15.0 Floor=3.62e+06
[34/35] a=0.7 s=0 3375s 立项=24.0 Floor=3.38e+06
[35/35] a=0.7 s=3 3385s 立项=15.0 Floor=3.82e+06
已写出 data/processed/gm_dataset_v1/exp_v15/carry1
### 规则基线  2026-09-15 07:22:36
年度预算 900（结转上限 1×）  配额 3  容积率年增 0%
有效期 3+2 年  失效后 本规划期内不再申请（吸收态）（无条文依据，依 2026-09 规划局实务答复）  建设年限 {1: 5, 2: 5, 3: 5, 5: 5}  折现率 0.95
批准率 (0.174, 0.212, 0.239, 0.277, 0.179)  资金口径 upfront（立项当年全额；Cost 按完工年计入）
分母缓存键 V3E2DAY1-52-53-55-5T15X26
决策期 T=15  评价期 T_eval=26  配额 3  排序键 alpha=0.5

myopic      立项  37.0  期内完工   9.2  全期完工  24.0  失效  13.0  用款   12680  期内交付率 24.9%
greedy_crh  立项  13.0  期内完工   7.4  全期完工   7.4  失效   5.6  用款    3880  期内交付率 56.9%
frontload   立项  13.0  期内完工   7.4  全期完工   7.4  失效   5.6  用款    3880  期内交付率 56.9%
evenspread  立项  15.0  期内完工   4.4  全期完工   9.0  失效   6.0  用款    7200  期内交付率 29.3%
backload    立项  13.0  期内完工   0.0  全期完工   7.4  失效   5.6  用款    3880  期内交付率  0.0%
oracle      立项  20.0  期内完工  20.0  全期完工  20.0  失效   0.0  用款    6550  期内交付率 100.0%

自查（一律以**期内完工** n_done_T 判定）：
  通过  (a) oracle 期内完工 >= 其余所有策略：oracle=20.0，其余最大=9.2（myopic）
  不成立  (b) greedy_crh 期内完工 >= myopic：greedy_crh=7.4，myopic=9.2
  通过  (c) backload 期内完工 <= frontload：frontload=7.4，backload=0.0
  通过  myopic 相对 oracle 的期内完工缺口：10.8 个（myopic 9.2 vs oracle 20.0，相当于 oracle 的 54%）

已写出 data/processed/gm_dataset_v1/exp_v15/carry1/baseline/baselines.csv
